Component: ARM Compiler 5.06 update 7 (build 960) Tool: armlink [4d3601]

==============================================================================

Section Cross References

    startup_stm32f401xc.o(STACK) refers (Special) to heapauxi.o(.text) for __use_two_region_memory
    startup_stm32f401xc.o(HEAP) refers (Special) to heapauxi.o(.text) for __use_two_region_memory
    startup_stm32f401xc.o(RESET) refers (Special) to heapauxi.o(.text) for __use_two_region_memory
    startup_stm32f401xc.o(RESET) refers to startup_stm32f401xc.o(STACK) for __initial_sp
    startup_stm32f401xc.o(RESET) refers to startup_stm32f401xc.o(.text) for Reset_Handler
    startup_stm32f401xc.o(RESET) refers to stm32f4xx_it.o(i.NMI_Handler) for NMI_Handler
    startup_stm32f401xc.o(RESET) refers to stm32f4xx_it.o(i.HardFault_Handler) for HardFault_Handler
    startup_stm32f401xc.o(RESET) refers to stm32f4xx_it.o(i.MemManage_Handler) for MemManage_Handler
    startup_stm32f401xc.o(RESET) refers to stm32f4xx_it.o(i.BusFault_Handler) for BusFault_Handler
    startup_stm32f401xc.o(RESET) refers to stm32f4xx_it.o(i.UsageFault_Handler) for UsageFault_Handler
    startup_stm32f401xc.o(RESET) refers to stm32f4xx_it.o(i.SVC_Handler) for SVC_Handler
    startup_stm32f401xc.o(RESET) refers to stm32f4xx_it.o(i.DebugMon_Handler) for DebugMon_Handler
    startup_stm32f401xc.o(RESET) refers to stm32f4xx_it.o(i.PendSV_Handler) for PendSV_Handler
    startup_stm32f401xc.o(RESET) refers to stm32f4xx_it.o(i.SysTick_Handler) for SysTick_Handler
    startup_stm32f401xc.o(.text) refers (Special) to heapauxi.o(.text) for __use_two_region_memory
    startup_stm32f401xc.o(.text) refers to system_stm32f4xx.o(i.SystemInit) for SystemInit
    startup_stm32f401xc.o(.text) refers to __main.o(!!!main) for __main
    startup_stm32f401xc.o(.text) refers to startup_stm32f401xc.o(HEAP) for Heap_Mem
    startup_stm32f401xc.o(.text) refers to startup_stm32f401xc.o(STACK) for Stack_Mem
    main.o(i.Draw_Line) refers to graphics_api.o(i.Graphics_GetTick) for Graphics_GetTick
    main.o(i.Draw_Line) refers to graphics_api.o(i.Graphics_DrawLine) for Graphics_DrawLine
    main.o(i.Draw_Line) refers to main.o(.data) for .data
    main.o(i.Draw_Round) refers to _printf_percent.o(.ARM.Collect$$_printf_percent$$00000000) for _printf_percent
    main.o(i.Draw_Round) refers to _printf_d.o(.ARM.Collect$$_printf_percent$$00000009) for _printf_d
    main.o(i.Draw_Round) refers to _printf_dec.o(.text) for _printf_int_dec
    main.o(i.Draw_Round) refers to graphics_api.o(i.Graphics_GetTick) for Graphics_GetTick
    main.o(i.Draw_Round) refers to noretval__2sprintf.o(.text) for __2sprintf
    main.o(i.Draw_Round) refers to graphics_api.o(i.Graphics_DrawRound) for Graphics_DrawRound
    main.o(i.Draw_Round) refers to graphics_api.o(i.Graphics_ShowString) for Graphics_ShowString
    main.o(i.Draw_Round) refers to main.o(.data) for .data
    main.o(i.Driver_Infor) refers to graphics_api.o(i.Graphics_ShowString) for Graphics_ShowString
    main.o(i.GUI_Infor) refers to graphics_api.o(i.Graphics_ShowString) for Graphics_ShowString
    main.o(i.Graphics_Infor) refers to graphics_api.o(i.Graphics_ShowString) for Graphics_ShowString
    main.o(i.Kernel_Infor) refers to graphics_api.o(i.Graphics_ShowString) for Graphics_ShowString
    main.o(i.PID_Infor) refers to _printf_percent.o(.ARM.Collect$$_printf_percent$$00000000) for _printf_percent
    main.o(i.PID_Infor) refers to _printf_f.o(.ARM.Collect$$_printf_percent$$00000003) for _printf_f
    main.o(i.PID_Infor) refers to printf1.o(x$fpl$printf1) for _printf_fp_dec
    main.o(i.PID_Infor) refers to _printf_d.o(.ARM.Collect$$_printf_percent$$00000009) for _printf_d
    main.o(i.PID_Infor) refers to _printf_dec.o(.text) for _printf_int_dec
    main.o(i.PID_Infor) refers to noretval__2sprintf.o(.text) for __2sprintf
    main.o(i.PID_Infor) refers to graphics_api.o(i.Graphics_ShowString) for Graphics_ShowString
    main.o(i.PID_Infor) refers to graphics_api.o(.bss) for PID_Parameter
    main.o(i.Round_Rect) refers to graphics_api.o(i.Graphics_GetTick) for Graphics_GetTick
    main.o(i.Round_Rect) refers to graphics_api.o(i.Graphics_DrawRoundRect) for Graphics_DrawRoundRect
    main.o(i.Round_Rect) refers to main.o(.data) for .data
    main.o(i.SX_MenuInit) refers to sxgui.o(i.SXGUI_Init) for SXGUI_Init
    main.o(i.SX_MenuInit) refers to sxgui.o(i.SXGUI_CreateMenu) for SXGUI_CreateMenu
    main.o(i.SX_MenuInit) refers to sxgui.o(i.SXGUI_CreateApp) for SXGUI_CreateApp
    main.o(i.SX_MenuInit) refers to sxgui.o(i.SXGUI_RootAddSubMenu) for SXGUI_RootAddSubMenu
    main.o(i.SX_MenuInit) refers to sxgui.o(i.SXGUI_RootAddApp) for SXGUI_RootAddApp
    main.o(i.SX_MenuInit) refers to sxgui.o(i.SXGUI_AddSubMenu) for SXGUI_AddSubMenu
    main.o(i.SX_MenuInit) refers to sxgui.o(i.SXGUI_AddApp) for SXGUI_AddApp
    main.o(i.SX_MenuInit) refers to main.o(i.Draw_Line) for Draw_Line
    main.o(i.SX_MenuInit) refers to main.o(i.Draw_Round) for Draw_Round
[...]
    CL$$btod_e2e                             0x0800148c   Section      220  btod.o(CL$$btod_e2e)
    CL$$btod_ediv                            0x08001568   Section       42  btod.o(CL$$btod_ediv)
    CL$$btod_emul                            0x08001592   Section       42  btod.o(CL$$btod_emul)
    CL$$btod_mult_common                     0x080015bc   Section      580  btod.o(CL$$btod_mult_common)
    i.BusFault_Handler                       0x08001800   Section        0  stm32f4xx_it.o(i.BusFault_Handler)
    i.DebugMon_Handler                       0x08001802   Section        0  stm32f4xx_it.o(i.DebugMon_Handler)
    i.Draw_Line                              0x08001804   Section        0  main.o(i.Draw_Line)
    i.Draw_Round                             0x0800185c   Section        0  main.o(i.Draw_Round)
    i.Driver_Infor                           0x080018cc   Section        0  main.o(i.Driver_Infor)
    i.Error_Handler                          0x080018f4   Section        0  main.o(i.Error_Handler)
    i.GUI_Infor                              0x080018f8   Section        0  main.o(i.GUI_Infor)
    i.GetStrLen                              0x08001918   Section        0  graphics_api.o(i.GetStrLen)
    i.Graphics_Bokeh                         0x08001938   Section        0  graphics_api.o(i.Graphics_Bokeh)
    i.Graphics_Check                         0x08001974   Section        0  graphics_api.o(i.Graphics_Check)
    i.Graphics_Clear                         0x08001980   Section        0  graphics_api.o(i.Graphics_Clear)
    i.Graphics_Display                       0x0800198c   Section        0  graphics_api.o(i.Graphics_Display)
    i.Graphics_DrawLine                      0x0800199c   Section        0  graphics_api.o(i.Graphics_DrawLine)
    i.Graphics_DrawPoint                     0x08001b04   Section        0  graphics_api.o(i.Graphics_DrawPoint)
    i.Graphics_DrawQuarterRound              0x08001b10   Section        0  graphics_api.o(i.Graphics_DrawQuarterRound)
    i.Graphics_DrawRect                      0x08001d76   Section        0  graphics_api.o(i.Graphics_DrawRect)
    i.Graphics_DrawRound                     0x08001e14   Section        0  graphics_api.o(i.Graphics_DrawRound)
    i.Graphics_DrawRoundRect                 0x08002062   Section        0  graphics_api.o(i.Graphics_DrawRoundRect)
    i.Graphics_GetTick                       0x08002194   Section        0  graphics_api.o(i.Graphics_GetTick)
    i.Graphics_Infor                         0x08002198   Section        0  main.o(i.Graphics_Infor)
    i.Graphics_Init                          0x080021c4   Section        0  graphics_api.o(i.Graphics_Init)
    i.Graphics_ListChoose                    0x080021d4   Section        0  graphics_api.o(i.Graphics_ListChoose)
    i.Graphics_Mapping                       0x08002300   Section        0  graphics_api.o(i.Graphics_Mapping)
    i.Graphics_PID                           0x08002314   Section        0  graphics_api.o(i.Graphics_PID)
    i.Graphics_ShowChar                      0x0800247c   Section        0  graphics_api.o(i.Graphics_ShowChar)
    i.Graphics_ShowList                      0x08002494   Section        0  graphics_api.o(i.Graphics_ShowList)
    i.Graphics_ShowString                    0x0800258c   Section        0  graphics_api.o(i.Graphics_ShowString)
    i.Graphics_UpDateToGRAM                  0x080025ec   Section        0  graphics_api.o(i.Graphics_UpDateToGRAM)
    i.HAL_Delay                              0x08002600   Section        0  stm32f4xx_hal.o(i.HAL_Delay)
    i.HAL_GPIO_Init                          0x08002624   Section        0  stm32f4xx_hal_gpio.o(i.HAL_GPIO_Init)
    i.HAL_GPIO_ReadPin                       0x08002804   Section        0  stm32f4xx_hal_gpio.o(i.HAL_GPIO_ReadPin)
    i.HAL_GPIO_WritePin                      0x0800280e   Section        0  stm32f4xx_hal_gpio.o(i.HAL_GPIO_WritePin)
    i.HAL_GetTick                            0x08002818   Section        0  stm32f4xx_hal.o(i.HAL_GetTick)
    i.HAL_IncTick                            0x08002824   Section        0  stm32f4xx_hal.o(i.HAL_IncTick)
    i.HAL_Init                               0x08002834   Section        0  stm32f4xx_hal.o(i.HAL_Init)
    i.HAL_InitTick                           0x08002868   Section        0  stm32f4xx_hal.o(i.HAL_InitTick)
    i.HAL_MspInit                            0x080028a8   Section        0  stm32f4xx_hal_msp.o(i.HAL_MspInit)
    i.HAL_NVIC_SetPriority                   0x080028d8   Section        0  stm32f4xx_hal_cortex.o(i.HAL_NVIC_SetPriority)
    i.HAL_NVIC_SetPriorityGrouping           0x08002918   Section        0  stm32f4xx_hal_cortex.o(i.HAL_NVIC_SetPriorityGrouping)
    i.HAL_RCC_ClockConfig                    0x0800293c   Section        0  stm32f4xx_hal_rcc.o(i.HAL_RCC_ClockConfig)
    i.HAL_RCC_GetSysClockFreq                0x08002a70   Section        0  stm32f4xx_hal_rcc.o(i.HAL_RCC_GetSysClockFreq)
    i.HAL_RCC_OscConfig                      0x08002ad0   Section        0  stm32f4xx_hal_rcc.o(i.HAL_RCC_OscConfig)
    i.HAL_SPI_Init                           0x08002e3c   Section        0  stm32f4xx_hal_spi.o(i.HAL_SPI_Init)
    i.HAL_SPI_MspInit                        0x08002ef8   Section        0  spi.o(i.HAL_SPI_MspInit)
    i.HAL_SPI_Transmit                       0x08002f60   Section        0  stm32f4xx_hal_spi.o(i.HAL_SPI_Transmit)
    i.HAL_SYSTICK_Config                     0x080030ce   Section        0  stm32f4xx_hal_cortex.o(i.HAL_SYSTICK_Config)
    i.HardFault_Handler                      0x080030f6   Section        0  stm32f4xx_it.o(i.HardFault_Handler)
    i.Kernel_Infor                           0x080030f8   Section        0  main.o(i.Kernel_Infor)
    i.MX_GPIO_Init                           0x08003120   Section        0  gpio.o(i.MX_GPIO_Init)
    i.MX_SPI1_Init                           0x080031c8   Section        0  spi.o(i.MX_SPI1_Init)
    i.MemManage_Handler                      0x0800320c   Section        0  stm32f4xx_it.o(i.MemManage_Handler)
    i.NMI_Handler                            0x0800320e   Section        0  stm32f4xx_it.o(i.NMI_Handler)
    i.OLED_Clear                             0x08003210   Section        0  oled.o(i.OLED_Clear)
    i.OLED_DrawPoint                         0x08003254   Section        0  oled.o(i.OLED_DrawPoint)
    i.OLED_DrawQuarterRound                  0x080032a0   Section        0  oled.o(i.OLED_DrawQuarterRound)
    i.OLED_GRAM_Transmit                     0x080033d8   Section        0  oled.o(i.OLED_GRAM_Transmit)
    i.OLED_Grating_Count                     0x080033e4   Section        0  oled.o(i.OLED_Grating_Count)
    i.OLED_Init                              0x08003414   Section        0  oled.o(i.OLED_Init)
    i.OLED_Negation                          0x080034e8   Section        0  oled.o(i.OLED_Negation)
    i.OLED_ShowBMP                           0x08003638   Section        0  oled.o(i.OLED_ShowBMP)
    i.OLED_ShowChar                          0x08003920   Section        0  oled.o(i.OLED_ShowChar)
    i.OLED_UpDateToGRAM                      0x08003c94   Section        0  oled.o(i.OLED_UpDateToGRAM)
    i.OLED_WR_CMD                            0x08003cc0   Section        0  oled.o(i.OLED_WR_CMD)
    i.OLED_WR_Data                           0x08003cf8   Section        0  oled.o(i.OLED_WR_Data)
    i.PID_Infor                              0x08003d34   Section        0  main.o(i.PID_Infor)
    i.PendSV_Handler                         0x08003e18   Section        0  stm32f4xx_it.o(i.PendSV_Handler)
    i.Round_Rect                             0x08003e1c   Section        0  main.o(i.Round_Rect)
    i.SPI_EndRxTxTransaction                 0x08003ed0   Section        0  stm32f4xx_hal_spi.o(i.SPI_EndRxTxTransaction)
    SPI_EndRxTxTransaction                   0x08003ed1   Thumb Code    98  stm32f4xx_hal_spi.o(i.SPI_EndRxTxTransaction)
    i.SPI_WaitFlagStateUntilTimeout          0x08003f3c   Section        0  stm32f4xx_hal_spi.o(i.SPI_WaitFlagStateUntilTimeout)
    SPI_WaitFlagStateUntilTimeout            0x08003f3d   Thumb Code   180  stm32f4xx_hal_spi.o(i.SPI_WaitFlagStateUntilTimeout)
    i.SVC_Handler                            0x08003ff4   Section        0  stm32f4xx_it.o(i.SVC_Handler)
    i.SXGUI_AddApp                           0x08003ff6   Section        0  sxgui.o(i.SXGUI_AddApp)
    i.SXGUI_AddSubMenu                       0x0800401a   Section        0  sxgui.o(i.SXGUI_AddSubMenu)
    i.SXGUI_CreateApp                        0x0800403e   Section        0  sxgui.o(i.SXGUI_CreateApp)
    i.SXGUI_CreateMenu                       0x08004050   Section        0  sxgui.o(i.SXGUI_CreateMenu)
    i.SXGUI_CreateRoot                       0x08004060   Section        0  sxgui.o(i.SXGUI_CreateRoot)
    i.SXGUI_Init                             0x08004080   Section        0  sxgui.o(i.SXGUI_Init)
    i.SXGUI_Interface                        0x08004094   Section        0  sxgui.o(i.SXGUI_Interface)
    i.SXGUI_Main                             0x080040dc   Section        0  sxgui.o(i.SXGUI_Main)
    i.SXGUI_RootAddApp                       0x080042d0   Section        0  sxgui.o(i.SXGUI_RootAddApp)
    i.SXGUI_RootAddSubMenu                   0x080042fc   Section        0  sxgui.o(i.SXGUI_RootAddSubMenu)
    i.SX_MenuInit                            0x08004328   Section        0  main.o(i.SX_MenuInit)
    i.Scan_Key                               0x080044b0   Section        0  main.o(i.Scan_Key)
    i.SysTick_Handler                        0x080045e8   Section        0  stm32f4xx_it.o(i.SysTick_Handler)
    i.SystemClock_Config                     0x080045ec   Section        0  main.o(i.SystemClock_Config)
    i.SystemInit                             0x08004680   Section        0  system_stm32f4xx.o(i.SystemInit)
    i.UsageFault_Handler                     0x08004690   Section        0  stm32f4xx_it.o(i.UsageFault_Handler)
    i.Writer_Infor                           0x08004694   Section        0  main.o(i.Writer_Infor)
    i.__ARM_fpclassify                       0x08004754   Section        0  fpclassify.o(i.__ARM_fpclassify)
    i.__ARM_fpclassifyf                      0x08004784   Section        0  fpclassifyf.o(i.__ARM_fpclassifyf)
    i.__NVIC_SetPriority                     0x080047aa   Section        0  stm32f4xx_hal_cortex.o(i.__NVIC_SetPriority)
    __NVIC_SetPriority                       0x080047ab   Thumb Code    32  stm32f4xx_hal_cortex.o(i.__NVIC_SetPriority)
    i.__hardfp_powf                          0x080047cc   Section        0  powf.o(i.__hardfp_powf)
    i.__mathlib_flt_divzero                  0x08004e30   Section        0  funder.o(i.__mathlib_flt_divzero)
    i.__mathlib_flt_infnan2                  0x08004e44   Section        0  funder.o(i.__mathlib_flt_infnan2)
    i.__mathlib_flt_invalid                  0x08004e4c   Section        0  funder.o(i.__mathlib_flt_invalid)
    i.__mathlib_flt_overflow                 0x08004e5c   Section        0  funder.o(i.__mathlib_flt_overflow)
    i.__mathlib_flt_underflow                0x08004e6c   Section        0  funder.o(i.__mathlib_flt_underflow)
    i._is_digit                              0x08004e7c   Section        0  __printf_wp.o(i._is_digit)
    i.main                                   0x08004e8c   Section        0  main.o(i.main)
    locale$$code                             0x08004f10   Section       44  lc_numeric_c.o(locale$$code)
    x$fpl$dadd                               0x08004f3c   Section      336  daddsub_clz.o(x$fpl$dadd)
    $v0                                      0x08004f3c   Number         0  daddsub_clz.o(x$fpl$dadd)
    _dadd1                                   0x08004f4d   Thumb Code     0  daddsub_clz.o(x$fpl$dadd)
    x$fpl$dcmpinf                            0x0800508c   Section       24  dcmpi.o(x$fpl$dcmpinf)
    $v0                                      0x0800508c   Number         0  dcmpi.o(x$fpl$dcmpinf)
    x$fpl$ddiv                               0x080050a4   Section      688  ddiv.o(x$fpl$ddiv)
    $v0                                      0x080050a4   Number         0  ddiv.o(x$fpl$ddiv)
    ddiv_entry                               0x080050ab   Thumb Code     0  ddiv.o(x$fpl$ddiv)
    x$fpl$dfix                               0x08005354   Section       94  dfix.o(x$fpl$dfix)
    $v0                                      0x08005354   Number         0  dfix.o(x$fpl$dfix)
    x$fpl$dflt                               0x080053b2   Section       46  dflt_clz.o(x$fpl$dflt)
    $v0                                      0x080053b2   Number         0  dflt_clz.o(x$fpl$dflt)
    x$fpl$dleqf                              0x080053e0   Section      120  dleqf.o(x$fpl$dleqf)
    $v0                                      0x080053e0   Number         0  dleqf.o(x$fpl$dleqf)
    x$fpl$dmul                               0x08005458   Section      340  dmul.o(x$fpl$dmul)
    $v0                                      0x08005458   Number         0  dmul.o(x$fpl$dmul)
    x$fpl$dnaninf                            0x080055ac   Section      156  dnaninf.o(x$fpl$dnaninf)
    $v0                                      0x080055ac   Number         0  dnaninf.o(x$fpl$dnaninf)
    x$fpl$dretinf                            0x08005648   Section       12  dretinf.o(x$fpl$dretinf)
    $v0                                      0x08005648   Number         0  dretinf.o(x$fpl$dretinf)
    x$fpl$drleqf                             0x08005654   Section      108  drleqf.o(x$fpl$drleqf)
    $v0                                      0x08005654   Number         0  drleqf.o(x$fpl$drleqf)
    x$fpl$dsub                               0x080056c0   Section      468  daddsub_clz.o(x$fpl$dsub)
    $v0                                      0x080056c0   Number         0  daddsub_clz.o(x$fpl$dsub)
    _dsub1                                   0x080056d1   Thumb Code     0  daddsub_clz.o(x$fpl$dsub)
    x$fpl$fpinit                             0x08005894   Section       10  fpinit.o(x$fpl$fpinit)
    $v0                                      0x08005894   Number         0  fpinit.o(x$fpl$fpinit)
    x$fpl$printf1                            0x0800589e   Section        4  printf1.o(x$fpl$printf1)
    $v0                                      0x0800589e   Number         0  printf1.o(x$fpl$printf1)
    .constdata                               0x080058a2   Section       16  system_stm32f4xx.o(.constdata)
    x$fpl$usenofp                            0x080058a2   Section        0  usenofp.o(x$fpl$usenofp)
    .constdata                               0x080058b2   Section      576  oled.o(.constdata)
    .constdata                               0x08005af2   Section     1520  oled.o(.constdata)
    .constdata                               0x080060e2   Section      480  oled.o(.constdata)
    Font16                                   0x080060e2   Data         480  oled.o(.constdata)
    .constdata                               0x080062c4   Section      320  powf.o(.constdata)
    table                                    0x080062c4   Data         128  powf.o(.constdata)
    powersof2to1over16top                    0x08006344   Data          64  powf.o(.constdata)
    powersof2to1over16bot                    0x08006384   Data          64  powf.o(.constdata)
    powersof2to1over16all                    0x080063c4   Data          64  powf.o(.constdata)
    .constdata                               0x08006404   Section      148  bigflt0.o(.constdata)
    tenpwrs_x                                0x08006404   Data          60  bigflt0.o(.constdata)
    tenpwrs_i                                0x08006440   Data          64  bigflt0.o(.constdata)
    .conststring                             0x08006498   Section       60  oled.o(.conststring)
    locale$$data                             0x080064f4   Section       28  lc_numeric_c.o(locale$$data)
    __lcnum_c_name                           0x080064f8   Data           2  lc_numeric_c.o(locale$$data)
    __lcnum_c_start                          0x08006500   Data           0  lc_numeric_c.o(locale$$data)
    __lcnum_c_point                          0x0800650c   Data           0  lc_numeric_c.o(locale$$data)
    __lcnum_c_thousands                      0x0800650e   Data           0  lc_numeric_c.o(locale$$data)
    __lcnum_c_grouping                       0x0800650f   Data           0  lc_numeric_c.o(locale$$data)
    __lcnum_c_end                            0x08006510   Data           0  lc_numeric_c.o(locale$$data)
    .data                                    0x20000000   Section       44  main.o(.data)
    flag                                     0x20000000   Data           1  main.o(.data)
    flag                                     0x20000001   Data           1  main.o(.data)
    CB                                       0x20000002   Data           1  main.o(.data)
    tick                                     0x20000004   Data           4  main.o(.data)
    i                                        0x20000008   Data           4  main.o(.data)
    tick                                     0x2000000c   Data           4  main.o(.data)
    i                                        0x20000010   Data           4  main.o(.data)
    tick                                     0x20000014   Data           4  main.o(.data)
    width                                    0x20000018   Data           4  main.o(.data)
    tick                                     0x2000001c   Data           4  main.o(.data)
    tick                                     0x20000020   Data           4  main.o(.data)
    Last                                     0x20000024   Data           8  main.o(.data)
    .data                                    0x2000002c   Section       12  stm32f4xx_hal.o(.data)
    .data                                    0x20000038   Section        4  system_stm32f4xx.o(.data)
    .data                                    0x2000003c   Section       28  sxgui.o(.data)
    Success_flag                             0x2000003c   Data           1  sxgui.o(.data)
    RunApp                                   0x2000003d   Data           1  sxgui.o(.data)
    init_flag                                0x2000003e   Data           1  sxgui.o(.data)
    option                                   0x20000040   Data           4  sxgui.o(.data)
    tick                                     0x20000044   Data           4  sxgui.o(.data)
    .data                                    0x20000058   Section       48  graphics_api.o(.data)
    pid_tick                                 0x2000005c   Data           4  graphics_api.o(.data)
    integral                                 0x20000060   Data           8  graphics_api.o(.data)
    LastError                                0x20000068   Data           8  graphics_api.o(.data)
    L_integral                               0x20000070   Data           8  graphics_api.o(.data)
    L_LastError                              0x20000078   Data           8  graphics_api.o(.data)
    OUTPUT                                   0x20000080   Data           8  graphics_api.o(.data)
    .data                                    0x20000088   Section       68  oled.o(.data)
    Index                                    0x20000090   Data          60  oled.o(.data)
    .bss                                     0x200000cc   Section       16  main.o(.bss)
    ShakeFree                                0x200000cc   Data          16  main.o(.bss)
    .bss                                     0x200000dc   Section       88  spi.o(.bss)
    .bss                                     0x20000138   Section     1064  graphics_api.o(.bss)
    .bss                                     0x20000560   Section     3459  oled.o(.bss)
    .bss                                     0x200012e4   Section       96  libspace.o(.bss)
    HEAP                                     0x20001348   Section      512  startup_stm32f401xc.o(HEAP)
    Heap_Mem                                 0x20001348   Data         512  startup_stm32f401xc.o(HEAP)
    STACK                                    0x20001548   Section     1024  startup_stm32f401xc.o(STACK)
    Stack_Mem                                0x20001548   Data        1024  startup_stm32f401xc.o(STACK)
    __initial_sp                             0x20001948   Data           0  startup_stm32f401xc.o(STACK)

    Global Symbols

    Symbol Name                              Value     Ov Type        Size  Object(Section)

    BuildAttributes$$THM_ISAv4$E$P$D$K$B$S$7EM$VFPi3$EXTD16$VFPS$VFMA$PE$A:L22UL41UL21$X:L11$S22US41US21$IEEE1$IW$USESV6$~STKCKD$USESV7$~SHL$OTIME$ROPI$IEEEX$EBA8$UX$STANDARDLIB$REQ8$PRES8$EABIv2 0x00000000   Number         0  anon$$obj.o ABSOLUTE
    __ARM_use_no_argv                        0x00000000   Number         0  main.o ABSOLUTE
    _printf_flags                            0x00000000   Number         0  printf_stubs.o ABSOLUTE
    _printf_return_value                     0x00000000   Number         0  printf_stubs.o ABSOLUTE
    _printf_sizespec                         0x00000000   Number         0  printf_stubs.o ABSOLUTE
    _printf_widthprec                        0x00000000   Number         0  printf_stubs.o ABSOLUTE
    __ARM_exceptions_init                     - Undefined Weak Reference
    __alloca_initialize                       - Undefined Weak Reference
    __arm_fini_                               - Undefined Weak Reference
    __arm_preinit_                            - Undefined Weak Reference
    __cpp_initialize__aeabi_                  - Undefined Weak Reference
    __cxa_finalize                            - Undefined Weak Reference
    __sigvec_lookup                           - Undefined Weak Reference
    __user_heap_extent                        - Undefined Weak Reference
    _atexit_init                              - Undefined Weak Reference
    _call_atexit_fns                          - Undefined Weak Reference
    _clock_init                               - Undefined Weak Reference
    _fp_trap_init                             - Undefined Weak Reference
    _fp_trap_shutdown                         - Undefined Weak Reference
    _get_lc_collate                           - Undefined Weak Reference
    _get_lc_ctype                             - Undefined Weak Reference
    _get_lc_monetary                          - Undefined Weak Reference
    _get_lc_time                              - Undefined Weak Reference
    _getenv_init                              - Undefined Weak Reference
    _handle_redirection                       - Undefined Weak Reference
    _initio                                   - Undefined Weak Reference
    _mutex_acquire                            - Undefined Weak Reference
    _mutex_free                               - Undefined Weak Reference
    _mutex_release                            - Undefined Weak Reference
    _printf_post_padding                      - Undefined Weak Reference
    _printf_pre_padding                       - Undefined Weak Reference
    _printf_truncate_signed                   - Undefined Weak Reference
    _printf_truncate_unsigned                 - Undefined Weak Reference
    _rand_init                                - Undefined Weak Reference
    _signal_finish                            - Undefined Weak Reference
    _signal_init                              - Undefined Weak Reference
    _terminateio                              - Undefined Weak Reference
    __Vectors_Size                           0x00000194   Number         0  startup_stm32f401xc.o ABSOLUTE
    __Vectors                                0x08000000   Data           4  startup_stm32f401xc.o(RESET)
    __Vectors_End                            0x08000194   Data           0  startup_stm32f401xc.o(RESET)
    __main                                   0x08000195   Thumb Code     8  __main.o(!!!main)
    __scatterload                            0x0800019d   Thumb Code     0  __scatter.o(!!!scatter)
    __scatterload_rt2                        0x0800019d   Thumb Code    44  __scatter.o(!!!scatter)
    __scatterload_rt2_thumb_only             0x0800019d   Thumb Code     0  __scatter.o(!!!scatter)
    __scatterload_null                       0x080001ab   Thumb Code     0  __scatter.o(!!!scatter)
    __scatterload_copy                       0x080001d1   Thumb Code    26  __scatter_copy.o(!!handler_copy)
    __scatterload_zeroinit                   0x080001ed   Thumb Code    28  __scatter_zi.o(!!handler_zi)
    _printf_f                                0x08000209   Thumb Code     0  _printf_f.o(.ARM.Collect$$_printf_percent$$00000003)
    _printf_percent                          0x08000209   Thumb Code     0  _printf_percent.o(.ARM.Collect$$_printf_percent$$00000000)
    _printf_d                                0x0800020f   Thumb Code     0  _printf_d.o(.ARM.Collect$$_printf_percent$$00000009)
    _printf_percent_end                      0x08000215   Thumb Code     0  _printf_percent_end.o(.ARM.Collect$$_printf_percent$$00000017)
    __rt_lib_init                            0x08000219   Thumb Code     0  libinit.o(.ARM.Collect$$libinit$$00000000)
    __rt_lib_init_fp_1                       0x0800021b   Thumb Code     0  libinit2.o(.ARM.Collect$$libinit$$00000001)
    __rt_lib_init_heap_2                     0x0800021f   Thumb Code     0  libinit2.o(.ARM.Collect$$libinit$$00000005)
    __rt_lib_init_preinit_1                  0x0800021f   Thumb Code     0  libinit2.o(.ARM.Collect$$libinit$$00000004)
    __rt_lib_init_heap_1                     0x08000227   Thumb Code     0  libinit2.o(.ARM.Collect$$libinit$$0000000A)
    __rt_lib_init_lc_common                  0x08000227   Thumb Code     0  libinit2.o(.ARM.Collect$$libinit$$0000000F)
    __rt_lib_init_rand_1                     0x08000227   Thumb Code     0  libinit2.o(.ARM.Collect$$libinit$$0000000E)
    __rt_lib_init_user_alloc_1               0x08000227   Thumb Code     0  libinit2.o(.ARM.Collect$$libinit$$0000000C)
    __rt_lib_init_lc_collate_1               0x0800022d   Thumb Code     0  libinit2.o(.ARM.Collect$$libinit$$00000011)
    __rt_lib_init_lc_ctype_1                 0x0800022d   Thumb Code     0  libinit2.o(.ARM.Collect$$libinit$$00000013)
    __rt_lib_init_lc_monetary_1              0x0800022d   Thumb Code     0  libinit2.o(.ARM.Collect$$libinit$$00000015)
    __rt_lib_init_lc_numeric_2               0x0800022d   Thumb Code     0  libinit2.o(.ARM.Collect$$libinit$$00000016)
    __rt_lib_init_alloca_1                   0x08000237   Thumb Code     0  libinit2.o(.ARM.Collect$$libinit$$0000002E)
    __rt_lib_init_argv_1                     0x08000237   Thumb Code     0  libinit2.o(.ARM.Collect$$libinit$$0000002C)
    __rt_lib_init_atexit_1                   0x08000237   Thumb Code     0  libinit2.o(.ARM.Collect$$libinit$$0000001B)
    __rt_lib_init_clock_1                    0x08000237   Thumb Code     0  libinit2.o(.ARM.Collect$$libinit$$00000021)
    __rt_lib_init_cpp_1                      0x08000237   Thumb Code     0  libinit2.o(.ARM.Collect$$libinit$$00000032)
    __rt_lib_init_exceptions_1               0x08000237   Thumb Code     0  libinit2.o(.ARM.Collect$$libinit$$00000030)
    __rt_lib_init_fp_trap_1                  0x08000237   Thumb Code     0  libinit2.o(.ARM.Collect$$libinit$$0000001F)
    __rt_lib_init_getenv_1                   0x08000237   Thumb Code     0  libinit2.o(.ARM.Collect$$libinit$$00000023)
    __rt_lib_init_lc_numeric_1               0x08000237   Thumb Code     0  libinit2.o(.ARM.Collect$$libinit$$00000017)
    __rt_lib_init_lc_time_1                  0x08000237   Thumb Code     0  libinit2.o(.ARM.Collect$$libinit$$00000019)
    __rt_lib_init_return                     0x08000237   Thumb Code     0  libinit2.o(.ARM.Collect$$libinit$$00000033)
    __rt_lib_init_signal_1                   0x08000237   Thumb Code     0  libinit2.o(.ARM.Collect$$libinit$$0000001D)
    __rt_lib_init_stdio_1                    0x08000237   Thumb Code     0  libinit2.o(.ARM.Collect$$libinit$$00000025)
    __rt_lib_shutdown                        0x08000239   Thumb Code     0  libshutdown.o(.ARM.Collect$$libshutdown$$00000000)
    __rt_lib_shutdown_cpp_1                  0x0800023b   Thumb Code     0  libshutdown2.o(.ARM.Collect$$libshutdown$$00000004)
    __rt_lib_shutdown_fini_1                 0x0800023b   Thumb Code     0  libshutdown2.o(.ARM.Collect$$libshutdown$$00000002)
    __rt_lib_shutdown_fp_trap_1              0x0800023b   Thumb Code     0  libshutdown2.o(.ARM.Collect$$libshutdown$$00000009)
    __rt_lib_shutdown_heap_1                 0x0800023b   Thumb Code     0  libshutdown2.o(.ARM.Collect$$libshutdown$$00000011)
    __rt_lib_shutdown_return                 0x0800023b   Thumb Code     0  libshutdown2.o(.ARM.Collect$$libshutdown$$00000012)
    __rt_lib_shutdown_signal_1               0x0800023b   Thumb Code     0  libshutdown2.o(.ARM.Collect$$libshutdown$$0000000C)
    __rt_lib_shutdown_stdio_1                0x0800023b   Thumb Code     0  libshutdown2.o(.ARM.Collect$$libshutdown$$00000006)
    __rt_lib_shutdown_user_alloc_1           0x0800023b   Thumb Code     0  libshutdown2.o(.ARM.Collect$$libshutdown$$0000000E)
    __rt_entry                               0x0800023d   Thumb Code     0  __rtentry.o(.ARM.Collect$$rtentry$$00000000)
    __rt_entry_presh_1                       0x0800023d   Thumb Code     0  __rtentry2.o(.ARM.Collect$$rtentry$$00000002)
    __rt_entry_sh                            0x0800023d   Thumb Code     0  __rtentry4.o(.ARM.Collect$$rtentry$$00000004)
    __rt_entry_li                            0x08000243   Thumb Code     0  __rtentry2.o(.ARM.Collect$$rtentry$$0000000A)
    __rt_entry_postsh_1                      0x08000243   Thumb Code     0  __rtentry2.o(.ARM.Collect$$rtentry$$00000009)
    __rt_entry_main                          0x08000247   Thumb Code     0  __rtentry2.o(.ARM.Collect$$rtentry$$0000000D)
    __rt_entry_postli_1                      0x08000247   Thumb Code     0  __rtentry2.o(.ARM.Collect$$rtentry$$0000000C)
    __rt_exit                                0x0800024f   Thumb Code     0  rtexit.o(.ARM.Collect$$rtexit$$00000000)
    __rt_exit_ls                             0x08000251   Thumb Code     0  rtexit2.o(.ARM.Collect$$rtexit$$00000003)
    __rt_exit_prels_1                        0x08000251   Thumb Code     0  rtexit2.o(.ARM.Collect$$rtexit$$00000002)
    __rt_exit_exit                           0x08000255   Thumb Code     0  rtexit2.o(.ARM.Collect$$rtexit$$00000004)
    Reset_Handler                            0x0800025d   Thumb Code     8  startup_stm32f401xc.o(.text)
    _maybe_terminate_alloc                   0x0800025d   Thumb Code     0  maybetermalloc1.o(.emb_text)
    ADC_IRQHandler                           0x08000277   Thumb Code     0  startup_stm32f401xc.o(.text)
    DMA1_Stream0_IRQHandler                  0x08000277   Thumb Code     0  startup_stm32f401xc.o(.text)
    DMA1_Stream1_IRQHandler                  0x08000277   Thumb Code     0  startup_stm32f401xc.o(.text)
    DMA1_Stream2_IRQHandler                  0x08000277   Thumb Code     0  startup_stm32f401xc.o(.text)
    DMA1_Stream3_IRQHandler                  0x08000277   Thumb Code     0  startup_stm32f401xc.o(.text)
    DMA1_Stream4_IRQHandler                  0x08000277   Thumb Code     0  startup_stm32f401xc.o(.text)
    DMA1_Stream5_IRQHandler                  0x08000277   Thumb Code     0  startup_stm32f401xc.o(.text)
    DMA1_Stream6_IRQHandler                  0x08000277   Thumb Code     0  startup_stm32f401xc.o(.text)
    DMA1_Stream7_IRQHandler                  0x08000277   Thumb Code     0  startup_stm32f401xc.o(.text)
    DMA2_Stream0_IRQHandler                  0x08000277   Thumb Code     0  startup_stm32f401xc.o(.text)
    DMA2_Stream1_IRQHandler                  0x08000277   Thumb Code     0  startup_stm32f401xc.o(.text)
    DMA2_Stream2_IRQHandler                  0x08000277   Thumb Code     0  startup_stm32f401xc.o(.text)
    DMA2_Stream3_IRQHandler                  0x08000277   Thumb Code     0  startup_stm32f401xc.o(.text)
    DMA2_Stream4_IRQHandler                  0x08000277   Thumb Code     0  startup_stm32f401xc.o(.text)
    DMA2_Stream5_IRQHandler                  0x08000277   Thumb Code     0  startup_stm32f401xc.o(.text)
    DMA2_Stream6_IRQHandler                  0x08000277   Thumb Code     0  startup_stm32f401xc.o(.text)
    DMA2_Stream7_IRQHandler                  0x08000277   Thumb Code     0  startup_stm32f401xc.o(.text)
    EXTI0_IRQHandler                         0x08000277   Thumb Code     0  startup_stm32f401xc.o(.text)
    EXTI15_10_IRQHandler                     0x08000277   Thumb Code     0  startup_stm32f401xc.o(.text)
    EXTI1_IRQHandler                         0x08000277   Thumb Code     0  startup_stm32f401xc.o(.text)
    EXTI2_IRQHandler                         0x08000277   Thumb Code     0  startup_stm32f401xc.o(.text)
    EXTI3_IRQHandler                         0x08000277   Thumb Code     0  startup_stm32f401xc.o(.text)
    EXTI4_IRQHandler                         0x08000277   Thumb Code     0  startup_stm32f401xc.o(.text)
    EXTI9_5_IRQHandler                       0x08000277   Thumb Code     0  startup_stm32f401xc.o(.text)
    FLASH_IRQHandler                         0x08000277   Thumb Code     0  startup_stm32f401xc.o(.text)
    FPU_IRQHandler                           0x08000277   Thumb Code     0  startup_stm32f401xc.o(.text)
    I2C1_ER_IRQHandler                       0x08000277   Thumb Code     0  startup_stm32f401xc.o(.text)
    I2C1_EV_IRQHandler                       0x08000277   Thumb Code     0  startup_stm32f401xc.o(.text)
    I2C2_ER_IRQHandler                       0x08000277   Thumb Code     0  startup_stm32f401xc.o(.text)
    I2C2_EV_IRQHandler                       0x08000277   Thumb Code     0  startup_stm32f401xc.o(.text)
    I2C3_ER_IRQHandler                       0x08000277   Thumb Code     0  startup_stm32f401xc.o(.text)
    I2C3_EV_IRQHandler                       0x08000277   Thumb Code     0  startup_stm32f401xc.o(.text)
    OTG_FS_IRQHandler                        0x08000277   Thumb Code     0  startup_stm32f401xc.o(.text)
    OTG_FS_WKUP_IRQHandler                   0x08000277   Thumb Code     0  startup_stm32f401xc.o(.text)
    PVD_IRQHandler                           0x08000277   Thumb Code     0  startup_stm32f401xc.o(.text)
    RCC_IRQHandler                           0x08000277   Thumb Code     0  startup_stm32f401xc.o(.text)
    RTC_Alarm_IRQHandler                     0x08000277   Thumb Code     0  startup_stm32f401xc.o(.text)
    RTC_WKUP_IRQHandler                      0x08000277   Thumb Code     0  startup_stm32f401xc.o(.text)
    SDIO_IRQHandler                          0x08000277   Thumb Code     0  startup_stm32f401xc.o(.text)
    SPI1_IRQHandler                          0x08000277   Thumb Code     0  startup_stm32f401xc.o(.text)
    SPI2_IRQHandler                          0x08000277   Thumb Code     0  startup_stm32f401xc.o(.text)
    SPI3_IRQHandler                          0x08000277   Thumb Code     0  startup_stm32f401xc.o(.text)
    SPI4_IRQHandler                          0x08000277   Thumb Code     0  startup_stm32f401xc.o(.text)
    TAMP_STAMP_IRQHandler                    0x08000277   Thumb Code     0  startup_stm32f401xc.o(.text)
    TIM1_BRK_TIM9_IRQHandler                 0x08000277   Thumb Code     0  startup_stm32f401xc.o(.text)
    TIM1_CC_IRQHandler                       0x08000277   Thumb Code     0  startup_stm32f401xc.o(.text)
    TIM1_TRG_COM_TIM11_IRQHandler            0x08000277   Thumb Code     0  startup_stm32f401xc.o(.text)
    TIM1_UP_TIM10_IRQHandler                 0x08000277   Thumb Code     0  startup_stm32f401xc.o(.text)
    TIM2_IRQHandler                          0x08000277   Thumb Code     0  startup_stm32f401xc.o(.text)
    TIM3_IRQHandler                          0x08000277   Thumb Code     0  startup_stm32f401xc.o(.text)
    TIM4_IRQHandler                          0x08000277   Thumb Code     0  startup_stm32f401xc.o(.text)
    TIM5_IRQHandler                          0x08000277   Thumb Code     0  startup_stm32f401xc.o(.text)
    USART1_IRQHandler                        0x08000277   Thumb Code     0  startup_stm32f401xc.o(.text)
    USART2_IRQHandler                        0x08000277   Thumb Code     0  startup_stm32f401xc.o(.text)
    USART6_IRQHandler                        0x08000277   Thumb Code     0  startup_stm32f401xc.o(.text)
    WWDG_IRQHandler                          0x08000277   Thumb Code     0  startup_stm32f401xc.o(.text)
    __user_initial_stackheap                 0x08000279   Thumb Code     0  startup_stm32f401xc.o(.text)
    malloc                                   0x0800029d   Thumb Code    94  h1_alloc.o(.text)
    free                                     0x080002fb   Thumb Code    78  h1_free.o(.text)
    __aeabi_uldivmod                         0x08000349   Thumb Code     0  lludivv7m.o(.text)
    _ll_udiv                                 0x08000349   Thumb Code   238  lludivv7m.o(.text)
    __2sprintf                               0x08000439   Thumb Code    34  noretval__2sprintf.o(.text)
    _printf_int_dec                          0x08000461   Thumb Code   104  _printf_dec.o(.text)
    __printf                                 0x080004d9   Thumb Code   270  __printf_wp.o(.text)
    memcmp                                   0x080005e7   Thumb Code    88  memcmp.o(.text)
    __aeabi_memclr                           0x0800063f   Thumb Code     0  rt_memclr.o(.text)
    __rt_memclr                              0x0800063f   Thumb Code    68  rt_memclr.o(.text)
    _memset                                  0x08000643   Thumb Code     0  rt_memclr.o(.text)
    __aeabi_memclr4                          0x08000683   Thumb Code     0  rt_memclr_w.o(.text)
    __aeabi_memclr8                          0x08000683   Thumb Code     0  rt_memclr_w.o(.text)
    __rt_memclr_w                            0x08000683   Thumb Code    78  rt_memclr_w.o(.text)
    _memset_w                                0x08000687   Thumb Code     0  rt_memclr_w.o(.text)
    __use_two_region_memory                  0x080006d1   Thumb Code     2  heapauxi.o(.text)
    __rt_heap_escrow                         0x080006d3   Thumb Code     2  heapauxi.o(.text)
    __rt_heap_expand                         0x080006d5   Thumb Code     2  heapauxi.o(.text)
    __rt_heap_descriptor                     0x080006d9   Thumb Code     8  rt_heap_descriptor_intlibspace.o(.text)
    __use_no_heap                            0x080006e1   Thumb Code     2  hguard.o(.text)
    __heap$guard                             0x080006e3   Thumb Code     2  hguard.o(.text)
    _terminate_user_alloc                    0x080006e5   Thumb Code     2  init_alloc.o(.text)
    _init_user_alloc                         0x080006e7   Thumb Code     2  init_alloc.o(.text)
    __Heap_Full                              0x080006e9   Thumb Code    34  init_alloc.o(.text)
    __Heap_Broken                            0x0800070b   Thumb Code     6  init_alloc.o(.text)
    _init_alloc                              0x08000711   Thumb Code    94  init_alloc.o(.text)
    __Heap_Initialize                        0x0800076f   Thumb Code    10  h1_init.o(.text)
    __Heap_DescSize                          0x08000779   Thumb Code     4  h1_init.o(.text)
    __read_errno                             0x0800077d   Thumb Code    10  _rserrno.o(.text)
    __set_errno                              0x08000787   Thumb Code    12  _rserrno.o(.text)
    _printf_int_common                       0x08000793   Thumb Code   178  _printf_intcommon.o(.text)
    __lib_sel_fp_printf                      0x08000845   Thumb Code     2  _printf_fp_dec.o(.text)
    _printf_fp_dec_real                      0x080009f7   Thumb Code   620  _printf_fp_dec.o(.text)
    _printf_char_common                      0x08000c6f   Thumb Code    32  _printf_char_common.o(.text)
    _sputc                                   0x08000c95   Thumb Code    10  _sputc.o(.text)
    __user_libspace                          0x08000ca1   Thumb Code     8  libspace.o(.text)
    __user_perproc_libspace                  0x08000ca1   Thumb Code     0  libspace.o(.text)
    __user_perthread_libspace                0x08000ca1   Thumb Code     0  libspace.o(.text)
    __rt_locale                              0x08000ca9   Thumb Code     8  rt_locale_intlibspace.o(.text)
    __aeabi_errno_addr                       0x08000cb1   Thumb Code     8  rt_errno_addr_intlibspace.o(.text)
    __errno$intlibspace                      0x08000cb1   Thumb Code     0  rt_errno_addr_intlibspace.o(.text)
    __rt_errno_addr$intlibspace              0x08000cb1   Thumb Code     0  rt_errno_addr_intlibspace.o(.text)
    __Heap_ProvideMemory                     0x08000cb9   Thumb Code    52  h1_extend.o(.text)
    _ll_udiv10                               0x08000ced   Thumb Code   138  lludiv10.o(.text)
    _printf_fp_infnan                        0x08000d79   Thumb Code   112  _printf_fp_infnan.o(.text)
    _btod_etento                             0x08000df9   Thumb Code   224  bigflt0.o(.text)
    __rt_SIGRTMEM                            0x08000edd   Thumb Code    14  defsig_rtmem_outer.o(.text)
    __I$use$semihosting                      0x08000eeb   Thumb Code     0  use_no_semi.o(.text)
    __use_no_semihosting_swi                 0x08000eeb   Thumb Code     2  use_no_semi.o(.text)
    __semihosting_library_function           0x08000eed   Thumb Code     0  indicate_semi.o(.text)
    __user_setup_stackheap                   0x08000eed   Thumb Code    74  sys_stackheap_outer.o(.text)
    exit                                     0x08000f37   Thumb Code    18  exit.o(.text)
    __sig_exit                               0x08000f49   Thumb Code    10  defsig_exit.o(.text)
    __rt_SIGRTMEM_inner                      0x08000f55   Thumb Code    22  defsig_rtmem_inner.o(.text)
    strcmp                                   0x08000fa5   Thumb Code   128  strcmpv7m.o(.text)
    _sys_exit                                0x08001025   Thumb Code     8  sys_exit.o(.text)
    __default_signal_display                 0x08001031   Thumb Code    50  defsig_general.o(.text)
    _ttywrch                                 0x08001063   Thumb Code    14  sys_wrch.o(.text)
    _btod_d2e                                0x08001071   Thumb Code    62  btod.o(CL$$btod_d2e)
    _d2e_denorm_low                          0x080010af   Thumb Code    70  btod.o(CL$$btod_d2e_denorm_low)
    _d2e_norm_op1                            0x080010f5   Thumb Code    96  btod.o(CL$$btod_d2e_norm_op1)
    __btod_div_common                        0x08001155   Thumb Code   696  btod.o(CL$$btod_div_common)
    _e2e                                     0x0800148d   Thumb Code   220  btod.o(CL$$btod_e2e)
    _btod_ediv                               0x08001569   Thumb Code    42  btod.o(CL$$btod_ediv)
    _btod_emul                               0x08001593   Thumb Code    42  btod.o(CL$$btod_emul)
    __btod_mult_common                       0x080015bd   Thumb Code   580  btod.o(CL$$btod_mult_common)
    BusFault_Handler                         0x08001801   Thumb Code     2  stm32f4xx_it.o(i.BusFault_Handler)
    DebugMon_Handler                         0x08001803   Thumb Code     2  stm32f4xx_it.o(i.DebugMon_Handler)
    Draw_Line                                0x08001805   Thumb Code    82  main.o(i.Draw_Line)
    Draw_Round                               0x0800185d   Thumb Code   100  main.o(i.Draw_Round)
    Driver_Infor                             0x080018cd   Thumb Code    20  main.o(i.Driver_Infor)
    Error_Handler                            0x080018f5   Thumb Code     4  main.o(i.Error_Handler)
    GUI_Infor                                0x080018f9   Thumb Code    20  main.o(i.GUI_Infor)
    GetStrLen                                0x08001919   Thumb Code    30  graphics_api.o(i.GetStrLen)
    Graphics_Bokeh                           0x08001939   Thumb Code    50  graphics_api.o(i.Graphics_Bokeh)
    Graphics_Check                           0x08001975   Thumb Code    12  graphics_api.o(i.Graphics_Check)
    Graphics_Clear                           0x08001981   Thumb Code     8  graphics_api.o(i.Graphics_Clear)
    Graphics_Display                         0x0800198d   Thumb Code    16  graphics_api.o(i.Graphics_Display)
    Graphics_DrawLine                        0x0800199d   Thumb Code   352  graphics_api.o(i.Graphics_DrawLine)
    Graphics_DrawPoint                       0x08001b05   Thumb Code     8  graphics_api.o(i.Graphics_DrawPoint)
    Graphics_DrawQuarterRound                0x08001b11   Thumb Code   614  graphics_api.o(i.Graphics_DrawQuarterRound)
    Graphics_DrawRect                        0x08001d77   Thumb Code   158  graphics_api.o(i.Graphics_DrawRect)
    Graphics_DrawRound                       0x08001e15   Thumb Code   590  graphics_api.o(i.Graphics_DrawRound)
    Graphics_DrawRoundRect                   0x08002063   Thumb Code   306  graphics_api.o(i.Graphics_DrawRoundRect)
    Graphics_GetTick                         0x08002195   Thumb Code     4  graphics_api.o(i.Graphics_GetTick)
    Graphics_Infor                           0x08002199   Thumb Code    20  main.o(i.Graphics_Infor)
    Graphics_Init                            0x080021c5   Thumb Code    16  graphics_api.o(i.Graphics_Init)
    Graphics_ListChoose                      0x080021d5   Thumb Code   292  graphics_api.o(i.Graphics_ListChoose)
    Graphics_Mapping                         0x08002301   Thumb Code    18  graphics_api.o(i.Graphics_Mapping)
    Graphics_PID                             0x08002315   Thumb Code   352  graphics_api.o(i.Graphics_PID)
    Graphics_ShowChar                        0x0800247d   Thumb Code    18  graphics_api.o(i.Graphics_ShowChar)
    Graphics_ShowList                        0x08002495   Thumb Code   244  graphics_api.o(i.Graphics_ShowList)
    Graphics_ShowString                      0x0800258d   Thumb Code    96  graphics_api.o(i.Graphics_ShowString)
    Graphics_UpDateToGRAM                    0x080025ed   Thumb Code    10  graphics_api.o(i.Graphics_UpDateToGRAM)
    HAL_Delay                                0x08002601   Thumb Code    32  stm32f4xx_hal.o(i.HAL_Delay)
    HAL_GPIO_Init                            0x08002625   Thumb Code   446  stm32f4xx_hal_gpio.o(i.HAL_GPIO_Init)
    HAL_GPIO_ReadPin                         0x08002805   Thumb Code    10  stm32f4xx_hal_gpio.o(i.HAL_GPIO_ReadPin)
    HAL_GPIO_WritePin                        0x0800280f   Thumb Code    10  stm32f4xx_hal_gpio.o(i.HAL_GPIO_WritePin)
    HAL_GetTick                              0x08002819   Thumb Code     6  stm32f4xx_hal.o(i.HAL_GetTick)
    HAL_IncTick                              0x08002825   Thumb Code    12  stm32f4xx_hal.o(i.HAL_IncTick)
    HAL_Init                                 0x08002835   Thumb Code    48  stm32f4xx_hal.o(i.HAL_Init)
    HAL_InitTick                             0x08002869   Thumb Code    54  stm32f4xx_hal.o(i.HAL_InitTick)
    HAL_MspInit                              0x080028a9   Thumb Code    42  stm32f4xx_hal_msp.o(i.HAL_MspInit)
    HAL_NVIC_SetPriority                     0x080028d9   Thumb Code    60  stm32f4xx_hal_cortex.o(i.HAL_NVIC_SetPriority)
    HAL_NVIC_SetPriorityGrouping             0x08002919   Thumb Code    26  stm32f4xx_hal_cortex.o(i.HAL_NVIC_SetPriorityGrouping)
    HAL_RCC_ClockConfig                      0x0800293d   Thumb Code   288  stm32f4xx_hal_rcc.o(i.HAL_RCC_ClockConfig)
    HAL_RCC_GetSysClockFreq                  0x08002a71   Thumb Code    88  stm32f4xx_hal_rcc.o(i.HAL_RCC_GetSysClockFreq)
    HAL_RCC_OscConfig                        0x08002ad1   Thumb Code   856  stm32f4xx_hal_rcc.o(i.HAL_RCC_OscConfig)
    HAL_SPI_Init                             0x08002e3d   Thumb Code   188  stm32f4xx_hal_spi.o(i.HAL_SPI_Init)
    HAL_SPI_MspInit                          0x08002ef9   Thumb Code    92  spi.o(i.HAL_SPI_MspInit)
    HAL_SPI_Transmit                         0x08002f61   Thumb Code   366  stm32f4xx_hal_spi.o(i.HAL_SPI_Transmit)
    HAL_SYSTICK_Config                       0x080030cf   Thumb Code    40  stm32f4xx_hal_cortex.o(i.HAL_SYSTICK_Config)
    HardFault_Handler                        0x080030f7   Thumb Code     2  stm32f4xx_it.o(i.HardFault_Handler)
    Kernel_Infor                             0x080030f9   Thumb Code    20  main.o(i.Kernel_Infor)
    MX_GPIO_Init                             0x08003121   Thumb Code   154  gpio.o(i.MX_GPIO_Init)
    MX_SPI1_Init                             0x080031c9   Thumb Code    60  spi.o(i.MX_SPI1_Init)
    MemManage_Handler                        0x0800320d   Thumb Code     2  stm32f4xx_it.o(i.MemManage_Handler)
    NMI_Handler                              0x0800320f   Thumb Code     2  stm32f4xx_it.o(i.NMI_Handler)
    OLED_Clear                               0x08003211   Thumb Code    56  oled.o(i.OLED_Clear)
    OLED_DrawPoint                           0x08003255   Thumb Code    70  oled.o(i.OLED_DrawPoint)
    OLED_DrawQuarterRound                    0x080032a1   Thumb Code   310  oled.o(i.OLED_DrawQuarterRound)
    OLED_GRAM_Transmit                       0x080033d9   Thumb Code     6  oled.o(i.OLED_GRAM_Transmit)
    OLED_Grating_Count                       0x080033e5   Thumb Code    42  oled.o(i.OLED_Grating_Count)
    OLED_Init                                0x08003415   Thumb Code   208  oled.o(i.OLED_Init)
    OLED_Negation                            0x080034e9   Thumb Code   330  oled.o(i.OLED_Negation)
    OLED_ShowBMP                             0x08003639   Thumb Code   738  oled.o(i.OLED_ShowBMP)
    OLED_ShowChar                            0x08003921   Thumb Code   872  oled.o(i.OLED_ShowChar)
    OLED_UpDateToGRAM                        0x08003c95   Thumb Code    40  oled.o(i.OLED_UpDateToGRAM)
    OLED_WR_CMD                              0x08003cc1   Thumb Code    48  oled.o(i.OLED_WR_CMD)
    OLED_WR_Data                             0x08003cf9   Thumb Code    52  oled.o(i.OLED_WR_Data)
    PID_Infor                                0x08003d35   Thumb Code   156  main.o(i.PID_Infor)
    PendSV_Handler                           0x08003e19   Thumb Code     2  stm32f4xx_it.o(i.PendSV_Handler)
    Round_Rect                               0x08003e1d   Thumb Code   174  main.o(i.Round_Rect)
    SVC_Handler                              0x08003ff5   Thumb Code     2  stm32f4xx_it.o(i.SVC_Handler)
    SXGUI_AddApp                             0x08003ff7   Thumb Code    36  sxgui.o(i.SXGUI_AddApp)
    SXGUI_AddSubMenu                         0x0800401b   Thumb Code    36  sxgui.o(i.SXGUI_AddSubMenu)
    SXGUI_CreateApp                          0x0800403f   Thumb Code    18  sxgui.o(i.SXGUI_CreateApp)
    SXGUI_CreateMenu                         0x08004051   Thumb Code    14  sxgui.o(i.SXGUI_CreateMenu)
    SXGUI_CreateRoot                         0x08004061   Thumb Code    28  sxgui.o(i.SXGUI_CreateRoot)
    SXGUI_Init                               0x08004081   Thumb Code    14  sxgui.o(i.SXGUI_Init)
    SXGUI_Interface                          0x08004095   Thumb Code    70  sxgui.o(i.SXGUI_Interface)
    SXGUI_Main                               0x080040dd   Thumb Code   496  sxgui.o(i.SXGUI_Main)
    SXGUI_RootAddApp                         0x080042d1   Thumb Code    40  sxgui.o(i.SXGUI_RootAddApp)
    SXGUI_RootAddSubMenu                     0x080042fd   Thumb Code    40  sxgui.o(i.SXGUI_RootAddSubMenu)
    SX_MenuInit                              0x08004329   Thumb Code   202  main.o(i.SX_MenuInit)
    Scan_Key                                 0x080044b1   Thumb Code   300  main.o(i.Scan_Key)
    SysTick_Handler                          0x080045e9   Thumb Code     4  stm32f4xx_it.o(i.SysTick_Handler)
    SystemClock_Config                       0x080045ed   Thumb Code   140  main.o(i.SystemClock_Config)
    SystemInit                               0x08004681   Thumb Code    12  system_stm32f4xx.o(i.SystemInit)
    UsageFault_Handler                       0x08004691   Thumb Code     2  stm32f4xx_it.o(i.UsageFault_Handler)
    Writer_Infor                             0x08004695   Thumb Code    76  main.o(i.Writer_Infor)
    __ARM_fpclassify                         0x08004755   Thumb Code    48  fpclassify.o(i.__ARM_fpclassify)
    __ARM_fpclassifyf                        0x08004785   Thumb Code    38  fpclassifyf.o(i.__ARM_fpclassifyf)
    __hardfp_powf                            0x080047cd   Thumb Code  1606  powf.o(i.__hardfp_powf)
    __mathlib_powf                           0x080047cd   Thumb Code     0  powf.o(i.__hardfp_powf)
    __mathlib_flt_divzero                    0x08004e31   Thumb Code    14  funder.o(i.__mathlib_flt_divzero)
    __mathlib_flt_infnan2                    0x08004e45   Thumb Code     6  funder.o(i.__mathlib_flt_infnan2)
    __mathlib_flt_invalid                    0x08004e4d   Thumb Code    10  funder.o(i.__mathlib_flt_invalid)
    __mathlib_flt_overflow                   0x08004e5d   Thumb Code    10  funder.o(i.__mathlib_flt_overflow)
    __mathlib_flt_underflow                  0x08004e6d   Thumb Code    10  funder.o(i.__mathlib_flt_underflow)
    _is_digit                                0x08004e7d   Thumb Code    14  __printf_wp.o(i._is_digit)
    main                                     0x08004e8d   Thumb Code    94  main.o(i.main)
    _get_lc_numeric                          0x08004f11   Thumb Code    44  lc_numeric_c.o(locale$$code)
    __aeabi_dadd                             0x08004f3d   Thumb Code     0  daddsub_clz.o(x$fpl$dadd)
    _dadd                                    0x08004f3d   Thumb Code   332  daddsub_clz.o(x$fpl$dadd)
    __fpl_dcmp_Inf                           0x0800508d   Thumb Code    24  dcmpi.o(x$fpl$dcmpinf)
    __aeabi_ddiv                             0x080050a5   Thumb Code     0  ddiv.o(x$fpl$ddiv)
    _ddiv                                    0x080050a5   Thumb Code   552  ddiv.o(x$fpl$ddiv)
    __aeabi_d2iz                             0x08005355   Thumb Code     0  dfix.o(x$fpl$dfix)
    _dfix                                    0x08005355   Thumb Code    94  dfix.o(x$fpl$dfix)
    __aeabi_i2d                              0x080053b3   Thumb Code     0  dflt_clz.o(x$fpl$dflt)
    _dflt                                    0x080053b3   Thumb Code    46  dflt_clz.o(x$fpl$dflt)
    __aeabi_cdcmple                          0x080053e1   Thumb Code     0  dleqf.o(x$fpl$dleqf)
    _dcmple                                  0x080053e1   Thumb Code   120  dleqf.o(x$fpl$dleqf)
    __fpl_dcmple_InfNaN                      0x08005443   Thumb Code     0  dleqf.o(x$fpl$dleqf)
    __aeabi_dmul                             0x08005459   Thumb Code     0  dmul.o(x$fpl$dmul)
    _dmul                                    0x08005459   Thumb Code   332  dmul.o(x$fpl$dmul)
    __fpl_dnaninf                            0x080055ad   Thumb Code   156  dnaninf.o(x$fpl$dnaninf)
    __fpl_dretinf                            0x08005649   Thumb Code    12  dretinf.o(x$fpl$dretinf)
    __aeabi_cdrcmple                         0x08005655   Thumb Code     0  drleqf.o(x$fpl$drleqf)
    _drcmple                                 0x08005655   Thumb Code   108  drleqf.o(x$fpl$drleqf)
    __aeabi_dsub                             0x080056c1   Thumb Code     0  daddsub_clz.o(x$fpl$dsub)
    _dsub                                    0x080056c1   Thumb Code   464  daddsub_clz.o(x$fpl$dsub)
    _fp_init                                 0x08005895   Thumb Code    10  fpinit.o(x$fpl$fpinit)
    __fplib_config_fpu_vfp                   0x0800589d   Thumb Code     0  fpinit.o(x$fpl$fpinit)
    __fplib_config_pureend_doubles           0x0800589d   Thumb Code     0  fpinit.o(x$fpl$fpinit)
    _printf_fp_dec                           0x0800589f   Thumb Code     4  printf1.o(x$fpl$printf1)
    AHBPrescTable                            0x080058a2   Data          16  system_stm32f4xx.o(.constdata)
    __I$use$fp                               0x080058a2   Number         0  usenofp.o(x$fpl$usenofp)
    F6x8                                     0x080058b2   Data         576  oled.o(.constdata)
    F8x16                                    0x08005af2   Data        1520  oled.o(.constdata)
    Region$$Table$$Base                      0x080064d4   Number         0  anon$$obj.o(Region$$Table)
    Region$$Table$$Limit                     0x080064f4   Number         0  anon$$obj.o(Region$$Table)
    uwTickFreq                               0x2000002c   Data           1  stm32f4xx_hal.o(.data)
    uwTickPrio                               0x20000030   Data           4  stm32f4xx_hal.o(.data)
    uwTick                                   0x20000034   Data           4  stm32f4xx_hal.o(.data)
    SystemCoreClock                          0x20000038   Data           4  system_stm32f4xx.o(.data)
    ROOT                                     0x20000048   Data           4  sxgui.o(.data)
    NowMenu                                  0x2000004c   Data           4  sxgui.o(.data)
    MenuSelect                               0x20000050   Data           4  sxgui.o(.data)
    AppSelect                                0x20000054   Data           4  sxgui.o(.data)
    Operate_Layer                            0x20000058   Data           1  graphics_api.o(.data)
    ASCII_Font                               0x20000088   Data           8  oled.o(.data)
    hspi1                                    0x200000dc   Data          88  spi.o(.bss)
    Graphics_GRAM                            0x20000138   Data        1024  graphics_api.o(.bss)
    PID_Parameter                            0x20000538   Data          40  graphics_api.o(.bss)
    GRAM                                     0x20000560   Data        3459  oled.o(.bss)
    __libspace_start                         0x200012e4   Data          96  libspace.o(.bss)
    __temporary_stack_top$libspace           0x20001344   Data           0  libspace.o(.bss)



==============================================================================

Memory Map of the image

  Image Entry point : 0x08000195

  Load Region LR_IROM1 (Base: 0x08000000, Size: 0x000065dc, Max: 0x00040000, ABSOLUTE)

    Execution Region ER_IROM1 (Exec base: 0x08000000, Load base: 0x08000000, Size: 0x00006510, Max: 0x00040000, ABSOLUTE)

    Exec Addr    Load Addr    Size         Type   Attr      Idx    E Section Name        Object

    0x08000000   0x08000000   0x00000194   Data   RO            3    RESET               startup_stm32f401xc.o
    0x08000194   0x08000194   0x00000008   Code   RO         2461  * !!!main             c_w.l(__main.o)
    0x0800019c   0x0800019c   0x00000034   Code   RO         2802    !!!scatter          c_w.l(__scatter.o)
    0x080001d0   0x080001d0   0x0000001a   Code   RO         2804    !!handler_copy      c_w.l(__scatter_copy.o)
    0x080001ea   0x080001ea   0x00000002   PAD
    0x080001ec   0x080001ec   0x0000001c   Code   RO         2806    !!handler_zi        c_w.l(__scatter_zi.o)
    0x08000208   0x08000208   0x00000000   Code   RO         2450    .ARM.Collect$$_printf_percent$$00000000  c_w.l(_printf_percent.o)
    0x08000208   0x08000208   0x00000006   Code   RO         2449    .ARM.Collect$$_printf_percent$$00000003  c_w.l(_printf_f.o)
    0x0800020e   0x0800020e   0x00000006   Code   RO         2448    .ARM.Collect$$_printf_percent$$00000009  c_w.l(_printf_d.o)
    0x08000214   0x08000214   0x00000004   Code   RO         2545    .ARM.Collect$$_printf_percent$$00000017  c_w.l(_printf_percent_end.o)
    0x08000218   0x08000218   0x00000002   Code   RO         2739    .ARM.Collect$$libinit$$00000000  c_w.l(libinit.o)
    0x0800021a   0x0800021a   0x00000004   Code   RO         2550    .ARM.Collect$$libinit$$00000001  c_w.l(libinit2.o)
    0x0800021e   0x0800021e   0x00000000   Code   RO         2553    .ARM.Collect$$libinit$$00000004  c_w.l(libinit2.o)
    0x0800021e   0x0800021e   0x00000008   Code   RO         2554    .ARM.Collect$$libinit$$00000005  c_w.l(libinit2.o)
    0x08000226   0x08000226   0x00000000   Code   RO         2556    .ARM.Collect$$libinit$$0000000A  c_w.l(libinit2.o)
    0x08000226   0x08000226   0x00000000   Code   RO         2558    .ARM.Collect$$libinit$$0000000C  c_w.l(libinit2.o)
    0x08000226   0x08000226   0x00000000   Code   RO         2560    .ARM.Collect$$libinit$$0000000E  c_w.l(libinit2.o)
    0x08000226   0x08000226   0x00000006   Code   RO         2561    .ARM.Collect$$libinit$$0000000F  c_w.l(libinit2.o)
    0x0800022c   0x0800022c   0x00000000   Code   RO         2563    .ARM.Collect$$libinit$$00000011  c_w.l(libinit2.o)
    0x0800022c   0x0800022c   0x00000000   Code   RO         2565    .ARM.Collect$$libinit$$00000013  c_w.l(libinit2.o)
    0x0800022c   0x0800022c   0x00000000   Code   RO         2567    .ARM.Collect$$libinit$$00000015  c_w.l(libinit2.o)
    0x0800022c   0x0800022c   0x0000000a   Code   RO         2568    .ARM.Collect$$libinit$$00000016  c_w.l(libinit2.o)
    0x08000236   0x08000236   0x00000000   Code   RO         2569    .ARM.Collect$$libinit$$00000017  c_w.l(libinit2.o)
    0x08000236   0x08000236   0x00000000   Code   RO         2571    .ARM.Collect$$libinit$$00000019  c_w.l(libinit2.o)
    0x08000236   0x08000236   0x00000000   Code   RO         2573    .ARM.Collect$$libinit$$0000001B  c_w.l(libinit2.o)
    0x08000236   0x08000236   0x00000000   Code   RO         2575    .ARM.Collect$$libinit$$0000001D  c_w.l(libinit2.o)
    0x08000236   0x08000236   0x00000000   Code   RO         2577    .ARM.Collect$$libinit$$0000001F  c_w.l(libinit2.o)
    0x08000236   0x08000236   0x00000000   Code   RO         2579    .ARM.Collect$$libinit$$00000021  c_w.l(libinit2.o)
    0x08000236   0x08000236   0x00000000   Code   RO         2581    .ARM.Collect$$libinit$$00000023  c_w.l(libinit2.o)
    0x08000236   0x08000236   0x00000000   Code   RO         2583    .ARM.Collect$$libinit$$00000025  c_w.l(libinit2.o)
    0x08000236   0x08000236   0x00000000   Code   RO         2587    .ARM.Collect$$libinit$$0000002C  c_w.l(libinit2.o)
    0x08000236   0x08000236   0x00000000   Code   RO         2589    .ARM.Collect$$libinit$$0000002E  c_w.l(libinit2.o)
    0x08000236   0x08000236   0x00000000   Code   RO         2591    .ARM.Collect$$libinit$$00000030  c_w.l(libinit2.o)
    0x08000236   0x08000236   0x00000000   Code   RO         2593    .ARM.Collect$$libinit$$00000032  c_w.l(libinit2.o)
    0x08000236   0x08000236   0x00000002   Code   RO         2594    .ARM.Collect$$libinit$$00000033  c_w.l(libinit2.o)
    0x08000238   0x08000238   0x00000002   Code   RO         2799    .ARM.Collect$$libshutdown$$00000000  c_w.l(libshutdown.o)
    0x0800023a   0x0800023a   0x00000000   Code   RO         2755    .ARM.Collect$$libshutdown$$00000002  c_w.l(libshutdown2.o)
    0x0800023a   0x0800023a   0x00000000   Code   RO         2757    .ARM.Collect$$libshutdown$$00000004  c_w.l(libshutdown2.o)
    0x0800023a   0x0800023a   0x00000000   Code   RO         2759    .ARM.Collect$$libshutdown$$00000006  c_w.l(libshutdown2.o)
    0x0800023a   0x0800023a   0x00000000   Code   RO         2762    .ARM.Collect$$libshutdown$$00000009  c_w.l(libshutdown2.o)
    0x0800023a   0x0800023a   0x00000000   Code   RO         2765    .ARM.Collect$$libshutdown$$0000000C  c_w.l(libshutdown2.o)
    0x0800023a   0x0800023a   0x00000000   Code   RO         2767    .ARM.Collect$$libshutdown$$0000000E  c_w.l(libshutdown2.o)
    0x0800023a   0x0800023a   0x00000000   Code   RO         2770    .ARM.Collect$$libshutdown$$00000011  c_w.l(libshutdown2.o)
    0x0800023a   0x0800023a   0x00000002   Code   RO         2771    .ARM.Collect$$libshutdown$$00000012  c_w.l(libshutdown2.o)
    0x0800023c   0x0800023c   0x00000000   Code   RO         2505    .ARM.Collect$$rtentry$$00000000  c_w.l(__rtentry.o)
    0x0800023c   0x0800023c   0x00000000   Code   RO         2626    .ARM.Collect$$rtentry$$00000002  c_w.l(__rtentry2.o)
    0x0800023c   0x0800023c   0x00000006   Code   RO         2638    .ARM.Collect$$rtentry$$00000004  c_w.l(__rtentry4.o)
    0x08000242   0x08000242   0x00000000   Code   RO         2628    .ARM.Collect$$rtentry$$00000009  c_w.l(__rtentry2.o)
    0x08000242   0x08000242   0x00000004   Code   RO         2629    .ARM.Collect$$rtentry$$0000000A  c_w.l(__rtentry2.o)
    0x08000246   0x08000246   0x00000000   Code   RO         2631    .ARM.Collect$$rtentry$$0000000C  c_w.l(__rtentry2.o)
    0x08000246   0x08000246   0x00000008   Code   RO         2632    .ARM.Collect$$rtentry$$0000000D  c_w.l(__rtentry2.o)
    0x0800024e   0x0800024e   0x00000002   Code   RO         2742    .ARM.Collect$$rtexit$$00000000  c_w.l(rtexit.o)
    0x08000250   0x08000250   0x00000000   Code   RO         2775    .ARM.Collect$$rtexit$$00000002  c_w.l(rtexit2.o)
    0x08000250   0x08000250   0x00000004   Code   RO         2776    .ARM.Collect$$rtexit$$00000003  c_w.l(rtexit2.o)
    0x08000254   0x08000254   0x00000006   Code   RO         2777    .ARM.Collect$$rtexit$$00000004  c_w.l(rtexit2.o)
    0x0800025a   0x0800025a   0x00000002   PAD
    0x0800025c   0x0800025c   0x00000000   Code   RO         2654    .emb_text           c_w.l(maybetermalloc1.o)
    0x0800025c   0x0800025c   0x00000040   Code   RO            4    .text               startup_stm32f401xc.o
    0x0800029c   0x0800029c   0x0000005e   Code   RO         2360    .text               c_w.l(h1_alloc.o)
    0x080002fa   0x080002fa   0x0000004e   Code   RO         2362    .text               c_w.l(h1_free.o)
    0x08000348   0x08000348   0x000000ee   Code   RO         2418    .text               c_w.l(lludivv7m.o)
    0x08000436   0x08000436   0x00000002   PAD
    0x08000438   0x08000438   0x00000028   Code   RO         2422    .text               c_w.l(noretval__2sprintf.o)
    0x08000460   0x08000460   0x00000078   Code   RO         2426    .text               c_w.l(_printf_dec.o)
    0x080004d8   0x080004d8   0x0000010e   Code   RO         2436    .text               c_w.l(__printf_wp.o)
    0x080005e6   0x080005e6   0x00000058   Code   RO         2451    .text               c_w.l(memcmp.o)
    0x0800063e   0x0800063e   0x00000044   Code   RO         2455    .text               c_w.l(rt_memclr.o)
    0x08000682   0x08000682   0x0000004e   Code   RO         2457    .text               c_w.l(rt_memclr_w.o)
    0x080006d0   0x080006d0   0x00000006   Code   RO         2459    .text               c_w.l(heapauxi.o)
    0x080006d6   0x080006d6   0x00000002   PAD
    0x080006d8   0x080006d8   0x00000008   Code   RO         2513    .text               c_w.l(rt_heap_descriptor_intlibspace.o)
    0x080006e0   0x080006e0   0x00000004   Code   RO         2515    .text               c_w.l(hguard.o)
    0x080006e4   0x080006e4   0x0000008a   Code   RO         2517    .text               c_w.l(init_alloc.o)
    0x0800076e   0x0800076e   0x0000000e   Code   RO         2521    .text               c_w.l(h1_init.o)
    0x0800077c   0x0800077c   0x00000016   Code   RO         2535    .text               c_w.l(_rserrno.o)
    0x08000792   0x08000792   0x000000b2   Code   RO         2537    .text               c_w.l(_printf_intcommon.o)
    0x08000844   0x08000844   0x0000041e   Code   RO         2539    .text               c_w.l(_printf_fp_dec.o)
    0x08000c62   0x08000c62   0x00000002   PAD
    0x08000c64   0x08000c64   0x00000030   Code   RO         2541    .text               c_w.l(_printf_char_common.o)
    0x08000c94   0x08000c94   0x0000000a   Code   RO         2543    .text               c_w.l(_sputc.o)
    0x08000c9e   0x08000c9e   0x00000002   PAD
    0x08000ca0   0x08000ca0   0x00000008   Code   RO         2622    .text               c_w.l(libspace.o)
    0x08000ca8   0x08000ca8   0x00000008   Code   RO         2645    .text               c_w.l(rt_locale_intlibspace.o)
    0x08000cb0   0x08000cb0   0x00000008   Code   RO         2650    .text               c_w.l(rt_errno_addr_intlibspace.o)
    0x08000cb8   0x08000cb8   0x00000034   Code   RO         2656    .text               c_w.l(h1_extend.o)
    0x08000cec   0x08000cec   0x0000008a   Code   RO         2660    .text               c_w.l(lludiv10.o)
    0x08000d76   0x08000d76   0x00000002   PAD
    0x08000d78   0x08000d78   0x00000080   Code   RO         2662    .text               c_w.l(_printf_fp_infnan.o)
    0x08000df8   0x08000df8   0x000000e4   Code   RO         2666    .text               c_w.l(bigflt0.o)
    0x08000edc   0x08000edc   0x0000000e   Code   RO         2694    .text               c_w.l(defsig_rtmem_outer.o)
    0x08000eea   0x08000eea   0x00000002   Code   RO         2709    .text               c_w.l(use_no_semi.o)
    0x08000eec   0x08000eec   0x00000000   Code   RO         2711    .text               c_w.l(indicate_semi.o)
    0x08000eec   0x08000eec   0x0000004a   Code   RO         2712    .text               c_w.l(sys_stackheap_outer.o)
    0x08000f36   0x08000f36   0x00000012   Code   RO         2718    .text               c_w.l(exit.o)
    0x08000f48   0x08000f48   0x0000000a   Code   RO         2720    .text               c_w.l(defsig_exit.o)
    0x08000f52   0x08000f52   0x00000002   PAD
    0x08000f54   0x08000f54   0x00000050   Code   RO         2726    .text               c_w.l(defsig_rtmem_inner.o)
    0x08000fa4   0x08000fa4   0x00000080   Code   RO         2728    .text               c_w.l(strcmpv7m.o)
    0x08001024   0x08001024   0x0000000c   Code   RO         2740    .text               c_w.l(sys_exit.o)
    0x08001030   0x08001030   0x00000032   Code   RO         2750    .text               c_w.l(defsig_general.o)
    0x08001062   0x08001062   0x0000000e   Code   RO         2772    .text               c_w.l(sys_wrch.o)
    0x08001070   0x08001070   0x0000003e   Code   RO         2669    CL$$btod_d2e        c_w.l(btod.o)
    0x080010ae   0x080010ae   0x00000046   Code   RO         2671    CL$$btod_d2e_denorm_low  c_w.l(btod.o)
    0x080010f4   0x080010f4   0x00000060   Code   RO         2670    CL$$btod_d2e_norm_op1  c_w.l(btod.o)
    0x08001154   0x08001154   0x00000338   Code   RO         2679    CL$$btod_div_common  c_w.l(btod.o)
    0x0800148c   0x0800148c   0x000000dc   Code   RO         2676    CL$$btod_e2e        c_w.l(btod.o)
    0x08001568   0x08001568   0x0000002a   Code   RO         2673    CL$$btod_ediv       c_w.l(btod.o)
    0x08001592   0x08001592   0x0000002a   Code   RO         2672    CL$$btod_emul       c_w.l(btod.o)
    0x080015bc   0x080015bc   0x00000244   Code   RO         2678    CL$$btod_mult_common  c_w.l(btod.o)
    0x08001800   0x08001800   0x00000002   Code   RO          301    i.BusFault_Handler  stm32f4xx_it.o
    0x08001802   0x08001802   0x00000002   Code   RO          302    i.DebugMon_Handler  stm32f4xx_it.o
    0x08001804   0x08001804   0x00000058   Code   RO           13    i.Draw_Line         main.o
    0x0800185c   0x0800185c   0x00000070   Code   RO           14    i.Draw_Round        main.o
    0x080018cc   0x080018cc   0x00000028   Code   RO           15    i.Driver_Infor      main.o
    0x080018f4   0x080018f4   0x00000004   Code   RO           16    i.Error_Handler     main.o
    0x080018f8   0x080018f8   0x00000020   Code   RO           17    i.GUI_Infor         main.o
    0x08001918   0x08001918   0x0000001e   Code   RO         2081    i.GetStrLen         graphics_api.o
    0x08001936   0x08001936   0x00000002   PAD
    0x08001938   0x08001938   0x0000003c   Code   RO         2082    i.Graphics_Bokeh    graphics_api.o
    0x08001974   0x08001974   0x0000000c   Code   RO         2083    i.Graphics_Check    graphics_api.o
    0x08001980   0x08001980   0x0000000c   Code   RO         2084    i.Graphics_Clear    graphics_api.o
    0x0800198c   0x0800198c   0x00000010   Code   RO         2085    i.Graphics_Display  graphics_api.o
    0x0800199c   0x0800199c   0x00000168   Code   RO         2086    i.Graphics_DrawLine  graphics_api.o
    0x08001b04   0x08001b04   0x0000000c   Code   RO         2087    i.Graphics_DrawPoint  graphics_api.o
    0x08001b10   0x08001b10   0x00000266   Code   RO         2088    i.Graphics_DrawQuarterRound  graphics_api.o
    0x08001d76   0x08001d76   0x0000009e   Code   RO         2089    i.Graphics_DrawRect  graphics_api.o
    0x08001e14   0x08001e14   0x0000024e   Code   RO         2090    i.Graphics_DrawRound  graphics_api.o
    0x08002062   0x08002062   0x00000132   Code   RO         2091    i.Graphics_DrawRoundRect  graphics_api.o
    0x08002194   0x08002194   0x00000004   Code   RO         2093    i.Graphics_GetTick  graphics_api.o
    0x08002198   0x08002198   0x0000002c   Code   RO           18    i.Graphics_Infor    main.o
    0x080021c4   0x080021c4   0x00000010   Code   RO         2095    i.Graphics_Init     graphics_api.o
    0x080021d4   0x080021d4   0x0000012c   Code   RO         2096    i.Graphics_ListChoose  graphics_api.o
    0x08002300   0x08002300   0x00000012   Code   RO         2097    i.Graphics_Mapping  graphics_api.o
    0x08002312   0x08002312   0x00000002   PAD
    0x08002314   0x08002314   0x00000168   Code   RO         2098    i.Graphics_PID      graphics_api.o
    0x0800247c   0x0800247c   0x00000018   Code   RO         2100    i.Graphics_ShowChar  graphics_api.o
    0x08002494   0x08002494   0x000000f8   Code   RO         2101    i.Graphics_ShowList  graphics_api.o
    0x0800258c   0x0800258c   0x00000060   Code   RO         2102    i.Graphics_ShowString  graphics_api.o
    0x080025ec   0x080025ec   0x00000014   Code   RO         2103    i.Graphics_UpDateToGRAM  graphics_api.o
    0x08002600   0x08002600   0x00000024   Code   RO         1657    i.HAL_Delay         stm32f4xx_hal.o
    0x08002624   0x08002624   0x000001e0   Code   RO         1101    i.HAL_GPIO_Init     stm32f4xx_hal_gpio.o
    0x08002804   0x08002804   0x0000000a   Code   RO         1103    i.HAL_GPIO_ReadPin  stm32f4xx_hal_gpio.o
    0x0800280e   0x0800280e   0x0000000a   Code   RO         1105    i.HAL_GPIO_WritePin  stm32f4xx_hal_gpio.o
    0x08002818   0x08002818   0x0000000c   Code   RO         1663    i.HAL_GetTick       stm32f4xx_hal.o
    0x08002824   0x08002824   0x00000010   Code   RO         1669    i.HAL_IncTick       stm32f4xx_hal.o
    0x08002834   0x08002834   0x00000034   Code   RO         1670    i.HAL_Init          stm32f4xx_hal.o
    0x08002868   0x08002868   0x00000040   Code   RO         1671    i.HAL_InitTick      stm32f4xx_hal.o
    0x080028a8   0x080028a8   0x00000030   Code   RO          376    i.HAL_MspInit       stm32f4xx_hal_msp.o
    0x080028d8   0x080028d8   0x00000040   Code   RO         1521    i.HAL_NVIC_SetPriority  stm32f4xx_hal_cortex.o
    0x08002918   0x08002918   0x00000024   Code   RO         1522    i.HAL_NVIC_SetPriorityGrouping  stm32f4xx_hal_cortex.o
    0x0800293c   0x0800293c   0x00000134   Code   RO          723    i.HAL_RCC_ClockConfig  stm32f4xx_hal_rcc.o
    0x08002a70   0x08002a70   0x00000060   Code   RO          732    i.HAL_RCC_GetSysClockFreq  stm32f4xx_hal_rcc.o
    0x08002ad0   0x08002ad0   0x0000036c   Code   RO          735    i.HAL_RCC_OscConfig  stm32f4xx_hal_rcc.o
    0x08002e3c   0x08002e3c   0x000000bc   Code   RO          411    i.HAL_SPI_Init      stm32f4xx_hal_spi.o
    0x08002ef8   0x08002ef8   0x00000068   Code   RO          260    i.HAL_SPI_MspInit   spi.o
    0x08002f60   0x08002f60   0x0000016e   Code   RO          419    i.HAL_SPI_Transmit  stm32f4xx_hal_spi.o
    0x080030ce   0x080030ce   0x00000028   Code   RO         1526    i.HAL_SYSTICK_Config  stm32f4xx_hal_cortex.o
    0x080030f6   0x080030f6   0x00000002   Code   RO          303    i.HardFault_Handler  stm32f4xx_it.o
    0x080030f8   0x080030f8   0x00000028   Code   RO           19    i.Kernel_Infor      main.o
    0x08003120   0x08003120   0x000000a8   Code   RO          235    i.MX_GPIO_Init      gpio.o
    0x080031c8   0x080031c8   0x00000044   Code   RO          261    i.MX_SPI1_Init      spi.o
    0x0800320c   0x0800320c   0x00000002   Code   RO          304    i.MemManage_Handler  stm32f4xx_it.o
    0x0800320e   0x0800320e   0x00000002   Code   RO          305    i.NMI_Handler       stm32f4xx_it.o
    0x08003210   0x08003210   0x00000044   Code   RO         2243    i.OLED_Clear        oled.o
    0x08003254   0x08003254   0x0000004c   Code   RO         2244    i.OLED_DrawPoint    oled.o
    0x080032a0   0x080032a0   0x00000136   Code   RO         2245    i.OLED_DrawQuarterRound  oled.o
    0x080033d6   0x080033d6   0x00000002   PAD
    0x080033d8   0x080033d8   0x0000000c   Code   RO         2246    i.OLED_GRAM_Transmit  oled.o
    0x080033e4   0x080033e4   0x00000030   Code   RO         2248    i.OLED_Grating_Count  oled.o
    0x08003414   0x08003414   0x000000d4   Code   RO         2249    i.OLED_Init         oled.o
    0x080034e8   0x080034e8   0x00000150   Code   RO         2250    i.OLED_Negation     oled.o
    0x08003638   0x08003638   0x000002e8   Code   RO         2251    i.OLED_ShowBMP      oled.o
    0x08003920   0x08003920   0x00000374   Code   RO         2252    i.OLED_ShowChar     oled.o
    0x08003c94   0x08003c94   0x0000002c   Code   RO         2253    i.OLED_UpDateToGRAM  oled.o
    0x08003cc0   0x08003cc0   0x00000038   Code   RO         2254    i.OLED_WR_CMD       oled.o
    0x08003cf8   0x08003cf8   0x0000003c   Code   RO         2255    i.OLED_WR_Data      oled.o
    0x08003d34   0x08003d34   0x000000e4   Code   RO           20    i.PID_Infor         main.o
    0x08003e18   0x08003e18   0x00000002   Code   RO          306    i.PendSV_Handler    stm32f4xx_it.o
    0x08003e1a   0x08003e1a   0x00000002   PAD
    0x08003e1c   0x08003e1c   0x000000b4   Code   RO           21    i.Round_Rect        main.o
    0x08003ed0   0x08003ed0   0x0000006c   Code   RO          449    i.SPI_EndRxTxTransaction  stm32f4xx_hal_spi.o
    0x08003f3c   0x08003f3c   0x000000b8   Code   RO          454    i.SPI_WaitFlagStateUntilTimeout  stm32f4xx_hal_spi.o
    0x08003ff4   0x08003ff4   0x00000002   Code   RO          307    i.SVC_Handler       stm32f4xx_it.o
    0x08003ff6   0x08003ff6   0x00000024   Code   RO         1982    i.SXGUI_AddApp      sxgui.o
    0x0800401a   0x0800401a   0x00000024   Code   RO         1983    i.SXGUI_AddSubMenu  sxgui.o
    0x0800403e   0x0800403e   0x00000012   Code   RO         1984    i.SXGUI_CreateApp   sxgui.o
    0x08004050   0x08004050   0x0000000e   Code   RO         1985    i.SXGUI_CreateMenu  sxgui.o
    0x0800405e   0x0800405e   0x00000002   PAD
    0x08004060   0x08004060   0x00000020   Code   RO         1986    i.SXGUI_CreateRoot  sxgui.o
    0x08004080   0x08004080   0x00000014   Code   RO         1990    i.SXGUI_Init        sxgui.o
    0x08004094   0x08004094   0x00000046   Code   RO         1991    i.SXGUI_Interface   sxgui.o
    0x080040da   0x080040da   0x00000002   PAD
    0x080040dc   0x080040dc   0x000001f4   Code   RO         1992    i.SXGUI_Main        sxgui.o
    0x080042d0   0x080042d0   0x0000002c   Code   RO         1993    i.SXGUI_RootAddApp  sxgui.o
    0x080042fc   0x080042fc   0x0000002c   Code   RO         1994    i.SXGUI_RootAddSubMenu  sxgui.o
    0x08004328   0x08004328   0x00000188   Code   RO           22    i.SX_MenuInit       main.o
    0x080044b0   0x080044b0   0x00000138   Code   RO           23    i.Scan_Key          main.o
    0x080045e8   0x080045e8   0x00000004   Code   RO          308    i.SysTick_Handler   stm32f4xx_it.o
    0x080045ec   0x080045ec   0x00000094   Code   RO           24    i.SystemClock_Config  main.o
    0x08004680   0x08004680   0x00000010   Code   RO         1945    i.SystemInit        system_stm32f4xx.o
    0x08004690   0x08004690   0x00000002   Code   RO          309    i.UsageFault_Handler  stm32f4xx_it.o
    0x08004692   0x08004692   0x00000002   PAD
    0x08004694   0x08004694   0x000000c0   Code   RO           25    i.Writer_Infor      main.o
    0x08004754   0x08004754   0x00000030   Code   RO         2707    i.__ARM_fpclassify  m_wm.l(fpclassify.o)
    0x08004784   0x08004784   0x00000026   Code   RO         2604    i.__ARM_fpclassifyf  m_wm.l(fpclassifyf.o)
    0x080047aa   0x080047aa   0x00000020   Code   RO         1528    i.__NVIC_SetPriority  stm32f4xx_hal_cortex.o
    0x080047ca   0x080047ca   0x00000002   PAD
    0x080047cc   0x080047cc   0x00000664   Code   RO         2489    i.__hardfp_powf     m_wm.l(powf.o)
    0x08004e30   0x08004e30   0x00000014   Code   RO         2606    i.__mathlib_flt_divzero  m_wm.l(funder.o)
    0x08004e44   0x08004e44   0x00000006   Code   RO         2608    i.__mathlib_flt_infnan2  m_wm.l(funder.o)
    0x08004e4a   0x08004e4a   0x00000002   PAD
    0x08004e4c   0x08004e4c   0x00000010   Code   RO         2609    i.__mathlib_flt_invalid  m_wm.l(funder.o)
    0x08004e5c   0x08004e5c   0x00000010   Code   RO         2610    i.__mathlib_flt_overflow  m_wm.l(funder.o)
    0x08004e6c   0x08004e6c   0x00000010   Code   RO         2612    i.__mathlib_flt_underflow  m_wm.l(funder.o)
    0x08004e7c   0x08004e7c   0x0000000e   Code   RO         2438    i._is_digit         c_w.l(__printf_wp.o)
    0x08004e8a   0x08004e8a   0x00000002   PAD
    0x08004e8c   0x08004e8c   0x00000084   Code   RO           26    i.main              main.o
    0x08004f10   0x08004f10   0x0000002c   Code   RO         2692    locale$$code        c_w.l(lc_numeric_c.o)
    0x08004f3c   0x08004f3c   0x00000150   Code   RO         2463    x$fpl$dadd          fz_wm.l(daddsub_clz.o)
    0x0800508c   0x0800508c   0x00000018   Code   RO         2703    x$fpl$dcmpinf       fz_wm.l(dcmpi.o)
    0x080050a4   0x080050a4   0x000002b0   Code   RO         2470    x$fpl$ddiv          fz_wm.l(ddiv.o)
    0x08005354   0x08005354   0x0000005e   Code   RO         2473    x$fpl$dfix          fz_wm.l(dfix.o)
    0x080053b2   0x080053b2   0x0000002e   Code   RO         2478    x$fpl$dflt          fz_wm.l(dflt_clz.o)
    0x080053e0   0x080053e0   0x00000078   Code   RO         2595    x$fpl$dleqf         fz_wm.l(dleqf.o)
    0x08005458   0x08005458   0x00000154   Code   RO         2483    x$fpl$dmul          fz_wm.l(dmul.o)
    0x080055ac   0x080055ac   0x0000009c   Code   RO         2597    x$fpl$dnaninf       fz_wm.l(dnaninf.o)
    0x08005648   0x08005648   0x0000000c   Code   RO         2599    x$fpl$dretinf       fz_wm.l(dretinf.o)
    0x08005654   0x08005654   0x0000006c   Code   RO         2485    x$fpl$drleqf        fz_wm.l(drleqf.o)
    0x080056c0   0x080056c0   0x000001d4   Code   RO         2465    x$fpl$dsub          fz_wm.l(daddsub_clz.o)
    0x08005894   0x08005894   0x0000000a   Code   RO         2705    x$fpl$fpinit        fz_wm.l(fpinit.o)
    0x0800589e   0x0800589e   0x00000004   Code   RO         2487    x$fpl$printf1       fz_wm.l(printf1.o)
    0x080058a2   0x080058a2   0x00000000   Code   RO         2603    x$fpl$usenofp       fz_wm.l(usenofp.o)
    0x080058a2   0x080058a2   0x00000010   Data   RO         1946    .constdata          system_stm32f4xx.o
    0x080058b2   0x080058b2   0x00000240   Data   RO         2257    .constdata          oled.o
    0x08005af2   0x08005af2   0x000005f0   Data   RO         2258    .constdata          oled.o
    0x080060e2   0x080060e2   0x000001e0   Data   RO         2259    .constdata          oled.o
    0x080062c2   0x080062c2   0x00000002   PAD
    0x080062c4   0x080062c4   0x00000140   Data   RO         2492    .constdata          m_wm.l(powf.o)
    0x08006404   0x08006404   0x00000094   Data   RO         2667    .constdata          c_w.l(bigflt0.o)
    0x08006498   0x08006498   0x0000003c   Data   RO         2260    .conststring        oled.o
    0x080064d4   0x080064d4   0x00000020   Data   RO         2800    Region$$Table       anon$$obj.o
    0x080064f4   0x080064f4   0x0000001c   Data   RO         2691    locale$$data        c_w.l(lc_numeric_c.o)


    Execution Region RW_IRAM1 (Exec base: 0x20000000, Load base: 0x08006510, Size: 0x00001948, Max: 0x00010000, ABSOLUTE)

    Exec Addr    Load Addr    Size         Type   Attr      Idx    E Section Name        Object

    0x20000000   0x08006510   0x0000002c   Data   RW           28    .data               main.o
    0x2000002c   0x0800653c   0x0000000c   Data   RW         1677    .data               stm32f4xx_hal.o
    0x20000038   0x08006548   0x00000004   Data   RW         1948    .data               system_stm32f4xx.o
    0x2000003c   0x0800654c   0x0000001c   Data   RW         1995    .data               sxgui.o
    0x20000058   0x08006568   0x00000030   Data   RW         2105    .data               graphics_api.o
    0x20000088   0x08006598   0x00000044   Data   RW         2261    .data               oled.o
    0x200000cc        -       0x00000010   Zero   RW           27    .bss                main.o
    0x200000dc        -       0x00000058   Zero   RW          262    .bss                spi.o
    0x20000134   0x080065dc   0x00000004   PAD
    0x20000138        -       0x00000428   Zero   RW         2104    .bss                graphics_api.o
    0x20000560        -       0x00000d83   Zero   RW         2256    .bss                oled.o
    0x200012e3   0x080065dc   0x00000001   PAD
    0x200012e4        -       0x00000060   Zero   RW         2623    .bss                c_w.l(libspace.o)
    0x20001344   0x080065dc   0x00000004   PAD
    0x20001348        -       0x00000200   Zero   RW            2    HEAP                startup_stm32f401xc.o
    0x20001548        -       0x00000400   Zero   RW            1    STACK               startup_stm32f401xc.o


==============================================================================

Image component sizes


      Code (inc. data)   RO Data    RW Data    ZI Data      Debug   Object Name

       168         14          0          0          0        935   gpio.o
      3256         62          0         48       1064      19462   graphics_api.o
      1944        536          0         44         16     390957   main.o
      2850         78       2636         68       3459      12499   oled.o
       172         20          0          0         88       1665   spi.o
        64         26        404          0       1536        836   startup_stm32f401xc.o
       180         28          0         12          0       9217   stm32f4xx_hal.o
       172         14          0          0          0      33098   stm32f4xx_hal_cortex.o
       500         34          0          0          0       2807   stm32f4xx_hal_gpio.o
        48          6          0          0          0        842   stm32f4xx_hal_msp.o
      1280         48          0          0          0       4022   stm32f4xx_hal_rcc.o
       846         14          0          0          0       4594   stm32f4xx_hal_spi.o
        20          0          0          0          0       4118   stm32f4xx_it.o
       814         22          0         28          0       8572   sxgui.o
        16          4         16          4          0       1111   system_stm32f4xx.o

    ----------------------------------------------------------------------
     12346        906       3090        204       6168     494735   Object Totals
         0          0         32          0          0          0   (incl. Generated)
        16          0          2          0          5          0   (incl. Padding)

    ----------------------------------------------------------------------

      Code (inc. data)   RO Data    RW Data    ZI Data      Debug   Library Member Name

         8          0          0          0          0         68   __main.o
       284          0          0          0          0        156   __printf_wp.o
         0          0          0          0          0          0   __rtentry.o
        12          0          0          0          0          0   __rtentry2.o
         6          0          0          0          0          0   __rtentry4.o
        52          8          0          0          0          0   __scatter.o
        26          0          0          0          0          0   __scatter_copy.o
        28          0          0          0          0          0   __scatter_zi.o
        48          6          0          0          0         96   _printf_char_common.o
         6          0          0          0          0          0   _printf_d.o
       120         16          0          0          0         92   _printf_dec.o
         6          0          0          0          0          0   _printf_f.o
      1054          0          0          0          0        216   _printf_fp_dec.o
       128         16          0          0          0         84   _printf_fp_infnan.o
       178          0          0          0          0         88   _printf_intcommon.o
         0          0          0          0          0          0   _printf_percent.o
         4          0          0          0          0          0   _printf_percent_end.o
        22          0          0          0          0        100   _rserrno.o
        10          0          0          0          0         68   _sputc.o
       228          4        148          0          0         96   bigflt0.o
      1936        128          0          0          0        672   btod.o
        10          0          0          0          0         68   defsig_exit.o
        50          0          0          0          0         88   defsig_general.o
        80         58          0          0          0         76   defsig_rtmem_inner.o
        14          0          0          0          0         80   defsig_rtmem_outer.o
        18          0          0          0          0         80   exit.o
        94          0          0          0          0         80   h1_alloc.o
        52          0          0          0          0         68   h1_extend.o
        78          0          0          0          0         80   h1_free.o
        14          0          0          0          0         84   h1_init.o
         6          0          0          0          0        152   heapauxi.o
         4          0          0          0          0        136   hguard.o
         0          0          0          0          0          0   indicate_semi.o
       138          0          0          0          0        168   init_alloc.o
        44         10         28          0          0         76   lc_numeric_c.o
         2          0          0          0          0          0   libinit.o
        30          0          0          0          0          0   libinit2.o
         2          0          0          0          0          0   libshutdown.o
         2          0          0          0          0          0   libshutdown2.o
         8          4          0          0         96         68   libspace.o
       138          0          0          0          0         80   lludiv10.o
       238          0          0          0          0        100   lludivv7m.o
         0          0          0          0          0          0   maybetermalloc1.o
        88          0          0          0          0         76   memcmp.o
        40          6          0          0          0         84   noretval__2sprintf.o
         8          4          0          0          0         68   rt_errno_addr_intlibspace.o
         8          4          0          0          0         68   rt_heap_descriptor_intlibspace.o
         8          4          0          0          0         68   rt_locale_intlibspace.o
        68          0          0          0          0         68   rt_memclr.o
        78          0          0          0          0         80   rt_memclr_w.o
         2          0          0          0          0          0   rtexit.o
        10          0          0          0          0          0   rtexit2.o
       128          0          0          0          0         68   strcmpv7m.o
        12          4          0          0          0         68   sys_exit.o
        74          0          0          0          0         80   sys_stackheap_outer.o
        14          0          0          0          0         76   sys_wrch.o
         2          0          0          0          0         68   use_no_semi.o
       804         16          0          0          0        368   daddsub_clz.o
        24          0          0          0          0        116   dcmpi.o
       688        140          0          0          0        256   ddiv.o
        94          4          0          0          0        140   dfix.o
        46          0          0          0          0        116   dflt_clz.o
       120          4          0          0          0        140   dleqf.o
       340         12          0          0          0        152   dmul.o
       156          4          0          0          0        140   dnaninf.o
        12          0          0          0          0        116   dretinf.o
       108          0          0          0          0        128   drleqf.o
        10          0          0          0          0        116   fpinit.o
         4          0          0          0          0        116   printf1.o
         0          0          0          0          0          0   usenofp.o
        48          0          0          0          0        124   fpclassify.o
        38          0          0          0          0        116   fpclassifyf.o
        74         24          0          0          0        580   funder.o
      1636        110        320          0          0        372   powf.o

    ----------------------------------------------------------------------
      9940        586        496          0        100       7188   Library Totals
        20          0          0          0          4          0   (incl. Padding)

    ----------------------------------------------------------------------

      Code (inc. data)   RO Data    RW Data    ZI Data      Debug   Library Name

      5718        272        176          0         96       4092   c_w.l
      2406        180          0          0          0       1904   fz_wm.l
      1796        134        320          0          0       1192   m_wm.l

    ----------------------------------------------------------------------
      9940        586        496          0        100       7188   Library Totals

    ----------------------------------------------------------------------

==============================================================================


      Code (inc. data)   RO Data    RW Data    ZI Data      Debug   

     22286       1492       3586        204       6268     489383   Grand Totals
     22286       1492       3586        204       6268     489383   ELF Image Totals
     22286       1492       3586        204          0          0   ROM Totals

==============================================================================

    Total RO  Size (Code + RO Data)                25872 (  25.27kB)
    Total RW  Size (RW Data + ZI Data)              6472 (   6.32kB)
    Total ROM Size (Code + RO Data + RW Data)      26076 (  25.46kB)

==============================================================================

