Component: ARM Compiler 5.06 update 7 (build 960) Tool: armlink [4d3601]

==============================================================================

Section Cross References

    startup_stm32f401xc.o(RESET) refers to startup_stm32f401xc.o(STACK) for __initial_sp
    startup_stm32f401xc.o(RESET) refers to startup_stm32f401xc.o(.text) for Reset_Handler
    startup_stm32f401xc.o(RESET) refers to stm32f4xx_it.o(i.NMI_Handler) for NMI_Handler
    startup_stm32f401xc.o(RESET) refers to stm32f4xx_it.o(i.HardFault_Handler) for HardFault_Handler
    startup_stm32f401xc.o(RESET) refers to stm32f4xx_it.o(i.MemManage_Handler) for MemManage_Handler
    startup_stm32f401xc.o(RESET) refers to stm32f4xx_it.o(i.BusFault_Handler) for BusFault_Handler
    startup_stm32f401xc.o(RESET) refers to stm32f4xx_it.o(i.UsageFault_Handler) for UsageFault_Handler
    startup_stm32f401xc.o(RESET) refers to stm32f4xx_it.o(i.SVC_Handler) for SVC_Handler
    startup_stm32f401xc.o(RESET) refers to stm32f4xx_it.o(i.DebugMon_Handler) for DebugMon_Handler
    startup_stm32f401xc.o(RESET) refers to stm32f4xx_it.o(i.PendSV_Handler) for PendSV_Handler
    startup_stm32f401xc.o(RESET) refers to stm32f4xx_it.o(i.SysTick_Handler) for SysTick_Handler
    startup_stm32f401xc.o(.text) refers to system_stm32f4xx.o(i.SystemInit) for SystemInit
    startup_stm32f401xc.o(.text) refers to entry.o(.ARM.Collect$$$$00000000) for __main
    main.o(i.Controls) refers to graphics_api.o(i.Graphics_GetTick) for Graphics_GetTick
    main.o(i.Controls) refers to dadd.o(.text) for __aeabi_dadd
    main.o(i.Controls) refers to cdrcmple.o(.text) for __aeabi_cdrcmple
    main.o(i.Controls) refers to sxgui.o(i.Message_Box) for Message_Box
    main.o(i.Controls) refers to sxgui.o(i.Progress_Bar) for Progress_Bar
    main.o(i.Controls) refers to main.o(.data) for .data
    main.o(i.Draw_Line) refers to graphics_api.o(i.Graphics_GetTick) for Graphics_GetTick
    main.o(i.Draw_Line) refers to graphics_api.o(i.Graphics_DrawLine) for Graphics_DrawLine
    main.o(i.Draw_Line) refers to main.o(.data) for .data
    main.o(i.Draw_Round) refers to graphics_api.o(i.Graphics_GetTick) for Graphics_GetTick
    main.o(i.Draw_Round) refers to printfa.o(i.__0sprintf) for __2sprintf
    main.o(i.Draw_Round) refers to graphics_api.o(i.Graphics_DrawRound) for Graphics_DrawRound
    main.o(i.Draw_Round) refers to graphics_api.o(i.Graphics_ShowString) for Graphics_ShowString
    main.o(i.Draw_Round) refers to main.o(.data) for .data
    main.o(i.Driver_Infor) refers to graphics_api.o(i.Graphics_ShowString) for Graphics_ShowString
    main.o(i.Graphics_Infor) refers to graphics_api.o(i.Graphics_ShowString) for Graphics_ShowString
    main.o(i.Hub_Interface) refers to graphics_api.o(i.Graphics_ListChoose) for Graphics_ListChoose
    main.o(i.Hub_Interface) refers to graphics_api.o(i.Graphics_ShowString) for Graphics_ShowString
    main.o(i.Kernel_Infor) refers to graphics_api.o(i.Graphics_ShowString) for Graphics_ShowString
    main.o(i.PID_Infor) refers to printfa.o(i.__0sprintf) for __2sprintf
    main.o(i.PID_Infor) refers to graphics_api.o(i.Graphics_ShowString) for Graphics_ShowString
    main.o(i.PID_Infor) refers to graphics_api.o(.bss) for PID_Parameter
    main.o(i.Round_Rect) refers to graphics_api.o(i.Graphics_GetTick) for Graphics_GetTick
    main.o(i.Round_Rect) refers to stm32f4xx_hal.o(i.HAL_Delay) for HAL_Delay
    main.o(i.Round_Rect) refers to graphics_api.o(i.Graphics_DrawRoundRect) for Graphics_DrawRoundRect
    main.o(i.Round_Rect) refers to graphics_api.o(i.Graphics_Display) for Graphics_Display
    main.o(i.Round_Rect) refers to main.o(.data) for .data
    main.o(i.SX_MenuInit) refers to sxgui.o(i.SXGUI_Init) for SXGUI_Init
    main.o(i.SX_MenuInit) refers to sxgui.o(i.SXGUI_CreateMenu) for SXGUI_CreateMenu
    main.o(i.SX_MenuInit) refers to sxgui.o(i.SXGUI_CreateApp) for SXGUI_CreateApp
    main.o(i.SX_MenuInit) refers to sxgui.o(i.SXGUI_RootAddSubMenu) for SXGUI_RootAddSubMenu
    main.o(i.SX_MenuInit) refers to sxgui.o(i.SXGUI_AddSubMenu) for SXGUI_AddSubMenu
    main.o(i.SX_MenuInit) refers to sxgui.o(i.SXGUI_RootAddApp) for SXGUI_RootAddApp
    main.o(i.SX_MenuInit) refers to sxgui.o(i.SXGUI_AddApp) for SXGUI_AddApp
    main.o(i.SX_MenuInit) refers to main.o(i.Hub_Interface) for Hub_Interface
    main.o(i.SX_MenuInit) refers to sxgui.o(i.SXGUI_Interface) for SXGUI_Interface
    main.o(i.SX_MenuInit) refers to main.o(i.Draw_Line) for Draw_Line
    main.o(i.SX_MenuInit) refers to main.o(i.Draw_Round) for Draw_Round
    main.o(i.SX_MenuInit) refers to main.o(i.Round_Rect) for Round_Rect
    main.o(i.SX_MenuInit) refers to main.o(i.Kernel_Infor) for Kernel_Infor
    main.o(i.SX_MenuInit) refers to main.o(i.Graphics_Infor) for Graphics_Infor
    main.o(i.SX_MenuInit) refers to main.o(i.Driver_Infor) for Driver_Infor
    main.o(i.SX_MenuInit) refers to main.o(i.Writer_Infor) for Writer_Infor
    main.o(i.SX_MenuInit) refers to main.o(i.PID_Infor) for PID_Infor
[...]
    Removing stm32f4xx_hal_dma.o(i.HAL_DMA_Abort), (146 bytes).
    Removing stm32f4xx_hal_dma.o(i.HAL_DMA_Abort_IT), (36 bytes).
    Removing stm32f4xx_hal_dma.o(i.HAL_DMA_DeInit), (98 bytes).
    Removing stm32f4xx_hal_dma.o(i.HAL_DMA_GetError), (4 bytes).
    Removing stm32f4xx_hal_dma.o(i.HAL_DMA_GetState), (6 bytes).
    Removing stm32f4xx_hal_dma.o(i.HAL_DMA_IRQHandler), (416 bytes).
    Removing stm32f4xx_hal_dma.o(i.HAL_DMA_Init), (212 bytes).
    Removing stm32f4xx_hal_dma.o(i.HAL_DMA_PollForTransfer), (288 bytes).
    Removing stm32f4xx_hal_dma.o(i.HAL_DMA_RegisterCallback), (82 bytes).
    Removing stm32f4xx_hal_dma.o(i.HAL_DMA_Start), (70 bytes).
    Removing stm32f4xx_hal_dma.o(i.HAL_DMA_Start_IT), (110 bytes).
    Removing stm32f4xx_hal_dma.o(i.HAL_DMA_UnRegisterCallback), (96 bytes).
    Removing stm32f4xx_hal_dma.o(.constdata), (8 bytes).
    Removing stm32f4xx_hal_pwr.o(.rev16_text), (4 bytes).
    Removing stm32f4xx_hal_pwr.o(.revsh_text), (4 bytes).
    Removing stm32f4xx_hal_pwr.o(.rrx_text), (6 bytes).
    Removing stm32f4xx_hal_pwr.o(i.HAL_PWR_ConfigPVD), (124 bytes).
    Removing stm32f4xx_hal_pwr.o(i.HAL_PWR_DeInit), (24 bytes).
    Removing stm32f4xx_hal_pwr.o(i.HAL_PWR_DisableBkUpAccess), (24 bytes).
    Removing stm32f4xx_hal_pwr.o(i.HAL_PWR_DisablePVD), (12 bytes).
    Removing stm32f4xx_hal_pwr.o(i.HAL_PWR_DisableSEVOnPend), (16 bytes).
    Removing stm32f4xx_hal_pwr.o(i.HAL_PWR_DisableSleepOnExit), (16 bytes).
    Removing stm32f4xx_hal_pwr.o(i.HAL_PWR_DisableWakeUpPin), (16 bytes).
    Removing stm32f4xx_hal_pwr.o(i.HAL_PWR_EnableBkUpAccess), (24 bytes).
    Removing stm32f4xx_hal_pwr.o(i.HAL_PWR_EnablePVD), (12 bytes).
    Removing stm32f4xx_hal_pwr.o(i.HAL_PWR_EnableSEVOnPend), (16 bytes).
    Removing stm32f4xx_hal_pwr.o(i.HAL_PWR_EnableSleepOnExit), (16 bytes).
    Removing stm32f4xx_hal_pwr.o(i.HAL_PWR_EnableWakeUpPin), (16 bytes).
    Removing stm32f4xx_hal_pwr.o(i.HAL_PWR_EnterSLEEPMode), (36 bytes).
    Removing stm32f4xx_hal_pwr.o(i.HAL_PWR_EnterSTANDBYMode), (32 bytes).
    Removing stm32f4xx_hal_pwr.o(i.HAL_PWR_EnterSTOPMode), (60 bytes).
    Removing stm32f4xx_hal_pwr.o(i.HAL_PWR_PVDCallback), (2 bytes).
    Removing stm32f4xx_hal_pwr.o(i.HAL_PWR_PVD_IRQHandler), (28 bytes).
    Removing stm32f4xx_hal_pwr_ex.o(.rev16_text), (4 bytes).
    Removing stm32f4xx_hal_pwr_ex.o(.revsh_text), (4 bytes).
    Removing stm32f4xx_hal_pwr_ex.o(.rrx_text), (6 bytes).
    Removing stm32f4xx_hal_pwr_ex.o(i.HAL_PWREx_ControlVoltageScaling), (176 bytes).
    Removing stm32f4xx_hal_pwr_ex.o(i.HAL_PWREx_DisableBkUpReg), (60 bytes).
    Removing stm32f4xx_hal_pwr_ex.o(i.HAL_PWREx_DisableFlashPowerDown), (12 bytes).
    Removing stm32f4xx_hal_pwr_ex.o(i.HAL_PWREx_DisableLowRegulatorLowVoltage), (12 bytes).
    Removing stm32f4xx_hal_pwr_ex.o(i.HAL_PWREx_DisableMainRegulatorLowVoltage), (12 bytes).
    Removing stm32f4xx_hal_pwr_ex.o(i.HAL_PWREx_EnableBkUpReg), (60 bytes).
    Removing stm32f4xx_hal_pwr_ex.o(i.HAL_PWREx_EnableFlashPowerDown), (12 bytes).
    Removing stm32f4xx_hal_pwr_ex.o(i.HAL_PWREx_EnableLowRegulatorLowVoltage), (12 bytes).
    Removing stm32f4xx_hal_pwr_ex.o(i.HAL_PWREx_EnableMainRegulatorLowVoltage), (12 bytes).
    Removing stm32f4xx_hal_pwr_ex.o(i.HAL_PWREx_GetVoltageRange), (16 bytes).
    Removing stm32f4xx_hal_cortex.o(.rev16_text), (4 bytes).
    Removing stm32f4xx_hal_cortex.o(.revsh_text), (4 bytes).
    Removing stm32f4xx_hal_cortex.o(.rrx_text), (6 bytes).
    Removing stm32f4xx_hal_cortex.o(i.HAL_CORTEX_ClearEvent), (6 bytes).
    Removing stm32f4xx_hal_cortex.o(i.HAL_MPU_ConfigRegion), (84 bytes).
    Removing stm32f4xx_hal_cortex.o(i.HAL_MPU_Disable), (28 bytes).
    Removing stm32f4xx_hal_cortex.o(i.HAL_MPU_Enable), (36 bytes).
    Removing stm32f4xx_hal_cortex.o(i.HAL_NVIC_ClearPendingIRQ), (26 bytes).
    Removing stm32f4xx_hal_cortex.o(i.HAL_NVIC_DisableIRQ), (34 bytes).
    Removing stm32f4xx_hal_cortex.o(i.HAL_NVIC_EnableIRQ), (26 bytes).
    Removing stm32f4xx_hal_cortex.o(i.HAL_NVIC_GetActive), (36 bytes).
    Removing stm32f4xx_hal_cortex.o(i.HAL_NVIC_GetPendingIRQ), (36 bytes).
    Removing stm32f4xx_hal_cortex.o(i.HAL_NVIC_GetPriority), (82 bytes).
    Removing stm32f4xx_hal_cortex.o(i.HAL_NVIC_GetPriorityGrouping), (16 bytes).
    Removing stm32f4xx_hal_cortex.o(i.HAL_NVIC_SetPendingIRQ), (26 bytes).
    Removing stm32f4xx_hal_cortex.o(i.HAL_NVIC_SystemReset), (36 bytes).
    Removing stm32f4xx_hal_cortex.o(i.HAL_SYSTICK_CLKSourceConfig), (24 bytes).
    Removing stm32f4xx_hal_cortex.o(i.HAL_SYSTICK_Callback), (2 bytes).
    Removing stm32f4xx_hal_cortex.o(i.HAL_SYSTICK_IRQHandler), (8 bytes).
    Removing stm32f4xx_hal.o(.rev16_text), (4 bytes).
    Removing stm32f4xx_hal.o(.revsh_text), (4 bytes).
    Removing stm32f4xx_hal.o(.rrx_text), (6 bytes).
    Removing stm32f4xx_hal.o(i.HAL_DBGMCU_DisableDBGSleepMode), (16 bytes).
    Removing stm32f4xx_hal.o(i.HAL_DBGMCU_DisableDBGStandbyMode), (16 bytes).
    Removing stm32f4xx_hal.o(i.HAL_DBGMCU_DisableDBGStopMode), (16 bytes).
    Removing stm32f4xx_hal.o(i.HAL_DBGMCU_EnableDBGSleepMode), (16 bytes).
    Removing stm32f4xx_hal.o(i.HAL_DBGMCU_EnableDBGStandbyMode), (16 bytes).
    Removing stm32f4xx_hal.o(i.HAL_DBGMCU_EnableDBGStopMode), (16 bytes).
    Removing stm32f4xx_hal.o(i.HAL_DeInit), (72 bytes).
    Removing stm32f4xx_hal.o(i.HAL_DisableCompensationCell), (12 bytes).
    Removing stm32f4xx_hal.o(i.HAL_EnableCompensationCell), (12 bytes).
    Removing stm32f4xx_hal.o(i.HAL_GetDEVID), (16 bytes).
    Removing stm32f4xx_hal.o(i.HAL_GetHalVersion), (8 bytes).
    Removing stm32f4xx_hal.o(i.HAL_GetREVID), (12 bytes).
    Removing stm32f4xx_hal.o(i.HAL_GetTickFreq), (12 bytes).
    Removing stm32f4xx_hal.o(i.HAL_GetTickPrio), (12 bytes).
    Removing stm32f4xx_hal.o(i.HAL_GetUIDw0), (12 bytes).
    Removing stm32f4xx_hal.o(i.HAL_GetUIDw1), (12 bytes).
    Removing stm32f4xx_hal.o(i.HAL_GetUIDw2), (12 bytes).
    Removing stm32f4xx_hal.o(i.HAL_MspDeInit), (2 bytes).
    Removing stm32f4xx_hal.o(i.HAL_MspInit), (2 bytes).
    Removing stm32f4xx_hal.o(i.HAL_ResumeTick), (14 bytes).
    Removing stm32f4xx_hal.o(i.HAL_SetTickFreq), (36 bytes).
    Removing stm32f4xx_hal.o(i.HAL_SuspendTick), (14 bytes).
    Removing stm32f4xx_hal_exti.o(.rev16_text), (4 bytes).
    Removing stm32f4xx_hal_exti.o(.revsh_text), (4 bytes).
    Removing stm32f4xx_hal_exti.o(.rrx_text), (6 bytes).
    Removing stm32f4xx_hal_exti.o(i.HAL_EXTI_ClearConfigLine), (108 bytes).
    Removing stm32f4xx_hal_exti.o(i.HAL_EXTI_ClearPending), (20 bytes).
    Removing stm32f4xx_hal_exti.o(i.HAL_EXTI_GenerateSWI), (20 bytes).
    Removing stm32f4xx_hal_exti.o(i.HAL_EXTI_GetConfigLine), (144 bytes).
    Removing stm32f4xx_hal_exti.o(i.HAL_EXTI_GetHandle), (12 bytes).
    Removing stm32f4xx_hal_exti.o(i.HAL_EXTI_GetPending), (24 bytes).
    Removing stm32f4xx_hal_exti.o(i.HAL_EXTI_IRQHandler), (36 bytes).
    Removing stm32f4xx_hal_exti.o(i.HAL_EXTI_RegisterCallback), (14 bytes).
    Removing stm32f4xx_hal_exti.o(i.HAL_EXTI_SetConfigLine), (168 bytes).
    Removing stm32f4xx_hal_tim.o(.rev16_text), (4 bytes).
    Removing stm32f4xx_hal_tim.o(.revsh_text), (4 bytes).
    Removing stm32f4xx_hal_tim.o(.rrx_text), (6 bytes).
    Removing stm32f4xx_hal_tim_ex.o(.rev16_text), (4 bytes).
    Removing stm32f4xx_hal_tim_ex.o(.revsh_text), (4 bytes).
    Removing stm32f4xx_hal_tim_ex.o(.rrx_text), (6 bytes).
    Removing system_stm32f4xx.o(.rev16_text), (4 bytes).
    Removing system_stm32f4xx.o(.revsh_text), (4 bytes).
    Removing system_stm32f4xx.o(.rrx_text), (6 bytes).
    Removing system_stm32f4xx.o(i.SystemCoreClockUpdate), (120 bytes).
    Removing system_stm32f4xx.o(.constdata), (8 bytes).
    Removing sxgui.o(.rev16_text), (4 bytes).
    Removing sxgui.o(.revsh_text), (4 bytes).
    Removing sxgui.o(.rrx_text), (6 bytes).
    Removing sxgui.o(i.SXGUI_DeleteApp), (32 bytes).
    Removing sxgui.o(i.SXGUI_DeleteMenu), (32 bytes).
    Removing sxgui.o(i.SXGUI_Free), (12 bytes).
    Removing graphics_api.o(.rev16_text), (4 bytes).
    Removing graphics_api.o(.revsh_text), (4 bytes).
    Removing graphics_api.o(.rrx_text), (6 bytes).
    Removing graphics_api.o(i.Graphics_GetGRAM), (20 bytes).
    Removing graphics_api.o(i.Graphics_GratingCount), (4 bytes).
    Removing graphics_api.o(i.Graphics_ShowBMP), (28 bytes).
    Removing oled.o(.rev16_text), (4 bytes).
    Removing oled.o(.revsh_text), (4 bytes).
    Removing oled.o(.rrx_text), (6 bytes).
    Removing oled.o(i.OLED_GetGRAM), (28 bytes).
    Removing oled.o(.data), (512 bytes).

282 unused section(s) (total 16010 bytes) removed from the image.

==============================================================================

Image Symbol Table

    Local Symbols

    Symbol Name                              Value     Ov Type        Size  Object(Section)

    ../Core/Src/gpio.c                       0x00000000   Number         0  gpio.o ABSOLUTE
    ../Core/Src/main.c                       0x00000000   Number         0  main.o ABSOLUTE
    ../Core/Src/spi.c                        0x00000000   Number         0  spi.o ABSOLUTE
    ../Core/Src/stm32f4xx_hal_msp.c          0x00000000   Number         0  stm32f4xx_hal_msp.o ABSOLUTE
    ../Core/Src/stm32f4xx_it.c               0x00000000   Number         0  stm32f4xx_it.o ABSOLUTE
    ../Core/Src/system_stm32f4xx.c           0x00000000   Number         0  system_stm32f4xx.o ABSOLUTE
    ../Drivers/STM32F4xx_HAL_Driver/Src/stm32f4xx_hal.c 0x00000000   Number         0  stm32f4xx_hal.o ABSOLUTE
    ../Drivers/STM32F4xx_HAL_Driver/Src/stm32f4xx_hal_cortex.c 0x00000000   Number         0  stm32f4xx_hal_cortex.o ABSOLUTE
    ../Drivers/STM32F4xx_HAL_Driver/Src/stm32f4xx_hal_dma.c 0x00000000   Number         0  stm32f4xx_hal_dma.o ABSOLUTE
    ../Drivers/STM32F4xx_HAL_Driver/Src/stm32f4xx_hal_dma_ex.c 0x00000000   Number         0  stm32f4xx_hal_dma_ex.o ABSOLUTE
    ../Drivers/STM32F4xx_HAL_Driver/Src/stm32f4xx_hal_exti.c 0x00000000   Number         0  stm32f4xx_hal_exti.o ABSOLUTE
    ../Drivers/STM32F4xx_HAL_Driver/Src/stm32f4xx_hal_flash.c 0x00000000   Number         0  stm32f4xx_hal_flash.o ABSOLUTE
    ../Drivers/STM32F4xx_HAL_Driver/Src/stm32f4xx_hal_flash_ex.c 0x00000000   Number         0  stm32f4xx_hal_flash_ex.o ABSOLUTE
    ../Drivers/STM32F4xx_HAL_Driver/Src/stm32f4xx_hal_flash_ramfunc.c 0x00000000   Number         0  stm32f4xx_hal_flash_ramfunc.o ABSOLUTE
    ../Drivers/STM32F4xx_HAL_Driver/Src/stm32f4xx_hal_gpio.c 0x00000000   Number         0  stm32f4xx_hal_gpio.o ABSOLUTE
    ../Drivers/STM32F4xx_HAL_Driver/Src/stm32f4xx_hal_pwr.c 0x00000000   Number         0  stm32f4xx_hal_pwr.o ABSOLUTE
    ../Drivers/STM32F4xx_HAL_Driver/Src/stm32f4xx_hal_pwr_ex.c 0x00000000   Number         0  stm32f4xx_hal_pwr_ex.o ABSOLUTE
    ../Drivers/STM32F4xx_HAL_Driver/Src/stm32f4xx_hal_rcc.c 0x00000000   Number         0  stm32f4xx_hal_rcc.o ABSOLUTE
    ../Drivers/STM32F4xx_HAL_Driver/Src/stm32f4xx_hal_rcc_ex.c 0x00000000   Number         0  stm32f4xx_hal_rcc_ex.o ABSOLUTE
    ../Drivers/STM32F4xx_HAL_Driver/Src/stm32f4xx_hal_spi.c 0x00000000   Number         0  stm32f4xx_hal_spi.o ABSOLUTE
    ../Drivers/STM32F4xx_HAL_Driver/Src/stm32f4xx_hal_tim.c 0x00000000   Number         0  stm32f4xx_hal_tim.o ABSOLUTE
    ../Drivers/STM32F4xx_HAL_Driver/Src/stm32f4xx_hal_tim_ex.c 0x00000000   Number         0  stm32f4xx_hal_tim_ex.o ABSOLUTE
    ../clib/microlib/division.c              0x00000000   Number         0  uidiv.o ABSOLUTE
    ../clib/microlib/division.c              0x00000000   Number         0  uldiv.o ABSOLUTE
    ../clib/microlib/errno.c                 0x00000000   Number         0  errno.o ABSOLUTE
    ../clib/microlib/init/entry.s            0x00000000   Number         0  entry10b.o ABSOLUTE
    ../clib/microlib/init/entry.s            0x00000000   Number         0  entry.o ABSOLUTE
    ../clib/microlib/init/entry.s            0x00000000   Number         0  entry12b.o ABSOLUTE
    ../clib/microlib/init/entry.s            0x00000000   Number         0  entry11b.o ABSOLUTE
    ../clib/microlib/init/entry.s            0x00000000   Number         0  entry11a.o ABSOLUTE
    ../clib/microlib/init/entry.s            0x00000000   Number         0  entry10a.o ABSOLUTE
    ../clib/microlib/init/entry.s            0x00000000   Number         0  entry9b.o ABSOLUTE
    ../clib/microlib/init/entry.s            0x00000000   Number         0  entry9a.o ABSOLUTE
    ../clib/microlib/init/entry.s            0x00000000   Number         0  entry2.o ABSOLUTE
    ../clib/microlib/init/entry.s            0x00000000   Number         0  entry8b.o ABSOLUTE
    ../clib/microlib/init/entry.s            0x00000000   Number         0  entry8a.o ABSOLUTE
    ../clib/microlib/init/entry.s            0x00000000   Number         0  entry7b.o ABSOLUTE
    ../clib/microlib/init/entry.s            0x00000000   Number         0  entry7a.o ABSOLUTE
    ../clib/microlib/init/entry.s            0x00000000   Number         0  entry5.o ABSOLUTE
    ../clib/microlib/init/entry.s            0x00000000   Number         0  entry12a.o ABSOLUTE
    ../clib/microlib/longlong.c              0x00000000   Number         0  llushr.o ABSOLUTE
    ../clib/microlib/longlong.c              0x00000000   Number         0  llsshr.o ABSOLUTE
    ../clib/microlib/longlong.c              0x00000000   Number         0  llshl.o ABSOLUTE
    ../clib/microlib/malloc/malloc.c         0x00000000   Number         0  malloc.o ABSOLUTE
    ../clib/microlib/malloc/malloc.c         0x00000000   Number         0  mallocr.o ABSOLUTE
    ../clib/microlib/malloc/malloc.c         0x00000000   Number         0  mallocra.o ABSOLUTE
    ../clib/microlib/malloc/malloc.c         0x00000000   Number         0  malloca.o ABSOLUTE
    ../clib/microlib/malloc/mvars.c          0x00000000   Number         0  mvars.o ABSOLUTE
    ../clib/microlib/printf/printf.c         0x00000000   Number         0  printf7.o ABSOLUTE
    ../clib/microlib/printf/printf.c         0x00000000   Number         0  printf5.o ABSOLUTE
    ../clib/microlib/printf/printf.c         0x00000000   Number         0  printf4.o ABSOLUTE
    ../clib/microlib/printf/printf.c         0x00000000   Number         0  printf3.o ABSOLUTE
    ../clib/microlib/printf/printf.c         0x00000000   Number         0  printf2.o ABSOLUTE
    ../clib/microlib/printf/printf.c         0x00000000   Number         0  printf1.o ABSOLUTE
    ../clib/microlib/printf/printf.c         0x00000000   Number         0  printf0.o ABSOLUTE
    ../clib/microlib/printf/printf.c         0x00000000   Number         0  printfb.o ABSOLUTE
    ../clib/microlib/printf/printf.c         0x00000000   Number         0  printf6.o ABSOLUTE
    ../clib/microlib/printf/printf.c         0x00000000   Number         0  printfa.o ABSOLUTE
    ../clib/microlib/printf/printf.c         0x00000000   Number         0  printf8.o ABSOLUTE
    ../clib/microlib/printf/stubs.s          0x00000000   Number         0  stubs.o ABSOLUTE
    ../clib/microlib/stdio/fputc.c           0x00000000   Number         0  fputc.o ABSOLUTE
    ../clib/microlib/stdio/semi.s            0x00000000   Number         0  semi.o ABSOLUTE
    ../clib/microlib/stdio/streams.c         0x00000000   Number         0  stdout.o ABSOLUTE
    ../clib/microlib/string/memcmp.c         0x00000000   Number         0  memcmp.o ABSOLUTE
    ../clib/microlib/string/memcpy.c         0x00000000   Number         0  memcpyb.o ABSOLUTE
    ../clib/microlib/string/memcpy.c         0x00000000   Number         0  memcpya.o ABSOLUTE
    ../clib/microlib/string/memset.c         0x00000000   Number         0  memseta.o ABSOLUTE
    ../clib/microlib/stubs.s                 0x00000000   Number         0  iusefp.o ABSOLUTE
    ../clib/microlib/stubs.s                 0x00000000   Number         0  iusesemip.o ABSOLUTE
    ../fplib/microlib/fpadd.c                0x00000000   Number         0  dadd.o ABSOLUTE
    ../fplib/microlib/fpdiv.c                0x00000000   Number         0  ddiv.o ABSOLUTE
    ../fplib/microlib/fpepilogue.c           0x00000000   Number         0  depilogue.o ABSOLUTE
    ../fplib/microlib/fpfix.c                0x00000000   Number         0  dfixul.o ABSOLUTE
    ../fplib/microlib/fpfix.c                0x00000000   Number         0  dfixi.o ABSOLUTE
    ../fplib/microlib/fpflt.c                0x00000000   Number         0  dflti.o ABSOLUTE
    ../fplib/microlib/fpmul.c                0x00000000   Number         0  dmul.o ABSOLUTE
    ../fplib/microlib/fpstat.c               0x00000000   Number         0  fpstat.o ABSOLUTE
    ../mathlib/fpclassifyf.c                 0x00000000   Number         0  fpclassifyf.o ABSOLUTE
    ../mathlib/funder.c                      0x00000000   Number         0  funder.o ABSOLUTE
    ../mathlib/powf.c                        0x00000000   Number         0  powf.o ABSOLUTE
    ../mathlib/powf.c                        0x00000000   Number         0  powf_x.o ABSOLUTE
    ..\Core\Src\gpio.c                       0x00000000   Number         0  gpio.o ABSOLUTE
    ..\Core\Src\main.c                       0x00000000   Number         0  main.o ABSOLUTE
    ..\Core\Src\spi.c                        0x00000000   Number         0  spi.o ABSOLUTE
    ..\Core\Src\stm32f4xx_hal_msp.c          0x00000000   Number         0  stm32f4xx_hal_msp.o ABSOLUTE
    ..\Core\Src\stm32f4xx_it.c               0x00000000   Number         0  stm32f4xx_it.o ABSOLUTE
    ..\Core\Src\system_stm32f4xx.c           0x00000000   Number         0  system_stm32f4xx.o ABSOLUTE
    ..\Drivers\STM32F4xx_HAL_Driver\Src\stm32f4xx_hal.c 0x00000000   Number         0  stm32f4xx_hal.o ABSOLUTE
    ..\Drivers\STM32F4xx_HAL_Driver\Src\stm32f4xx_hal_cortex.c 0x00000000   Number         0  stm32f4xx_hal_cortex.o ABSOLUTE
    ..\Drivers\STM32F4xx_HAL_Driver\Src\stm32f4xx_hal_dma.c 0x00000000   Number         0  stm32f4xx_hal_dma.o ABSOLUTE
    ..\Drivers\STM32F4xx_HAL_Driver\Src\stm32f4xx_hal_dma_ex.c 0x00000000   Number         0  stm32f4xx_hal_dma_ex.o ABSOLUTE
    ..\Drivers\STM32F4xx_HAL_Driver\Src\stm32f4xx_hal_exti.c 0x00000000   Number         0  stm32f4xx_hal_exti.o ABSOLUTE
    ..\Drivers\STM32F4xx_HAL_Driver\Src\stm32f4xx_hal_flash.c 0x00000000   Number         0  stm32f4xx_hal_flash.o ABSOLUTE
    ..\Drivers\STM32F4xx_HAL_Driver\Src\stm32f4xx_hal_flash_ex.c 0x00000000   Number         0  stm32f4xx_hal_flash_ex.o ABSOLUTE
    ..\Drivers\STM32F4xx_HAL_Driver\Src\stm32f4xx_hal_flash_ramfunc.c 0x00000000   Number         0  stm32f4xx_hal_flash_ramfunc.o ABSOLUTE
    ..\Drivers\STM32F4xx_HAL_Driver\Src\stm32f4xx_hal_gpio.c 0x00000000   Number         0  stm32f4xx_hal_gpio.o ABSOLUTE
    ..\Drivers\STM32F4xx_HAL_Driver\Src\stm32f4xx_hal_pwr.c 0x00000000   Number         0  stm32f4xx_hal_pwr.o ABSOLUTE
    ..\Drivers\STM32F4xx_HAL_Driver\Src\stm32f4xx_hal_pwr_ex.c 0x00000000   Number         0  stm32f4xx_hal_pwr_ex.o ABSOLUTE
    ..\Drivers\STM32F4xx_HAL_Driver\Src\stm32f4xx_hal_rcc.c 0x00000000   Number         0  stm32f4xx_hal_rcc.o ABSOLUTE
    ..\Drivers\STM32F4xx_HAL_Driver\Src\stm32f4xx_hal_rcc_ex.c 0x00000000   Number         0  stm32f4xx_hal_rcc_ex.o ABSOLUTE
    ..\Drivers\STM32F4xx_HAL_Driver\Src\stm32f4xx_hal_spi.c 0x00000000   Number         0  stm32f4xx_hal_spi.o ABSOLUTE
    ..\Drivers\STM32F4xx_HAL_Driver\Src\stm32f4xx_hal_tim.c 0x00000000   Number         0  stm32f4xx_hal_tim.o ABSOLUTE
    ..\Drivers\STM32F4xx_HAL_Driver\Src\stm32f4xx_hal_tim_ex.c 0x00000000   Number         0  stm32f4xx_hal_tim_ex.o ABSOLUTE
    ..\SXGUI\Core\Src\graphics_api.c         0x00000000   Number         0  graphics_api.o ABSOLUTE
    ..\SXGUI\Core\Src\sxgui.c                0x00000000   Number         0  sxgui.o ABSOLUTE
    ..\SXGUI\ScreenDrivers\OLED_Driver\oled.c 0x00000000   Number         0  oled.o ABSOLUTE
    ..\\SXGUI\\Core\\Src\\graphics_api.c     0x00000000   Number         0  graphics_api.o ABSOLUTE
    ..\\SXGUI\\Core\\Src\\sxgui.c            0x00000000   Number         0  sxgui.o ABSOLUTE
    ..\\SXGUI\\ScreenDrivers\\OLED_Driver\\oled.c 0x00000000   Number         0  oled.o ABSOLUTE
    cdrcmple.s                               0x00000000   Number         0  cdrcmple.o ABSOLUTE
    dc.s                                     0x00000000   Number         0  dc.o ABSOLUTE
    handlers.s                               0x00000000   Number         0  handlers.o ABSOLUTE
    init.s                                   0x00000000   Number         0  init.o ABSOLUTE
    startup_stm32f401xc.s                    0x00000000   Number         0  startup_stm32f401xc.o ABSOLUTE
    RESET                                    0x08000000   Section      404  startup_stm32f401xc.o(RESET)
    .ARM.Collect$$$$00000000                 0x08000194   Section        0  entry.o(.ARM.Collect$$$$00000000)
    .ARM.Collect$$$$00000001                 0x08000194   Section        4  entry2.o(.ARM.Collect$$$$00000001)
    .ARM.Collect$$$$00000004                 0x08000198   Section        4  entry5.o(.ARM.Collect$$$$00000004)
    .ARM.Collect$$$$00000008                 0x0800019c   Section        0  entry7b.o(.ARM.Collect$$$$00000008)
    .ARM.Collect$$$$0000000A                 0x0800019c   Section        0  entry8b.o(.ARM.Collect$$$$0000000A)
    .ARM.Collect$$$$0000000B                 0x0800019c   Section        8  entry9a.o(.ARM.Collect$$$$0000000B)
    .ARM.Collect$$$$0000000E                 0x080001a4   Section        4  entry12b.o(.ARM.Collect$$$$0000000E)
    .ARM.Collect$$$$0000000F                 0x080001a8   Section        0  entry10a.o(.ARM.Collect$$$$0000000F)
    .ARM.Collect$$$$00000011                 0x080001a8   Section        0  entry11a.o(.ARM.Collect$$$$00000011)
    .ARM.Collect$$$$00002712                 0x080001a8   Section        4  entry2.o(.ARM.Collect$$$$00002712)
    __lit__00000000                          0x080001a8   Data           4  entry2.o(.ARM.Collect$$$$00002712)
    .text                                    0x080001ac   Section       36  startup_stm32f401xc.o(.text)
    $v0                                      0x080001ac   Number         0  startup_stm32f401xc.o(.text)
    .text                                    0x080001d0   Section        0  uldiv.o(.text)
    .text                                    0x08000232   Section        0  memseta.o(.text)
    .text                                    0x08000256   Section        0  memcmp.o(.text)
    .text                                    0x08000270   Section        0  dadd.o(.text)
    .text                                    0x080003be   Section        0  dmul.o(.text)
    .text                                    0x080004a2   Section        0  ddiv.o(.text)
    .text                                    0x08000580   Section        0  dflti.o(.text)
    .text                                    0x080005a2   Section        0  dfixi.o(.text)
    .text                                    0x080005e0   Section       48  cdrcmple.o(.text)
    .text                                    0x08000610   Section        0  uidiv.o(.text)
    .text                                    0x0800063c   Section        0  llshl.o(.text)
    .text                                    0x0800065a   Section        0  llushr.o(.text)
    .text                                    0x0800067a   Section        0  llsshr.o(.text)
    .text                                    0x0800069e   Section        0  iusefp.o(.text)
    .text                                    0x0800069e   Section        0  depilogue.o(.text)
    .text                                    0x08000758   Section        0  dfixul.o(.text)
    .text                                    0x08000788   Section        0  fpstat.o(.text)
    .text                                    0x0800078c   Section       36  init.o(.text)
    i.BusFault_Handler                       0x080007b0   Section        0  stm32f4xx_it.o(i.BusFault_Handler)
    i.Controls                               0x080007b4   Section        0  main.o(i.Controls)
    i.DebugMon_Handler                       0x0800084c   Section        0  stm32f4xx_it.o(i.DebugMon_Handler)
    i.Draw_Line                              0x08000850   Section        0  main.o(i.Draw_Line)
    i.Draw_Round                             0x080008a8   Section        0  main.o(i.Draw_Round)
    i.Driver_Infor                           0x08000918   Section        0  main.o(i.Driver_Infor)
    i.Error_Handler                          0x08000940   Section        0  main.o(i.Error_Handler)
    i.GetStrLen                              0x08000944   Section        0  graphics_api.o(i.GetStrLen)
    i.Graphics_Bokeh                         0x08000964   Section        0  graphics_api.o(i.Graphics_Bokeh)
    i.Graphics_Check                         0x080009a0   Section        0  graphics_api.o(i.Graphics_Check)
    i.Graphics_Clear                         0x080009ac   Section        0  graphics_api.o(i.Graphics_Clear)
    i.Graphics_Display                       0x080009b8   Section        0  graphics_api.o(i.Graphics_Display)
    i.Graphics_DrawLine                      0x080009c8   Section        0  graphics_api.o(i.Graphics_DrawLine)
    i.Graphics_DrawPoint                     0x08000b30   Section        0  graphics_api.o(i.Graphics_DrawPoint)
    i.Graphics_DrawQuarterRound              0x08000b3c   Section        0  graphics_api.o(i.Graphics_DrawQuarterRound)
    i.Graphics_DrawRect                      0x08000da2   Section        0  graphics_api.o(i.Graphics_DrawRect)
    i.Graphics_DrawRound                     0x08000e40   Section        0  graphics_api.o(i.Graphics_DrawRound)
    i.Graphics_DrawRoundRect                 0x0800108e   Section        0  graphics_api.o(i.Graphics_DrawRoundRect)
    i.Graphics_GetTick                       0x080011c0   Section        0  graphics_api.o(i.Graphics_GetTick)
    i.Graphics_Infor                         0x080011c4   Section        0  main.o(i.Graphics_Infor)
    i.Graphics_Init                          0x080011f0   Section        0  graphics_api.o(i.Graphics_Init)
    i.Graphics_ListChoose                    0x08001200   Section        0  graphics_api.o(i.Graphics_ListChoose)
    i.Graphics_Mapping                       0x0800132c   Section        0  graphics_api.o(i.Graphics_Mapping)
    i.Graphics_PID                           0x08001340   Section        0  graphics_api.o(i.Graphics_PID)
    i.Graphics_ShowChar                      0x080014a8   Section        0  graphics_api.o(i.Graphics_ShowChar)
    i.Graphics_ShowList                      0x080014c0   Section        0  graphics_api.o(i.Graphics_ShowList)
    i.Graphics_ShowString                    0x080015b8   Section        0  graphics_api.o(i.Graphics_ShowString)
    i.Graphics_UpDateToGRAM                  0x08001618   Section        0  graphics_api.o(i.Graphics_UpDateToGRAM)
    i.HAL_Delay                              0x0800162c   Section        0  stm32f4xx_hal.o(i.HAL_Delay)
    i.HAL_GPIO_Init                          0x08001650   Section        0  stm32f4xx_hal_gpio.o(i.HAL_GPIO_Init)
    i.HAL_GPIO_ReadPin                       0x08001830   Section        0  stm32f4xx_hal_gpio.o(i.HAL_GPIO_ReadPin)
    i.HAL_GPIO_WritePin                      0x0800183a   Section        0  stm32f4xx_hal_gpio.o(i.HAL_GPIO_WritePin)
    i.HAL_GetTick                            0x08001844   Section        0  stm32f4xx_hal.o(i.HAL_GetTick)
    i.HAL_IncTick                            0x08001850   Section        0  stm32f4xx_hal.o(i.HAL_IncTick)
    i.HAL_Init                               0x08001860   Section        0  stm32f4xx_hal.o(i.HAL_Init)
    i.HAL_InitTick                           0x08001894   Section        0  stm32f4xx_hal.o(i.HAL_InitTick)
    i.HAL_MspInit                            0x080018d4   Section        0  stm32f4xx_hal_msp.o(i.HAL_MspInit)
    i.HAL_NVIC_SetPriority                   0x08001904   Section        0  stm32f4xx_hal_cortex.o(i.HAL_NVIC_SetPriority)
    i.HAL_NVIC_SetPriorityGrouping           0x08001944   Section        0  stm32f4xx_hal_cortex.o(i.HAL_NVIC_SetPriorityGrouping)
    i.HAL_RCC_ClockConfig                    0x08001968   Section        0  stm32f4xx_hal_rcc.o(i.HAL_RCC_ClockConfig)
    i.HAL_RCC_GetSysClockFreq                0x08001a9c   Section        0  stm32f4xx_hal_rcc.o(i.HAL_RCC_GetSysClockFreq)
    i.HAL_RCC_OscConfig                      0x08001afc   Section        0  stm32f4xx_hal_rcc.o(i.HAL_RCC_OscConfig)
    i.HAL_SPI_Init                           0x08001e68   Section        0  stm32f4xx_hal_spi.o(i.HAL_SPI_Init)
    i.HAL_SPI_MspInit                        0x08001f24   Section        0  spi.o(i.HAL_SPI_MspInit)
    i.HAL_SPI_Transmit                       0x08001f8c   Section        0  stm32f4xx_hal_spi.o(i.HAL_SPI_Transmit)
    i.HAL_SYSTICK_Config                     0x080020fa   Section        0  stm32f4xx_hal_cortex.o(i.HAL_SYSTICK_Config)
    i.HardFault_Handler                      0x08002122   Section        0  stm32f4xx_it.o(i.HardFault_Handler)
    i.Hub_Interface                          0x08002124   Section        0  main.o(i.Hub_Interface)
    i.Kernel_Infor                           0x08002168   Section        0  main.o(i.Kernel_Infor)
    i.MX_GPIO_Init                           0x08002188   Section        0  gpio.o(i.MX_GPIO_Init)
    i.MX_SPI1_Init                           0x08002230   Section        0  spi.o(i.MX_SPI1_Init)
    i.MemManage_Handler                      0x08002274   Section        0  stm32f4xx_it.o(i.MemManage_Handler)
    i.Message_Box                            0x08002278   Section        0  sxgui.o(i.Message_Box)
    i.NMI_Handler                            0x08002312   Section        0  stm32f4xx_it.o(i.NMI_Handler)
    i.OLED_Clear                             0x08002314   Section        0  oled.o(i.OLED_Clear)
    i.OLED_DrawPoint                         0x08002358   Section        0  oled.o(i.OLED_DrawPoint)
    i.OLED_DrawQuarterRound                  0x080023a4   Section        0  oled.o(i.OLED_DrawQuarterRound)
    i.OLED_GRAM_Transmit                     0x080024dc   Section        0  oled.o(i.OLED_GRAM_Transmit)
    i.OLED_Grating_Count                     0x080024e8   Section        0  oled.o(i.OLED_Grating_Count)
    i.OLED_Init                              0x08002518   Section        0  oled.o(i.OLED_Init)
    i.OLED_Negation                          0x080025ec   Section        0  oled.o(i.OLED_Negation)
    i.OLED_ShowBMP                           0x0800273c   Section        0  oled.o(i.OLED_ShowBMP)
    i.OLED_ShowChar                          0x08002a24   Section        0  oled.o(i.OLED_ShowChar)
    i.OLED_UpDateToGRAM                      0x08002d98   Section        0  oled.o(i.OLED_UpDateToGRAM)
    i.OLED_WR_CMD                            0x08002dc4   Section        0  oled.o(i.OLED_WR_CMD)
    i.OLED_WR_Data                           0x08002dfc   Section        0  oled.o(i.OLED_WR_Data)
    i.PID_Infor                              0x08002e38   Section        0  main.o(i.PID_Infor)
    i.PendSV_Handler                         0x08002f1c   Section        0  stm32f4xx_it.o(i.PendSV_Handler)
    i.Progress_Bar                           0x08002f1e   Section        0  sxgui.o(i.Progress_Bar)
    i.Round_Rect                             0x08002f9c   Section        0  main.o(i.Round_Rect)
    i.SPI_EndRxTxTransaction                 0x08003064   Section        0  stm32f4xx_hal_spi.o(i.SPI_EndRxTxTransaction)
    SPI_EndRxTxTransaction                   0x08003065   Thumb Code    98  stm32f4xx_hal_spi.o(i.SPI_EndRxTxTransaction)
    i.SPI_WaitFlagStateUntilTimeout          0x080030d0   Section        0  stm32f4xx_hal_spi.o(i.SPI_WaitFlagStateUntilTimeout)
    SPI_WaitFlagStateUntilTimeout            0x080030d1   Thumb Code   180  stm32f4xx_hal_spi.o(i.SPI_WaitFlagStateUntilTimeout)
    i.SVC_Handler                            0x08003188   Section        0  stm32f4xx_it.o(i.SVC_Handler)
    i.SXGUI_AddApp                           0x0800318a   Section        0  sxgui.o(i.SXGUI_AddApp)
    i.SXGUI_AddSubMenu                       0x080031ae   Section        0  sxgui.o(i.SXGUI_AddSubMenu)
    i.SXGUI_CreateApp                        0x080031d2   Section        0  sxgui.o(i.SXGUI_CreateApp)
    i.SXGUI_CreateMenu                       0x080031e4   Section        0  sxgui.o(i.SXGUI_CreateMenu)
    i.SXGUI_CreateRoot                       0x080031f8   Section        0  sxgui.o(i.SXGUI_CreateRoot)
    i.SXGUI_Init                             0x0800321c   Section        0  sxgui.o(i.SXGUI_Init)
    i.SXGUI_Interface                        0x08003230   Section        0  sxgui.o(i.SXGUI_Interface)
    i.SXGUI_Main                             0x08003278   Section        0  sxgui.o(i.SXGUI_Main)
    i.SXGUI_RootAddApp                       0x0800347c   Section        0  sxgui.o(i.SXGUI_RootAddApp)
    i.SXGUI_RootAddSubMenu                   0x080034a8   Section        0  sxgui.o(i.SXGUI_RootAddSubMenu)
    i.SX_MenuInit                            0x080034d4   Section        0  main.o(i.SX_MenuInit)
    i.Scan_Key                               0x08003668   Section        0  main.o(i.Scan_Key)
    i.SysTick_Handler                        0x080037a0   Section        0  stm32f4xx_it.o(i.SysTick_Handler)
    i.SystemClock_Config                     0x080037a4   Section        0  main.o(i.SystemClock_Config)
    i.SystemInit                             0x08003838   Section        0  system_stm32f4xx.o(i.SystemInit)
    i.UsageFault_Handler                     0x08003848   Section        0  stm32f4xx_it.o(i.UsageFault_Handler)
    i.Writer_Infor                           0x0800384c   Section        0  main.o(i.Writer_Infor)
    i.__0sprintf                             0x0800390c   Section        0  printfa.o(i.__0sprintf)
    i.__ARM_fpclassifyf                      0x08003934   Section        0  fpclassifyf.o(i.__ARM_fpclassifyf)
    i.__NVIC_SetPriority                     0x0800395a   Section        0  stm32f4xx_hal_cortex.o(i.__NVIC_SetPriority)
    __NVIC_SetPriority                       0x0800395b   Thumb Code    32  stm32f4xx_hal_cortex.o(i.__NVIC_SetPriority)
    i.__hardfp_powf                          0x0800397c   Section        0  powf.o(i.__hardfp_powf)
    i.__mathlib_flt_divzero                  0x08003fe0   Section        0  funder.o(i.__mathlib_flt_divzero)
    i.__mathlib_flt_infnan2                  0x08003ff4   Section        0  funder.o(i.__mathlib_flt_infnan2)
    i.__mathlib_flt_invalid                  0x08003ffc   Section        0  funder.o(i.__mathlib_flt_invalid)
    i.__mathlib_flt_overflow                 0x0800400c   Section        0  funder.o(i.__mathlib_flt_overflow)
    i.__mathlib_flt_underflow                0x0800401c   Section        0  funder.o(i.__mathlib_flt_underflow)
    i.__scatterload_copy                     0x0800402c   Section       14  handlers.o(i.__scatterload_copy)
    i.__scatterload_null                     0x0800403a   Section        2  handlers.o(i.__scatterload_null)
    i.__scatterload_zeroinit                 0x0800403c   Section       14  handlers.o(i.__scatterload_zeroinit)
    i.__set_errno                            0x0800404c   Section        0  errno.o(i.__set_errno)
    i._fp_digits                             0x08004058   Section        0  printfa.o(i._fp_digits)
    _fp_digits                               0x08004059   Thumb Code   366  printfa.o(i._fp_digits)
    i._printf_core                           0x080041dc   Section        0  printfa.o(i._printf_core)
    _printf_core                             0x080041dd   Thumb Code  1704  printfa.o(i._printf_core)
    i._printf_post_padding                   0x08004890   Section        0  printfa.o(i._printf_post_padding)
    _printf_post_padding                     0x08004891   Thumb Code    36  printfa.o(i._printf_post_padding)
    i._printf_pre_padding                    0x080048b4   Section        0  printfa.o(i._printf_pre_padding)
    _printf_pre_padding                      0x080048b5   Thumb Code    46  printfa.o(i._printf_pre_padding)
    i._sputc                                 0x080048e2   Section        0  printfa.o(i._sputc)
    _sputc                                   0x080048e3   Thumb Code    10  printfa.o(i._sputc)
    i.main                                   0x080048ec   Section        0  main.o(i.main)
    i.malloc                                 0x08004970   Section        0  malloc.o(i.malloc)
    .constdata                               0x080049dc   Section       16  system_stm32f4xx.o(.constdata)
    .constdata                               0x080049ec   Section      576  oled.o(.constdata)
    .constdata                               0x08004c2c   Section     1520  oled.o(.constdata)
    .constdata                               0x0800521c   Section      480  oled.o(.constdata)
    Font16                                   0x0800521c   Data         480  oled.o(.constdata)
    .constdata                               0x080053fc   Section      320  powf.o(.constdata)
    table                                    0x080053fc   Data         128  powf.o(.constdata)
    powersof2to1over16top                    0x0800547c   Data          64  powf.o(.constdata)
    powersof2to1over16bot                    0x080054bc   Data          64  powf.o(.constdata)
    powersof2to1over16all                    0x080054fc   Data          64  powf.o(.constdata)
    .conststring                             0x0800553c   Section       60  oled.o(.conststring)
    .data                                    0x20000000   Section       56  main.o(.data)
    flag                                     0x20000000   Data           1  main.o(.data)
    flag                                     0x20000001   Data           1  main.o(.data)
    CB                                       0x20000002   Data           1  main.o(.data)
    tick                                     0x20000004   Data           4  main.o(.data)
    i                                        0x20000008   Data           4  main.o(.data)
    tick                                     0x2000000c   Data           4  main.o(.data)
    i                                        0x20000010   Data           4  main.o(.data)
    tick                                     0x20000014   Data           4  main.o(.data)
    width                                    0x20000018   Data           4  main.o(.data)
    tick                                     0x2000001c   Data           4  main.o(.data)
    tick                                     0x20000020   Data           4  main.o(.data)
    tick                                     0x20000024   Data           4  main.o(.data)
    percent                                  0x20000028   Data           8  main.o(.data)
    Last                                     0x20000030   Data           8  main.o(.data)
    .data                                    0x20000038   Section       12  stm32f4xx_hal.o(.data)
    .data                                    0x20000044   Section        4  system_stm32f4xx.o(.data)
    .data                                    0x20000048   Section       28  sxgui.o(.data)
    Success_flag                             0x20000048   Data           1  sxgui.o(.data)
    RunApp                                   0x20000049   Data           1  sxgui.o(.data)
    Exit                                     0x2000004a   Data           1  sxgui.o(.data)
    init_flag                                0x2000004b   Data           1  sxgui.o(.data)
    option                                   0x2000004c   Data           4  sxgui.o(.data)
    tick                                     0x20000050   Data           4  sxgui.o(.data)
    .data                                    0x20000068   Section       48  graphics_api.o(.data)
    pid_tick                                 0x2000006c   Data           4  graphics_api.o(.data)
    integral                                 0x20000070   Data           8  graphics_api.o(.data)
    LastError                                0x20000078   Data           8  graphics_api.o(.data)
    L_integral                               0x20000080   Data           8  graphics_api.o(.data)
    L_LastError                              0x20000088   Data           8  graphics_api.o(.data)
    OUTPUT                                   0x20000090   Data           8  graphics_api.o(.data)
    .data                                    0x20000098   Section       68  oled.o(.data)
    Index                                    0x200000a0   Data          60  oled.o(.data)
    .data                                    0x200000dc   Section        4  mvars.o(.data)
    .data                                    0x200000e0   Section        4  mvars.o(.data)
    .data                                    0x200000e4   Section        4  errno.o(.data)
    _errno                                   0x200000e4   Data           4  errno.o(.data)
    .bss                                     0x200000e8   Section       16  main.o(.bss)
    ShakeFree                                0x200000e8   Data          16  main.o(.bss)
    .bss                                     0x200000f8   Section       88  spi.o(.bss)
    .bss                                     0x20000150   Section     1064  graphics_api.o(.bss)
    .bss                                     0x20000578   Section     3459  oled.o(.bss)
    HEAP                                     0x20001300   Section      512  startup_stm32f401xc.o(HEAP)
    STACK                                    0x20001500   Section     1024  startup_stm32f401xc.o(STACK)

    Global Symbols

    Symbol Name                              Value     Ov Type        Size  Object(Section)

    BuildAttributes$$THM_ISAv4$E$P$D$K$B$S$7EM$VFPi3$EXTD16$VFPS$VFMA$PE$A:L22UL41UL21$X:L11$S22US41US21$IEEE1$IW$USESV6$~STKCKD$USESV7$~SHL$OTIME$ROPI$IEEEX$EBA8$MICROLIB$REQ8$PRES8$EABIv2 0x00000000   Number         0  anon$$obj.o ABSOLUTE
    __ARM_use_no_argv                        0x00000000   Number         0  main.o ABSOLUTE
    _printf_a                                0x00000000   Number         0  stubs.o ABSOLUTE
    _printf_c                                0x00000000   Number         0  stubs.o ABSOLUTE
    _printf_charcount                        0x00000000   Number         0  stubs.o ABSOLUTE
    _printf_d                                0x00000000   Number         0  stubs.o ABSOLUTE
    _printf_e                                0x00000000   Number         0  stubs.o ABSOLUTE
    _printf_f                                0x00000000   Number         0  stubs.o ABSOLUTE
    _printf_flags                            0x00000000   Number         0  stubs.o ABSOLUTE
    _printf_fp_dec                           0x00000000   Number         0  stubs.o ABSOLUTE
    _printf_fp_hex                           0x00000000   Number         0  stubs.o ABSOLUTE
    _printf_g                                0x00000000   Number         0  stubs.o ABSOLUTE
    _printf_i                                0x00000000   Number         0  stubs.o ABSOLUTE
    _printf_int_dec                          0x00000000   Number         0  stubs.o ABSOLUTE
    _printf_l                                0x00000000   Number         0  stubs.o ABSOLUTE
    _printf_lc                               0x00000000   Number         0  stubs.o ABSOLUTE
    _printf_ll                               0x00000000   Number         0  stubs.o ABSOLUTE
    _printf_lld                              0x00000000   Number         0  stubs.o ABSOLUTE
    _printf_lli                              0x00000000   Number         0  stubs.o ABSOLUTE
    _printf_llo                              0x00000000   Number         0  stubs.o ABSOLUTE
    _printf_llu                              0x00000000   Number         0  stubs.o ABSOLUTE
    _printf_llx                              0x00000000   Number         0  stubs.o ABSOLUTE
    _printf_longlong_dec                     0x00000000   Number         0  stubs.o ABSOLUTE
    _printf_longlong_hex                     0x00000000   Number         0  stubs.o ABSOLUTE
    _printf_longlong_oct                     0x00000000   Number         0  stubs.o ABSOLUTE
    _printf_ls                               0x00000000   Number         0  stubs.o ABSOLUTE
    _printf_mbtowc                           0x00000000   Number         0  stubs.o ABSOLUTE
    _printf_n                                0x00000000   Number         0  stubs.o ABSOLUTE
    _printf_o                                0x00000000   Number         0  stubs.o ABSOLUTE
    _printf_p                                0x00000000   Number         0  stubs.o ABSOLUTE
    _printf_percent                          0x00000000   Number         0  stubs.o ABSOLUTE
    _printf_pre_padding                      0x00000000   Number         0  stubs.o ABSOLUTE
    _printf_return_value                     0x00000000   Number         0  stubs.o ABSOLUTE
    _printf_s                                0x00000000   Number         0  stubs.o ABSOLUTE
    _printf_sizespec                         0x00000000   Number         0  stubs.o ABSOLUTE
    _printf_str                              0x00000000   Number         0  stubs.o ABSOLUTE
    _printf_truncate_signed                  0x00000000   Number         0  stubs.o ABSOLUTE
    _printf_truncate_unsigned                0x00000000   Number         0  stubs.o ABSOLUTE
    _printf_u                                0x00000000   Number         0  stubs.o ABSOLUTE
    _printf_wc                               0x00000000   Number         0  stubs.o ABSOLUTE
    _printf_wctomb                           0x00000000   Number         0  stubs.o ABSOLUTE
    _printf_widthprec                        0x00000000   Number         0  stubs.o ABSOLUTE
    _printf_x                                0x00000000   Number         0  stubs.o ABSOLUTE
    __arm_fini_                               - Undefined Weak Reference
    __cpp_initialize__aeabi_                  - Undefined Weak Reference
    __cxa_finalize                            - Undefined Weak Reference
    __decompress                              - Undefined Weak Reference
    _clock_init                               - Undefined Weak Reference
    _microlib_exit                            - Undefined Weak Reference
    __Vectors_Size                           0x00000194   Number         0  startup_stm32f401xc.o ABSOLUTE
    __Vectors                                0x08000000   Data           4  startup_stm32f401xc.o(RESET)
    __Vectors_End                            0x08000194   Data           0  startup_stm32f401xc.o(RESET)
    __main                                   0x08000195   Thumb Code     0  entry.o(.ARM.Collect$$$$00000000)
    _main_stk                                0x08000195   Thumb Code     0  entry2.o(.ARM.Collect$$$$00000001)
    _main_scatterload                        0x08000199   Thumb Code     0  entry5.o(.ARM.Collect$$$$00000004)
    __main_after_scatterload                 0x0800019d   Thumb Code     0  entry5.o(.ARM.Collect$$$$00000004)
    _main_clock                              0x0800019d   Thumb Code     0  entry7b.o(.ARM.Collect$$$$00000008)
    _main_cpp_init                           0x0800019d   Thumb Code     0  entry8b.o(.ARM.Collect$$$$0000000A)
    _main_init                               0x0800019d   Thumb Code     0  entry9a.o(.ARM.Collect$$$$0000000B)
    __rt_lib_shutdown_fini                   0x080001a5   Thumb Code     0  entry12b.o(.ARM.Collect$$$$0000000E)
    __rt_final_cpp                           0x080001a9   Thumb Code     0  entry10a.o(.ARM.Collect$$$$0000000F)
    __rt_final_exit                          0x080001a9   Thumb Code     0  entry11a.o(.ARM.Collect$$$$00000011)
    Reset_Handler                            0x080001ad   Thumb Code     8  startup_stm32f401xc.o(.text)
    ADC_IRQHandler                           0x080001c7   Thumb Code     0  startup_stm32f401xc.o(.text)
    DMA1_Stream0_IRQHandler                  0x080001c7   Thumb Code     0  startup_stm32f401xc.o(.text)
    DMA1_Stream1_IRQHandler                  0x080001c7   Thumb Code     0  startup_stm32f401xc.o(.text)
    DMA1_Stream2_IRQHandler                  0x080001c7   Thumb Code     0  startup_stm32f401xc.o(.text)
    DMA1_Stream3_IRQHandler                  0x080001c7   Thumb Code     0  startup_stm32f401xc.o(.text)
    DMA1_Stream4_IRQHandler                  0x080001c7   Thumb Code     0  startup_stm32f401xc.o(.text)
    DMA1_Stream5_IRQHandler                  0x080001c7   Thumb Code     0  startup_stm32f401xc.o(.text)
    DMA1_Stream6_IRQHandler                  0x080001c7   Thumb Code     0  startup_stm32f401xc.o(.text)
    DMA1_Stream7_IRQHandler                  0x080001c7   Thumb Code     0  startup_stm32f401xc.o(.text)
    DMA2_Stream0_IRQHandler                  0x080001c7   Thumb Code     0  startup_stm32f401xc.o(.text)
    DMA2_Stream1_IRQHandler                  0x080001c7   Thumb Code     0  startup_stm32f401xc.o(.text)
    DMA2_Stream2_IRQHandler                  0x080001c7   Thumb Code     0  startup_stm32f401xc.o(.text)
    DMA2_Stream3_IRQHandler                  0x080001c7   Thumb Code     0  startup_stm32f401xc.o(.text)
    DMA2_Stream4_IRQHandler                  0x080001c7   Thumb Code     0  startup_stm32f401xc.o(.text)
    DMA2_Stream5_IRQHandler                  0x080001c7   Thumb Code     0  startup_stm32f401xc.o(.text)
    DMA2_Stream6_IRQHandler                  0x080001c7   Thumb Code     0  startup_stm32f401xc.o(.text)
    DMA2_Stream7_IRQHandler                  0x080001c7   Thumb Code     0  startup_stm32f401xc.o(.text)
    EXTI0_IRQHandler                         0x080001c7   Thumb Code     0  startup_stm32f401xc.o(.text)
    EXTI15_10_IRQHandler                     0x080001c7   Thumb Code     0  startup_stm32f401xc.o(.text)
    EXTI1_IRQHandler                         0x080001c7   Thumb Code     0  startup_stm32f401xc.o(.text)
    EXTI2_IRQHandler                         0x080001c7   Thumb Code     0  startup_stm32f401xc.o(.text)
    EXTI3_IRQHandler                         0x080001c7   Thumb Code     0  startup_stm32f401xc.o(.text)
    EXTI4_IRQHandler                         0x080001c7   Thumb Code     0  startup_stm32f401xc.o(.text)
    EXTI9_5_IRQHandler                       0x080001c7   Thumb Code     0  startup_stm32f401xc.o(.text)
    FLASH_IRQHandler                         0x080001c7   Thumb Code     0  startup_stm32f401xc.o(.text)
    FPU_IRQHandler                           0x080001c7   Thumb Code     0  startup_stm32f401xc.o(.text)
    I2C1_ER_IRQHandler                       0x080001c7   Thumb Code     0  startup_stm32f401xc.o(.text)
    I2C1_EV_IRQHandler                       0x080001c7   Thumb Code     0  startup_stm32f401xc.o(.text)
    I2C2_ER_IRQHandler                       0x080001c7   Thumb Code     0  startup_stm32f401xc.o(.text)
    I2C2_EV_IRQHandler                       0x080001c7   Thumb Code     0  startup_stm32f401xc.o(.text)
    I2C3_ER_IRQHandler                       0x080001c7   Thumb Code     0  startup_stm32f401xc.o(.text)
    I2C3_EV_IRQHandler                       0x080001c7   Thumb Code     0  startup_stm32f401xc.o(.text)
    OTG_FS_IRQHandler                        0x080001c7   Thumb Code     0  startup_stm32f401xc.o(.text)
    OTG_FS_WKUP_IRQHandler                   0x080001c7   Thumb Code     0  startup_stm32f401xc.o(.text)
    PVD_IRQHandler                           0x080001c7   Thumb Code     0  startup_stm32f401xc.o(.text)
    RCC_IRQHandler                           0x080001c7   Thumb Code     0  startup_stm32f401xc.o(.text)
    RTC_Alarm_IRQHandler                     0x080001c7   Thumb Code     0  startup_stm32f401xc.o(.text)
    RTC_WKUP_IRQHandler                      0x080001c7   Thumb Code     0  startup_stm32f401xc.o(.text)
    SDIO_IRQHandler                          0x080001c7   Thumb Code     0  startup_stm32f401xc.o(.text)
    SPI1_IRQHandler                          0x080001c7   Thumb Code     0  startup_stm32f401xc.o(.text)
    SPI2_IRQHandler                          0x080001c7   Thumb Code     0  startup_stm32f401xc.o(.text)
    SPI3_IRQHandler                          0x080001c7   Thumb Code     0  startup_stm32f401xc.o(.text)
    SPI4_IRQHandler                          0x080001c7   Thumb Code     0  startup_stm32f401xc.o(.text)
    TAMP_STAMP_IRQHandler                    0x080001c7   Thumb Code     0  startup_stm32f401xc.o(.text)
    TIM1_BRK_TIM9_IRQHandler                 0x080001c7   Thumb Code     0  startup_stm32f401xc.o(.text)
    TIM1_CC_IRQHandler                       0x080001c7   Thumb Code     0  startup_stm32f401xc.o(.text)
    TIM1_TRG_COM_TIM11_IRQHandler            0x080001c7   Thumb Code     0  startup_stm32f401xc.o(.text)
    TIM1_UP_TIM10_IRQHandler                 0x080001c7   Thumb Code     0  startup_stm32f401xc.o(.text)
    TIM2_IRQHandler                          0x080001c7   Thumb Code     0  startup_stm32f401xc.o(.text)
    TIM3_IRQHandler                          0x080001c7   Thumb Code     0  startup_stm32f401xc.o(.text)
    TIM4_IRQHandler                          0x080001c7   Thumb Code     0  startup_stm32f401xc.o(.text)
    TIM5_IRQHandler                          0x080001c7   Thumb Code     0  startup_stm32f401xc.o(.text)
    USART1_IRQHandler                        0x080001c7   Thumb Code     0  startup_stm32f401xc.o(.text)
    USART2_IRQHandler                        0x080001c7   Thumb Code     0  startup_stm32f401xc.o(.text)
    USART6_IRQHandler                        0x080001c7   Thumb Code     0  startup_stm32f401xc.o(.text)
    WWDG_IRQHandler                          0x080001c7   Thumb Code     0  startup_stm32f401xc.o(.text)
    __aeabi_uldivmod                         0x080001d1   Thumb Code    98  uldiv.o(.text)
    __aeabi_memset                           0x08000233   Thumb Code    14  memseta.o(.text)
    __aeabi_memset4                          0x08000233   Thumb Code     0  memseta.o(.text)
    __aeabi_memset8                          0x08000233   Thumb Code     0  memseta.o(.text)
    __aeabi_memclr                           0x08000241   Thumb Code     4  memseta.o(.text)
    __aeabi_memclr4                          0x08000241   Thumb Code     0  memseta.o(.text)
    __aeabi_memclr8                          0x08000241   Thumb Code     0  memseta.o(.text)
    _memset$wrapper                          0x08000245   Thumb Code    18  memseta.o(.text)
    memcmp                                   0x08000257   Thumb Code    26  memcmp.o(.text)
    __aeabi_dadd                             0x08000271   Thumb Code   322  dadd.o(.text)
    __aeabi_dsub                             0x080003b3   Thumb Code     6  dadd.o(.text)
    __aeabi_drsub                            0x080003b9   Thumb Code     6  dadd.o(.text)
    __aeabi_dmul                             0x080003bf   Thumb Code   228  dmul.o(.text)
    __aeabi_ddiv                             0x080004a3   Thumb Code   222  ddiv.o(.text)
    __aeabi_i2d                              0x08000581   Thumb Code    34  dflti.o(.text)
    __aeabi_d2iz                             0x080005a3   Thumb Code    62  dfixi.o(.text)
    __aeabi_cdrcmple                         0x080005e1   Thumb Code    48  cdrcmple.o(.text)
    __aeabi_uidiv                            0x08000611   Thumb Code     0  uidiv.o(.text)
    __aeabi_uidivmod                         0x08000611   Thumb Code    44  uidiv.o(.text)
    __aeabi_llsl                             0x0800063d   Thumb Code    30  llshl.o(.text)
    _ll_shift_l                              0x0800063d   Thumb Code     0  llshl.o(.text)
    __aeabi_llsr                             0x0800065b   Thumb Code    32  llushr.o(.text)
    _ll_ushift_r                             0x0800065b   Thumb Code     0  llushr.o(.text)
    __aeabi_lasr                             0x0800067b   Thumb Code    36  llsshr.o(.text)
    _ll_sshift_r                             0x0800067b   Thumb Code     0  llsshr.o(.text)
    __I$use$fp                               0x0800069f   Thumb Code     0  iusefp.o(.text)
    _double_round                            0x0800069f   Thumb Code    30  depilogue.o(.text)
    _double_epilogue                         0x080006bd   Thumb Code   156  depilogue.o(.text)
    __aeabi_d2ulz                            0x08000759   Thumb Code    48  dfixul.o(.text)
    __fp_status                              0x08000789   Thumb Code     4  fpstat.o(.text)
    __ieee_status                            0x08000789   Thumb Code     0  fpstat.o(.text)
    __scatterload                            0x0800078d   Thumb Code    28  init.o(.text)
    __scatterload_rt2                        0x0800078d   Thumb Code     0  init.o(.text)
    BusFault_Handler                         0x080007b1   Thumb Code     2  stm32f4xx_it.o(i.BusFault_Handler)
    Controls                                 0x080007b5   Thumb Code   112  main.o(i.Controls)
    DebugMon_Handler                         0x0800084d   Thumb Code     2  stm32f4xx_it.o(i.DebugMon_Handler)
    Draw_Line                                0x08000851   Thumb Code    82  main.o(i.Draw_Line)
    Draw_Round                               0x080008a9   Thumb Code   100  main.o(i.Draw_Round)
    Driver_Infor                             0x08000919   Thumb Code    20  main.o(i.Driver_Infor)
    Error_Handler                            0x08000941   Thumb Code     4  main.o(i.Error_Handler)
    GetStrLen                                0x08000945   Thumb Code    30  graphics_api.o(i.GetStrLen)
    Graphics_Bokeh                           0x08000965   Thumb Code    50  graphics_api.o(i.Graphics_Bokeh)
    Graphics_Check                           0x080009a1   Thumb Code    12  graphics_api.o(i.Graphics_Check)
    Graphics_Clear                           0x080009ad   Thumb Code     8  graphics_api.o(i.Graphics_Clear)
    Graphics_Display                         0x080009b9   Thumb Code    16  graphics_api.o(i.Graphics_Display)
    Graphics_DrawLine                        0x080009c9   Thumb Code   352  graphics_api.o(i.Graphics_DrawLine)
    Graphics_DrawPoint                       0x08000b31   Thumb Code     8  graphics_api.o(i.Graphics_DrawPoint)
    Graphics_DrawQuarterRound                0x08000b3d   Thumb Code   614  graphics_api.o(i.Graphics_DrawQuarterRound)
    Graphics_DrawRect                        0x08000da3   Thumb Code   158  graphics_api.o(i.Graphics_DrawRect)
    Graphics_DrawRound                       0x08000e41   Thumb Code   590  graphics_api.o(i.Graphics_DrawRound)
    Graphics_DrawRoundRect                   0x0800108f   Thumb Code   306  graphics_api.o(i.Graphics_DrawRoundRect)
    Graphics_GetTick                         0x080011c1   Thumb Code     4  graphics_api.o(i.Graphics_GetTick)
    Graphics_Infor                           0x080011c5   Thumb Code    20  main.o(i.Graphics_Infor)
    Graphics_Init                            0x080011f1   Thumb Code    16  graphics_api.o(i.Graphics_Init)
    Graphics_ListChoose                      0x08001201   Thumb Code   292  graphics_api.o(i.Graphics_ListChoose)
    Graphics_Mapping                         0x0800132d   Thumb Code    18  graphics_api.o(i.Graphics_Mapping)
    Graphics_PID                             0x08001341   Thumb Code   352  graphics_api.o(i.Graphics_PID)
    Graphics_ShowChar                        0x080014a9   Thumb Code    18  graphics_api.o(i.Graphics_ShowChar)
    Graphics_ShowList                        0x080014c1   Thumb Code   244  graphics_api.o(i.Graphics_ShowList)
    Graphics_ShowString                      0x080015b9   Thumb Code    96  graphics_api.o(i.Graphics_ShowString)
    Graphics_UpDateToGRAM                    0x08001619   Thumb Code    10  graphics_api.o(i.Graphics_UpDateToGRAM)
    HAL_Delay                                0x0800162d   Thumb Code    32  stm32f4xx_hal.o(i.HAL_Delay)
    HAL_GPIO_Init                            0x08001651   Thumb Code   446  stm32f4xx_hal_gpio.o(i.HAL_GPIO_Init)
    HAL_GPIO_ReadPin                         0x08001831   Thumb Code    10  stm32f4xx_hal_gpio.o(i.HAL_GPIO_ReadPin)
    HAL_GPIO_WritePin                        0x0800183b   Thumb Code    10  stm32f4xx_hal_gpio.o(i.HAL_GPIO_WritePin)
    HAL_GetTick                              0x08001845   Thumb Code     6  stm32f4xx_hal.o(i.HAL_GetTick)
    HAL_IncTick                              0x08001851   Thumb Code    12  stm32f4xx_hal.o(i.HAL_IncTick)
    HAL_Init                                 0x08001861   Thumb Code    48  stm32f4xx_hal.o(i.HAL_Init)
    HAL_InitTick                             0x08001895   Thumb Code    54  stm32f4xx_hal.o(i.HAL_InitTick)
    HAL_MspInit                              0x080018d5   Thumb Code    42  stm32f4xx_hal_msp.o(i.HAL_MspInit)
    HAL_NVIC_SetPriority                     0x08001905   Thumb Code    60  stm32f4xx_hal_cortex.o(i.HAL_NVIC_SetPriority)
    HAL_NVIC_SetPriorityGrouping             0x08001945   Thumb Code    26  stm32f4xx_hal_cortex.o(i.HAL_NVIC_SetPriorityGrouping)
    HAL_RCC_ClockConfig                      0x08001969   Thumb Code   288  stm32f4xx_hal_rcc.o(i.HAL_RCC_ClockConfig)
    HAL_RCC_GetSysClockFreq                  0x08001a9d   Thumb Code    88  stm32f4xx_hal_rcc.o(i.HAL_RCC_GetSysClockFreq)
    HAL_RCC_OscConfig                        0x08001afd   Thumb Code   856  stm32f4xx_hal_rcc.o(i.HAL_RCC_OscConfig)
    HAL_SPI_Init                             0x08001e69   Thumb Code   188  stm32f4xx_hal_spi.o(i.HAL_SPI_Init)
    HAL_SPI_MspInit                          0x08001f25   Thumb Code    92  spi.o(i.HAL_SPI_MspInit)
    HAL_SPI_Transmit                         0x08001f8d   Thumb Code   366  stm32f4xx_hal_spi.o(i.HAL_SPI_Transmit)
    HAL_SYSTICK_Config                       0x080020fb   Thumb Code    40  stm32f4xx_hal_cortex.o(i.HAL_SYSTICK_Config)
    HardFault_Handler                        0x08002123   Thumb Code     2  stm32f4xx_it.o(i.HardFault_Handler)
    Hub_Interface                            0x08002125   Thumb Code    68  main.o(i.Hub_Interface)
    Kernel_Infor                             0x08002169   Thumb Code    20  main.o(i.Kernel_Infor)
    MX_GPIO_Init                             0x08002189   Thumb Code   154  gpio.o(i.MX_GPIO_Init)
    MX_SPI1_Init                             0x08002231   Thumb Code    60  spi.o(i.MX_SPI1_Init)
    MemManage_Handler                        0x08002275   Thumb Code     2  stm32f4xx_it.o(i.MemManage_Handler)
    Message_Box                              0x08002279   Thumb Code   154  sxgui.o(i.Message_Box)
    NMI_Handler                              0x08002313   Thumb Code     2  stm32f4xx_it.o(i.NMI_Handler)
    OLED_Clear                               0x08002315   Thumb Code    56  oled.o(i.OLED_Clear)
    OLED_DrawPoint                           0x08002359   Thumb Code    70  oled.o(i.OLED_DrawPoint)
    OLED_DrawQuarterRound                    0x080023a5   Thumb Code   310  oled.o(i.OLED_DrawQuarterRound)
    OLED_GRAM_Transmit                       0x080024dd   Thumb Code     6  oled.o(i.OLED_GRAM_Transmit)
    OLED_Grating_Count                       0x080024e9   Thumb Code    42  oled.o(i.OLED_Grating_Count)
    OLED_Init                                0x08002519   Thumb Code   208  oled.o(i.OLED_Init)
    OLED_Negation                            0x080025ed   Thumb Code   330  oled.o(i.OLED_Negation)
    OLED_ShowBMP                             0x0800273d   Thumb Code   738  oled.o(i.OLED_ShowBMP)
    OLED_ShowChar                            0x08002a25   Thumb Code   872  oled.o(i.OLED_ShowChar)
    OLED_UpDateToGRAM                        0x08002d99   Thumb Code    40  oled.o(i.OLED_UpDateToGRAM)
    OLED_WR_CMD                              0x08002dc5   Thumb Code    48  oled.o(i.OLED_WR_CMD)
    OLED_WR_Data                             0x08002dfd   Thumb Code    52  oled.o(i.OLED_WR_Data)
    PID_Infor                                0x08002e39   Thumb Code   156  main.o(i.PID_Infor)
    PendSV_Handler                           0x08002f1d   Thumb Code     2  stm32f4xx_it.o(i.PendSV_Handler)
    Progress_Bar                             0x08002f1f   Thumb Code   124  sxgui.o(i.Progress_Bar)
    Round_Rect                               0x08002f9d   Thumb Code   196  main.o(i.Round_Rect)
    SVC_Handler                              0x08003189   Thumb Code     2  stm32f4xx_it.o(i.SVC_Handler)
    SXGUI_AddApp                             0x0800318b   Thumb Code    36  sxgui.o(i.SXGUI_AddApp)
    SXGUI_AddSubMenu                         0x080031af   Thumb Code    36  sxgui.o(i.SXGUI_AddSubMenu)
    SXGUI_CreateApp                          0x080031d3   Thumb Code    18  sxgui.o(i.SXGUI_CreateApp)
    SXGUI_CreateMenu                         0x080031e5   Thumb Code    18  sxgui.o(i.SXGUI_CreateMenu)
    SXGUI_CreateRoot                         0x080031f9   Thumb Code    32  sxgui.o(i.SXGUI_CreateRoot)
    SXGUI_Init                               0x0800321d   Thumb Code    14  sxgui.o(i.SXGUI_Init)
    SXGUI_Interface                          0x08003231   Thumb Code    70  sxgui.o(i.SXGUI_Interface)
    SXGUI_Main                               0x08003279   Thumb Code   512  sxgui.o(i.SXGUI_Main)
    SXGUI_RootAddApp                         0x0800347d   Thumb Code    40  sxgui.o(i.SXGUI_RootAddApp)
    SXGUI_RootAddSubMenu                     0x080034a9   Thumb Code    40  sxgui.o(i.SXGUI_RootAddSubMenu)
    SX_MenuInit                              0x080034d5   Thumb Code   206  main.o(i.SX_MenuInit)
    Scan_Key                                 0x08003669   Thumb Code   300  main.o(i.Scan_Key)
    SysTick_Handler                          0x080037a1   Thumb Code     4  stm32f4xx_it.o(i.SysTick_Handler)
    SystemClock_Config                       0x080037a5   Thumb Code   140  main.o(i.SystemClock_Config)
    SystemInit                               0x08003839   Thumb Code    12  system_stm32f4xx.o(i.SystemInit)
    UsageFault_Handler                       0x08003849   Thumb Code     2  stm32f4xx_it.o(i.UsageFault_Handler)
    Writer_Infor                             0x0800384d   Thumb Code    76  main.o(i.Writer_Infor)
    __0sprintf                               0x0800390d   Thumb Code    34  printfa.o(i.__0sprintf)
    __1sprintf                               0x0800390d   Thumb Code     0  printfa.o(i.__0sprintf)
    __2sprintf                               0x0800390d   Thumb Code     0  printfa.o(i.__0sprintf)
    __c89sprintf                             0x0800390d   Thumb Code     0  printfa.o(i.__0sprintf)
    sprintf                                  0x0800390d   Thumb Code     0  printfa.o(i.__0sprintf)
    __ARM_fpclassifyf                        0x08003935   Thumb Code    38  fpclassifyf.o(i.__ARM_fpclassifyf)
    __hardfp_powf                            0x0800397d   Thumb Code  1606  powf.o(i.__hardfp_powf)
    __mathlib_powf                           0x0800397d   Thumb Code     0  powf.o(i.__hardfp_powf)
    __mathlib_flt_divzero                    0x08003fe1   Thumb Code    14  funder.o(i.__mathlib_flt_divzero)
    __mathlib_flt_infnan2                    0x08003ff5   Thumb Code     6  funder.o(i.__mathlib_flt_infnan2)
    __mathlib_flt_invalid                    0x08003ffd   Thumb Code    10  funder.o(i.__mathlib_flt_invalid)
    __mathlib_flt_overflow                   0x0800400d   Thumb Code    10  funder.o(i.__mathlib_flt_overflow)
    __mathlib_flt_underflow                  0x0800401d   Thumb Code    10  funder.o(i.__mathlib_flt_underflow)
    __scatterload_copy                       0x0800402d   Thumb Code    14  handlers.o(i.__scatterload_copy)
    __scatterload_null                       0x0800403b   Thumb Code     2  handlers.o(i.__scatterload_null)
    __scatterload_zeroinit                   0x0800403d   Thumb Code    14  handlers.o(i.__scatterload_zeroinit)
    __set_errno                              0x0800404d   Thumb Code     6  errno.o(i.__set_errno)
    main                                     0x080048ed   Thumb Code    94  main.o(i.main)
    malloc                                   0x08004971   Thumb Code    92  malloc.o(i.malloc)
    AHBPrescTable                            0x080049dc   Data          16  system_stm32f4xx.o(.constdata)
    F6x8                                     0x080049ec   Data         576  oled.o(.constdata)
    F8x16                                    0x08004c2c   Data        1520  oled.o(.constdata)
    Region$$Table$$Base                      0x08005578   Number         0  anon$$obj.o(Region$$Table)
    Region$$Table$$Limit                     0x08005598   Number         0  anon$$obj.o(Region$$Table)
    uwTickFreq                               0x20000038   Data           1  stm32f4xx_hal.o(.data)
    uwTickPrio                               0x2000003c   Data           4  stm32f4xx_hal.o(.data)
    uwTick                                   0x20000040   Data           4  stm32f4xx_hal.o(.data)
    SystemCoreClock                          0x20000044   Data           4  system_stm32f4xx.o(.data)
    ROOT                                     0x20000054   Data           4  sxgui.o(.data)
    NowMenu                                  0x20000058   Data           4  sxgui.o(.data)
    MenuSelect                               0x2000005c   Data           4  sxgui.o(.data)
    AppSelect                                0x20000060   Data           4  sxgui.o(.data)
    Operate_Layer                            0x20000068   Data           1  graphics_api.o(.data)
    ASCII_Font                               0x20000098   Data           8  oled.o(.data)
    __microlib_freelist                      0x200000dc   Data           4  mvars.o(.data)
    __microlib_freelist_initialised          0x200000e0   Data           4  mvars.o(.data)
    hspi1                                    0x200000f8   Data          88  spi.o(.bss)
    Graphics_GRAM                            0x20000150   Data        1024  graphics_api.o(.bss)
    PID_Parameter                            0x20000550   Data          40  graphics_api.o(.bss)
    GRAM                                     0x20000578   Data        3459  oled.o(.bss)
    __heap_base                              0x20001300   Data           0  startup_stm32f401xc.o(HEAP)
    __heap_limit                             0x20001500   Data           0  startup_stm32f401xc.o(HEAP)
    __initial_sp                             0x20001900   Data           0  startup_stm32f401xc.o(STACK)



==============================================================================

Memory Map of the image

  Image Entry point : 0x08000195

  Load Region LR_IROM1 (Base: 0x08000000, Size: 0x00005680, Max: 0x00040000, ABSOLUTE)

    Execution Region ER_IROM1 (Exec base: 0x08000000, Load base: 0x08000000, Size: 0x00005598, Max: 0x00040000, ABSOLUTE)

    Exec Addr    Load Addr    Size         Type   Attr      Idx    E Section Name        Object

    0x08000000   0x08000000   0x00000194   Data   RO            3    RESET               startup_stm32f401xc.o
    0x08000194   0x08000194   0x00000000   Code   RO         2477  * .ARM.Collect$$$$00000000  mc_w.l(entry.o)
    0x08000194   0x08000194   0x00000004   Code   RO         2807    .ARM.Collect$$$$00000001  mc_w.l(entry2.o)
    0x08000198   0x08000198   0x00000004   Code   RO         2810    .ARM.Collect$$$$00000004  mc_w.l(entry5.o)
    0x0800019c   0x0800019c   0x00000000   Code   RO         2812    .ARM.Collect$$$$00000008  mc_w.l(entry7b.o)
    0x0800019c   0x0800019c   0x00000000   Code   RO         2814    .ARM.Collect$$$$0000000A  mc_w.l(entry8b.o)
    0x0800019c   0x0800019c   0x00000008   Code   RO         2815    .ARM.Collect$$$$0000000B  mc_w.l(entry9a.o)
    0x080001a4   0x080001a4   0x00000004   Code   RO         2822    .ARM.Collect$$$$0000000E  mc_w.l(entry12b.o)
    0x080001a8   0x080001a8   0x00000000   Code   RO         2817    .ARM.Collect$$$$0000000F  mc_w.l(entry10a.o)
    0x080001a8   0x080001a8   0x00000000   Code   RO         2819    .ARM.Collect$$$$00000011  mc_w.l(entry11a.o)
    0x080001a8   0x080001a8   0x00000004   Code   RO         2808    .ARM.Collect$$$$00002712  mc_w.l(entry2.o)
    0x080001ac   0x080001ac   0x00000024   Code   RO            4    .text               startup_stm32f401xc.o
    0x080001d0   0x080001d0   0x00000062   Code   RO         2480    .text               mc_w.l(uldiv.o)
    0x08000232   0x08000232   0x00000024   Code   RO         2484    .text               mc_w.l(memseta.o)
    0x08000256   0x08000256   0x0000001a   Code   RO         2486    .text               mc_w.l(memcmp.o)
    0x08000270   0x08000270   0x0000014e   Code   RO         2779    .text               mf_w.l(dadd.o)
    0x080003be   0x080003be   0x000000e4   Code   RO         2781    .text               mf_w.l(dmul.o)
    0x080004a2   0x080004a2   0x000000de   Code   RO         2783    .text               mf_w.l(ddiv.o)
    0x08000580   0x08000580   0x00000022   Code   RO         2785    .text               mf_w.l(dflti.o)
    0x080005a2   0x080005a2   0x0000003e   Code   RO         2787    .text               mf_w.l(dfixi.o)
    0x080005e0   0x080005e0   0x00000030   Code   RO         2789    .text               mf_w.l(cdrcmple.o)
    0x08000610   0x08000610   0x0000002c   Code   RO         2826    .text               mc_w.l(uidiv.o)
    0x0800063c   0x0800063c   0x0000001e   Code   RO         2828    .text               mc_w.l(llshl.o)
    0x0800065a   0x0800065a   0x00000020   Code   RO         2830    .text               mc_w.l(llushr.o)
    0x0800067a   0x0800067a   0x00000024   Code   RO         2832    .text               mc_w.l(llsshr.o)
    0x0800069e   0x0800069e   0x00000000   Code   RO         2843    .text               mc_w.l(iusefp.o)
    0x0800069e   0x0800069e   0x000000ba   Code   RO         2844    .text               mf_w.l(depilogue.o)
    0x08000758   0x08000758   0x00000030   Code   RO         2846    .text               mf_w.l(dfixul.o)
    0x08000788   0x08000788   0x00000004   Code   RO         2848    .text               mf_w.l(fpstat.o)
    0x0800078c   0x0800078c   0x00000024   Code   RO         2850    .text               mc_w.l(init.o)
    0x080007b0   0x080007b0   0x00000002   Code   RO          394    i.BusFault_Handler  stm32f4xx_it.o
    0x080007b2   0x080007b2   0x00000002   PAD
    0x080007b4   0x080007b4   0x00000098   Code   RO           13    i.Controls          main.o
    0x0800084c   0x0800084c   0x00000002   Code   RO          395    i.DebugMon_Handler  stm32f4xx_it.o
    0x0800084e   0x0800084e   0x00000002   PAD
    0x08000850   0x08000850   0x00000058   Code   RO           14    i.Draw_Line         main.o
    0x080008a8   0x080008a8   0x00000070   Code   RO           15    i.Draw_Round        main.o
    0x08000918   0x08000918   0x00000028   Code   RO           16    i.Driver_Infor      main.o
    0x08000940   0x08000940   0x00000004   Code   RO           17    i.Error_Handler     main.o
    0x08000944   0x08000944   0x0000001e   Code   RO         2186    i.GetStrLen         graphics_api.o
    0x08000962   0x08000962   0x00000002   PAD
    0x08000964   0x08000964   0x0000003c   Code   RO         2187    i.Graphics_Bokeh    graphics_api.o
    0x080009a0   0x080009a0   0x0000000c   Code   RO         2188    i.Graphics_Check    graphics_api.o
    0x080009ac   0x080009ac   0x0000000c   Code   RO         2189    i.Graphics_Clear    graphics_api.o
    0x080009b8   0x080009b8   0x00000010   Code   RO         2190    i.Graphics_Display  graphics_api.o
    0x080009c8   0x080009c8   0x00000168   Code   RO         2191    i.Graphics_DrawLine  graphics_api.o
    0x08000b30   0x08000b30   0x0000000c   Code   RO         2192    i.Graphics_DrawPoint  graphics_api.o
    0x08000b3c   0x08000b3c   0x00000266   Code   RO         2193    i.Graphics_DrawQuarterRound  graphics_api.o
    0x08000da2   0x08000da2   0x0000009e   Code   RO         2194    i.Graphics_DrawRect  graphics_api.o
    0x08000e40   0x08000e40   0x0000024e   Code   RO         2195    i.Graphics_DrawRound  graphics_api.o
    0x0800108e   0x0800108e   0x00000132   Code   RO         2196    i.Graphics_DrawRoundRect  graphics_api.o
    0x080011c0   0x080011c0   0x00000004   Code   RO         2198    i.Graphics_GetTick  graphics_api.o
    0x080011c4   0x080011c4   0x0000002c   Code   RO           18    i.Graphics_Infor    main.o
    0x080011f0   0x080011f0   0x00000010   Code   RO         2200    i.Graphics_Init     graphics_api.o
    0x08001200   0x08001200   0x0000012c   Code   RO         2201    i.Graphics_ListChoose  graphics_api.o
    0x0800132c   0x0800132c   0x00000012   Code   RO         2202    i.Graphics_Mapping  graphics_api.o
    0x0800133e   0x0800133e   0x00000002   PAD
    0x08001340   0x08001340   0x00000168   Code   RO         2203    i.Graphics_PID      graphics_api.o
    0x080014a8   0x080014a8   0x00000018   Code   RO         2205    i.Graphics_ShowChar  graphics_api.o
    0x080014c0   0x080014c0   0x000000f8   Code   RO         2206    i.Graphics_ShowList  graphics_api.o
    0x080015b8   0x080015b8   0x00000060   Code   RO         2207    i.Graphics_ShowString  graphics_api.o
    0x08001618   0x08001618   0x00000014   Code   RO         2208    i.Graphics_UpDateToGRAM  graphics_api.o
    0x0800162c   0x0800162c   0x00000024   Code   RO         1750    i.HAL_Delay         stm32f4xx_hal.o
    0x08001650   0x08001650   0x000001e0   Code   RO         1194    i.HAL_GPIO_Init     stm32f4xx_hal_gpio.o
    0x08001830   0x08001830   0x0000000a   Code   RO         1196    i.HAL_GPIO_ReadPin  stm32f4xx_hal_gpio.o
    0x0800183a   0x0800183a   0x0000000a   Code   RO         1198    i.HAL_GPIO_WritePin  stm32f4xx_hal_gpio.o
    0x08001844   0x08001844   0x0000000c   Code   RO         1756    i.HAL_GetTick       stm32f4xx_hal.o
    0x08001850   0x08001850   0x00000010   Code   RO         1762    i.HAL_IncTick       stm32f4xx_hal.o
    0x08001860   0x08001860   0x00000034   Code   RO         1763    i.HAL_Init          stm32f4xx_hal.o
    0x08001894   0x08001894   0x00000040   Code   RO         1764    i.HAL_InitTick      stm32f4xx_hal.o
    0x080018d4   0x080018d4   0x00000030   Code   RO          469    i.HAL_MspInit       stm32f4xx_hal_msp.o
    0x08001904   0x08001904   0x00000040   Code   RO         1614    i.HAL_NVIC_SetPriority  stm32f4xx_hal_cortex.o
    0x08001944   0x08001944   0x00000024   Code   RO         1615    i.HAL_NVIC_SetPriorityGrouping  stm32f4xx_hal_cortex.o
    0x08001968   0x08001968   0x00000134   Code   RO          816    i.HAL_RCC_ClockConfig  stm32f4xx_hal_rcc.o
    0x08001a9c   0x08001a9c   0x00000060   Code   RO          825    i.HAL_RCC_GetSysClockFreq  stm32f4xx_hal_rcc.o
    0x08001afc   0x08001afc   0x0000036c   Code   RO          828    i.HAL_RCC_OscConfig  stm32f4xx_hal_rcc.o
    0x08001e68   0x08001e68   0x000000bc   Code   RO          504    i.HAL_SPI_Init      stm32f4xx_hal_spi.o
    0x08001f24   0x08001f24   0x00000068   Code   RO          353    i.HAL_SPI_MspInit   spi.o
    0x08001f8c   0x08001f8c   0x0000016e   Code   RO          512    i.HAL_SPI_Transmit  stm32f4xx_hal_spi.o
    0x080020fa   0x080020fa   0x00000028   Code   RO         1619    i.HAL_SYSTICK_Config  stm32f4xx_hal_cortex.o
    0x08002122   0x08002122   0x00000002   Code   RO          396    i.HardFault_Handler  stm32f4xx_it.o
    0x08002124   0x08002124   0x00000044   Code   RO           19    i.Hub_Interface     main.o
    0x08002168   0x08002168   0x00000020   Code   RO           20    i.Kernel_Infor      main.o
    0x08002188   0x08002188   0x000000a8   Code   RO          241    i.MX_GPIO_Init      gpio.o
    0x08002230   0x08002230   0x00000044   Code   RO          354    i.MX_SPI1_Init      spi.o
    0x08002274   0x08002274   0x00000002   Code   RO          397    i.MemManage_Handler  stm32f4xx_it.o
    0x08002276   0x08002276   0x00000002   PAD
    0x08002278   0x08002278   0x0000009a   Code   RO         2075    i.Message_Box       sxgui.o
    0x08002312   0x08002312   0x00000002   Code   RO          398    i.NMI_Handler       stm32f4xx_it.o
    0x08002314   0x08002314   0x00000044   Code   RO         2348    i.OLED_Clear        oled.o
    0x08002358   0x08002358   0x0000004c   Code   RO         2349    i.OLED_DrawPoint    oled.o
    0x080023a4   0x080023a4   0x00000136   Code   RO         2350    i.OLED_DrawQuarterRound  oled.o
    0x080024da   0x080024da   0x00000002   PAD
    0x080024dc   0x080024dc   0x0000000c   Code   RO         2351    i.OLED_GRAM_Transmit  oled.o
    0x080024e8   0x080024e8   0x00000030   Code   RO         2353    i.OLED_Grating_Count  oled.o
    0x08002518   0x08002518   0x000000d4   Code   RO         2354    i.OLED_Init         oled.o
    0x080025ec   0x080025ec   0x00000150   Code   RO         2355    i.OLED_Negation     oled.o
    0x0800273c   0x0800273c   0x000002e8   Code   RO         2356    i.OLED_ShowBMP      oled.o
    0x08002a24   0x08002a24   0x00000374   Code   RO         2357    i.OLED_ShowChar     oled.o
    0x08002d98   0x08002d98   0x0000002c   Code   RO         2358    i.OLED_UpDateToGRAM  oled.o
    0x08002dc4   0x08002dc4   0x00000038   Code   RO         2359    i.OLED_WR_CMD       oled.o
    0x08002dfc   0x08002dfc   0x0000003c   Code   RO         2360    i.OLED_WR_Data      oled.o
    0x08002e38   0x08002e38   0x000000e4   Code   RO           21    i.PID_Infor         main.o
    0x08002f1c   0x08002f1c   0x00000002   Code   RO          399    i.PendSV_Handler    stm32f4xx_it.o
    0x08002f1e   0x08002f1e   0x0000007c   Code   RO         2076    i.Progress_Bar      sxgui.o
    0x08002f9a   0x08002f9a   0x00000002   PAD
    0x08002f9c   0x08002f9c   0x000000c8   Code   RO           22    i.Round_Rect        main.o
    0x08003064   0x08003064   0x0000006c   Code   RO          542    i.SPI_EndRxTxTransaction  stm32f4xx_hal_spi.o
    0x080030d0   0x080030d0   0x000000b8   Code   RO          547    i.SPI_WaitFlagStateUntilTimeout  stm32f4xx_hal_spi.o
    0x08003188   0x08003188   0x00000002   Code   RO          400    i.SVC_Handler       stm32f4xx_it.o
    0x0800318a   0x0800318a   0x00000024   Code   RO         2077    i.SXGUI_AddApp      sxgui.o
    0x080031ae   0x080031ae   0x00000024   Code   RO         2078    i.SXGUI_AddSubMenu  sxgui.o
    0x080031d2   0x080031d2   0x00000012   Code   RO         2079    i.SXGUI_CreateApp   sxgui.o
    0x080031e4   0x080031e4   0x00000012   Code   RO         2080    i.SXGUI_CreateMenu  sxgui.o
    0x080031f6   0x080031f6   0x00000002   PAD
    0x080031f8   0x080031f8   0x00000024   Code   RO         2081    i.SXGUI_CreateRoot  sxgui.o
    0x0800321c   0x0800321c   0x00000014   Code   RO         2085    i.SXGUI_Init        sxgui.o
    0x08003230   0x08003230   0x00000046   Code   RO         2086    i.SXGUI_Interface   sxgui.o
    0x08003276   0x08003276   0x00000002   PAD
    0x08003278   0x08003278   0x00000204   Code   RO         2087    i.SXGUI_Main        sxgui.o
    0x0800347c   0x0800347c   0x0000002c   Code   RO         2088    i.SXGUI_RootAddApp  sxgui.o
    0x080034a8   0x080034a8   0x0000002c   Code   RO         2089    i.SXGUI_RootAddSubMenu  sxgui.o
    0x080034d4   0x080034d4   0x00000194   Code   RO           23    i.SX_MenuInit       main.o
    0x08003668   0x08003668   0x00000138   Code   RO           24    i.Scan_Key          main.o
    0x080037a0   0x080037a0   0x00000004   Code   RO          401    i.SysTick_Handler   stm32f4xx_it.o
    0x080037a4   0x080037a4   0x00000094   Code   RO           25    i.SystemClock_Config  main.o
    0x08003838   0x08003838   0x00000010   Code   RO         2038    i.SystemInit        system_stm32f4xx.o
    0x08003848   0x08003848   0x00000002   Code   RO          402    i.UsageFault_Handler  stm32f4xx_it.o
    0x0800384a   0x0800384a   0x00000002   PAD
    0x0800384c   0x0800384c   0x000000c0   Code   RO           26    i.Writer_Infor      main.o
    0x0800390c   0x0800390c   0x00000028   Code   RO         2725    i.__0sprintf        mc_w.l(printfa.o)
    0x08003934   0x08003934   0x00000026   Code   RO         2791    i.__ARM_fpclassifyf  m_wm.l(fpclassifyf.o)
    0x0800395a   0x0800395a   0x00000020   Code   RO         1621    i.__NVIC_SetPriority  stm32f4xx_hal_cortex.o
    0x0800397a   0x0800397a   0x00000002   PAD
    0x0800397c   0x0800397c   0x00000664   Code   RO         2463    i.__hardfp_powf     m_wm.l(powf.o)
    0x08003fe0   0x08003fe0   0x00000014   Code   RO         2793    i.__mathlib_flt_divzero  m_wm.l(funder.o)
    0x08003ff4   0x08003ff4   0x00000006   Code   RO         2795    i.__mathlib_flt_infnan2  m_wm.l(funder.o)
    0x08003ffa   0x08003ffa   0x00000002   PAD
    0x08003ffc   0x08003ffc   0x00000010   Code   RO         2796    i.__mathlib_flt_invalid  m_wm.l(funder.o)
    0x0800400c   0x0800400c   0x00000010   Code   RO         2797    i.__mathlib_flt_overflow  m_wm.l(funder.o)
    0x0800401c   0x0800401c   0x00000010   Code   RO         2799    i.__mathlib_flt_underflow  m_wm.l(funder.o)
    0x0800402c   0x0800402c   0x0000000e   Code   RO         2856    i.__scatterload_copy  mc_w.l(handlers.o)
    0x0800403a   0x0800403a   0x00000002   Code   RO         2857    i.__scatterload_null  mc_w.l(handlers.o)
    0x0800403c   0x0800403c   0x0000000e   Code   RO         2858    i.__scatterload_zeroinit  mc_w.l(handlers.o)
    0x0800404a   0x0800404a   0x00000002   PAD
    0x0800404c   0x0800404c   0x0000000c   Code   RO         2838    i.__set_errno       mc_w.l(errno.o)
    0x08004058   0x08004058   0x00000184   Code   RO         2730    i._fp_digits        mc_w.l(printfa.o)
    0x080041dc   0x080041dc   0x000006b4   Code   RO         2731    i._printf_core      mc_w.l(printfa.o)
    0x08004890   0x08004890   0x00000024   Code   RO         2732    i._printf_post_padding  mc_w.l(printfa.o)
    0x080048b4   0x080048b4   0x0000002e   Code   RO         2733    i._printf_pre_padding  mc_w.l(printfa.o)
    0x080048e2   0x080048e2   0x0000000a   Code   RO         2735    i._sputc            mc_w.l(printfa.o)
    0x080048ec   0x080048ec   0x00000084   Code   RO           27    i.main              main.o
    0x08004970   0x08004970   0x0000006c   Code   RO         2752    i.malloc            mc_w.l(malloc.o)
    0x080049dc   0x080049dc   0x00000010   Data   RO         2039    .constdata          system_stm32f4xx.o
    0x080049ec   0x080049ec   0x00000240   Data   RO         2362    .constdata          oled.o
    0x08004c2c   0x08004c2c   0x000005f0   Data   RO         2363    .constdata          oled.o
    0x0800521c   0x0800521c   0x000001e0   Data   RO         2364    .constdata          oled.o
    0x080053fc   0x080053fc   0x00000140   Data   RO         2466    .constdata          m_wm.l(powf.o)
    0x0800553c   0x0800553c   0x0000003c   Data   RO         2365    .conststring        oled.o
    0x08005578   0x08005578   0x00000020   Data   RO         2854    Region$$Table       anon$$obj.o


    Execution Region RW_IRAM1 (Exec base: 0x20000000, Load base: 0x08005598, Size: 0x00001900, Max: 0x00010000, ABSOLUTE)

    Exec Addr    Load Addr    Size         Type   Attr      Idx    E Section Name        Object

    0x20000000   0x08005598   0x00000038   Data   RW           29    .data               main.o
    0x20000038   0x080055d0   0x0000000c   Data   RW         1770    .data               stm32f4xx_hal.o
    0x20000044   0x080055dc   0x00000004   Data   RW         2041    .data               system_stm32f4xx.o
    0x20000048   0x080055e0   0x0000001c   Data   RW         2090    .data               sxgui.o
    0x20000064   0x080055fc   0x00000004   PAD
    0x20000068   0x08005600   0x00000030   Data   RW         2210    .data               graphics_api.o
    0x20000098   0x08005630   0x00000044   Data   RW         2366    .data               oled.o
    0x200000dc   0x08005674   0x00000004   Data   RW         2834    .data               mc_w.l(mvars.o)
    0x200000e0   0x08005678   0x00000004   Data   RW         2835    .data               mc_w.l(mvars.o)
    0x200000e4   0x0800567c   0x00000004   Data   RW         2839    .data               mc_w.l(errno.o)
    0x200000e8        -       0x00000010   Zero   RW           28    .bss                main.o
    0x200000f8        -       0x00000058   Zero   RW          355    .bss                spi.o
    0x20000150        -       0x00000428   Zero   RW         2209    .bss                graphics_api.o
    0x20000578        -       0x00000d83   Zero   RW         2361    .bss                oled.o
    0x200012fb   0x08005680   0x00000005   PAD
    0x20001300        -       0x00000200   Zero   RW            2    HEAP                startup_stm32f401xc.o
    0x20001500        -       0x00000400   Zero   RW            1    STACK               startup_stm32f401xc.o


==============================================================================

Image component sizes


      Code (inc. data)   RO Data    RW Data    ZI Data      Debug   Object Name

       168         14          0          0          0     377763   gpio.o
      3256         62          0         48       1064      19398   graphics_api.o
      2156        562          0         56         16      62468   main.o
      2850         78       2636         68       3459      12523   oled.o
       172         20          0          0         88       1669   spi.o
        36          8        404          0       1536        832   startup_stm32f401xc.o
       180         28          0         12          0       9229   stm32f4xx_hal.o
       172         14          0          0          0      33098   stm32f4xx_hal_cortex.o
       500         34          0          0          0       2811   stm32f4xx_hal_gpio.o
        48          6          0          0          0        846   stm32f4xx_hal_msp.o
      1280         48          0          0          0       4026   stm32f4xx_hal_rcc.o
       846         14          0          0          0       4598   stm32f4xx_hal_spi.o
        20          0          0          0          0       4118   stm32f4xx_it.o
      1116         22          0         28          0      10433   sxgui.o
        16          4         16          4          0       1115   system_stm32f4xx.o

    ----------------------------------------------------------------------
     12838        914       3088        220       6168     544927   Object Totals
         0          0         32          0          0          0   (incl. Generated)
        22          0          0          4          5          0   (incl. Padding)

    ----------------------------------------------------------------------

      Code (inc. data)   RO Data    RW Data    ZI Data      Debug   Library Member Name

        38          0          0          0          0        116   fpclassifyf.o
        74         24          0          0          0        580   funder.o
      1636        110        320          0          0        372   powf.o
         0          0          0          0          0          0   entry.o
         0          0          0          0          0          0   entry10a.o
         0          0          0          0          0          0   entry11a.o
         4          0          0          0          0          0   entry12b.o
         8          4          0          0          0          0   entry2.o
         4          0          0          0          0          0   entry5.o
         0          0          0          0          0          0   entry7b.o
         0          0          0          0          0          0   entry8b.o
         8          4          0          0          0          0   entry9a.o
        12          6          0          4          0         68   errno.o
        30          0          0          0          0          0   handlers.o
        36          8          0          0          0         68   init.o
         0          0          0          0          0          0   iusefp.o
        30          0          0          0          0         68   llshl.o
        36          0          0          0          0         68   llsshr.o
        32          0          0          0          0         68   llushr.o
       108         16          0          0          0         84   malloc.o
        26          0          0          0          0         80   memcmp.o
        36          0          0          0          0        108   memseta.o
         0          0          0          8          0          0   mvars.o
      2236         86          0          0          0        532   printfa.o
        44          0          0          0          0         80   uidiv.o
        98          0          0          0          0         92   uldiv.o
        48          0          0          0          0         68   cdrcmple.o
       334          0          0          0          0        148   dadd.o
       222          0          0          0          0        100   ddiv.o
       186          0          0          0          0        176   depilogue.o
        62          0          0          0          0         80   dfixi.o
        48          0          0          0          0         68   dfixul.o
        34          0          0          0          0         76   dflti.o
       228          0          0          0          0         96   dmul.o
         4          0          0          0          0         68   fpstat.o

    ----------------------------------------------------------------------
      5666        258        320         12          0       3264   Library Totals
         4          0          0          0          0          0   (incl. Padding)

    ----------------------------------------------------------------------

      Code (inc. data)   RO Data    RW Data    ZI Data      Debug   Library Name

      1748        134        320          0          0       1068   m_wm.l
      2748        124          0         12          0       1316   mc_w.l
      1166          0          0          0          0        880   mf_w.l

    ----------------------------------------------------------------------
      5666        258        320         12          0       3264   Library Totals

    ----------------------------------------------------------------------

==============================================================================


      Code (inc. data)   RO Data    RW Data    ZI Data      Debug   

     18504       1172       3408        232       6168     538051   Grand Totals
     18504       1172       3408        232       6168     538051   ELF Image Totals
     18504       1172       3408        232          0          0   ROM Totals

==============================================================================

    Total RO  Size (Code + RO Data)                21912 (  21.40kB)
    Total RW  Size (RW Data + ZI Data)              6400 (   6.25kB)
    Total ROM Size (Code + RO Data + RW Data)      22144 (  21.63kB)

==============================================================================

